<html>
<body>
<pre>
<h1>礦ision Build Log</h1>
<h2>Tool Versions:</h2>
IDE-Version: μVision V5.21.1.0
Copyright (C) 2016 ARM Ltd and ARM Germany GmbH. All rights reserved.
License Information: LEE Microsoft, Microsoft, LIC=EPPDY-IIQSQ-PGK7L-0J2Z0-P21W3-CQLMX
 
Tool Versions:
Toolchain:       MDK-ARM Professional  Version: 5.21a
Toolchain Path:  C:\Keil_v5\ARM\ARMCC\Bin
C Compiler:      Armcc.exe V5.06 update 3 (build 300)
Assembler:       Armasm.exe V5.06 update 3 (build 300)
Linker/Locator:  ArmLink.exe V5.06 update 3 (build 300)
Library Manager: ArmAr.exe V5.06 update 3 (build 300)
Hex Converter:   FromElf.exe V5.06 update 3 (build 300)
CPU DLL:         SARMCM3.DLL V5.21a
Dialog DLL:      DARMSTM.DLL V1.66.0.1
Target DLL:      Segger\JL2CM3.dll V2.99.13.0
Dialog DLL:        TARMSTM.DLL   
 
<h2>Project:</h2>
E:\FreeRTOS实验4-3 FreeRTOS任务挂起和恢复实验\USER\FreeRTOS.uvprojx
Project File Date:  03/10/2018

<h2>Output:</h2>
*** Using Compiler 'V5.06 update 3 (build 300)', folder: 'C:\Keil_v5\ARM\ARMCC\Bin'
Rebuild target 'FreeRTOS'
compiling timer.c...
compiling stm32f10x_it.c...
compiling led.c...
compiling system_stm32f10x.c...
compiling exti.c...
compiling main.c...
main.c(223): warning:  #167-D: argument of type "char *" is incompatible with parameter of type "u8 *"
  			sim800c_send_cmd(out_heartbeat,"",100);
main.c(152): warning:  #550-D: variable "sim_ready" was set but never used
  	u8 sim_ready=0;
main.c: 2 warnings, 0 errors
compiling key.c...
compiling motor.c...
compiling hx711_left.c...
compiling lcd.c...
compiling sim800c.c...
..\HARDWARE\SIM800C\sim800c.c(37): warning:  #177-D: variable "k" was declared but never referenced
  	int k = 1;
..\HARDWARE\SIM800C\sim800c.c: 1 warning, 0 errors
compiling hx711.c...
compiling usart2.c...
assembling startup_stm32f10x_hd.s...
compiling hx711_right.c...
compiling misc.c...
compiling usart.c...
compiling delay.c...
compiling stm32f10x_gpio.c...
compiling sys.c...
compiling core_cm3.c...
compiling stm32f10x_exti.c...
compiling stm32f10x_dma.c...
compiling stm32f10x_usart.c...
compiling stm32f10x_rcc.c...
compiling stm32f10x_tim.c...
compiling croutine.c...
compiling list.c...
compiling event_groups.c...
compiling timers.c...
compiling queue.c...
compiling jansson_config.c...
compiling tasks.c...
compiling port.c...
compiling heap_4.c...
compiling malloc.c...
linking...
Program Size: Code=40228 RO-data=616 RW-data=248 ZI-data=27672  
FromELF: creating hex file...
"..\OBJ\LED.axf" - 0 Error(s), 3 Warning(s).

<h2>Software Packages used:</h2>

Package Vendor: Keil
                http://www.keil.com/pack/Keil.Jansson.1.0.0.pack
                Keil::Data Exchange:JSON:Jansson:2.7.0
                Jansson is a C library for encoding, decoding and manipulating JSON data
   * Component: Jansson Version: 2.7.0

<h2>Collection of Component include folders:</h2>
  E:\FreeRTOS实验4-3 FreeRTOS任务挂起和恢复实验\USER\RTE
  C:\Keil_v5\ARM\PACK\Keil\Jansson\1.0.0\src
  C:\Keil_v5\ARM\PACK\Keil\STM32F1xx_DFP\1.0.5\Device\Include

<h2>Collection of Component Files used:</h2>

   * Component: Keil::Data Exchange:JSON:Jansson:2.7.0
      Include file:  src\jansson.h
      Source file:   src\jansson_config.c
      Library file:  lib\jansson_CM3LE.lib
Build Time Elapsed:  00:00:06
</pre>
</body>
</html>
