Component: ARM Compiler 5.06 update 3 (build 300) Tool: armlink [4d35c9]

==============================================================================

Section Cross References

    main.o(.text) refers to hx711.o(.text) for HX711_Read
    main.o(.text) refers to hx711_left.o(.text) for HX711_Read_Left
    main.o(.text) refers to hx711_right.o(.text) for HX711_Read_Right
    main.o(.text) refers to ffltui.o(.text) for __aeabi_ui2f
    main.o(.text) refers to delay.o(.text) for delay_ms
    main.o(.text) refers to wave.o(.text) for Wave_SRD_Strat
    main.o(.text) refers to sim800c.o(.text) for sim_touchuan_recv
    main.o(.text) refers to fadd.o(.text) for __aeabi_fsub
    main.o(.text) refers to f2d.o(.text) for __aeabi_f2d
    main.o(.text) refers to ddiv.o(.text) for __aeabi_ddiv
    main.o(.text) refers to d2f.o(.text) for __aeabi_d2f
    main.o(.text) refers to tasks.o(.text) for vTaskDelay
    main.o(.text) refers to motor.o(.text) for JudegTrash
    main.o(.text) refers to printfa.o(i.__0printf) for __2printf
    main.o(.text) refers to pack_unpack.o(i.json_pack) for json_pack
    main.o(.text) refers to dump.o(i.json_dumps) for json_dumps
    main.o(.text) refers to ffixl.o(.text) for __aeabi_f2lz
    main.o(.text) refers to value.o(i.json_integer) for json_integer
    main.o(.text) refers to value.o(i.json_object_set_new) for json_object_set_new
    main.o(.text) refers to malloc.o(i.free) for free
    main.o(.text) refers to port.o(.text) for vPortEnterCritical
    main.o(.text) refers to misc.o(.text) for NVIC_PriorityGroupConfig
    main.o(.text) refers to usart.o(.text) for uart_init
    main.o(.text) refers to led.o(.text) for LED_Init
    main.o(.text) refers to key.o(.text) for KEY_Init
    main.o(.text) refers to exti.o(.text) for EXTIX_Init
    main.o(.text) refers to usart2.o(.text) for USART2_Init
    main.o(.text) refers to timer.o(.text) for Timer_SRD_Init
    main.o(.text) refers to main.o(.data) for .data
    main.o(.text) refers to exti.o(.data) for key_wakeup
    system_stm32f10x.o(.text) refers to system_stm32f10x.o(.data) for .data
    led.o(.text) refers to stm32f10x_rcc.o(.text) for RCC_APB2PeriphClockCmd
    led.o(.text) refers to stm32f10x_gpio.o(.text) for GPIO_Init
    lcd.o(.text) refers to delay.o(.text) for delay_us
    lcd.o(.text) refers to lcd.o(.bss) for .bss
    lcd.o(.text) refers to dfltui.o(.text) for __aeabi_ui2d
    lcd.o(.text) refers to dmul.o(.text) for __aeabi_dmul
    lcd.o(.text) refers to dfixui.o(.text) for __aeabi_d2uiz
    lcd.o(.text) refers to lcd.o(.data) for .data
    lcd.o(.text) refers to stm32f10x_rcc.o(.text) for RCC_APB2PeriphClockCmd
    lcd.o(.text) refers to stm32f10x_gpio.o(.text) for GPIO_PinRemapConfig
    lcd.o(.text) refers to printfa.o(i.__0printf) for __2printf
    lcd.o(.text) refers to lcd.o(.constdata) for .constdata
    timer.o(.text) refers to stm32f10x_rcc.o(.text) for RCC_APB1PeriphClockCmd
    timer.o(.text) refers to stm32f10x_tim.o(.text) for TIM_TimeBaseInit
    timer.o(.text) refers to misc.o(.text) for NVIC_Init
    exti.o(.text) refers to stm32f10x_rcc.o(.text) for RCC_APB2PeriphClockCmd
    exti.o(.text) refers to key.o(.text) for KEY_Init
    exti.o(.text) refers to stm32f10x_gpio.o(.text) for GPIO_EXTILineConfig
    exti.o(.text) refers to stm32f10x_exti.o(.text) for EXTI_Init
    exti.o(.text) refers to misc.o(.text) for NVIC_Init
    exti.o(.text) refers to delay.o(.text) for delay_xms
    exti.o(.text) refers to tasks.o(.text) for xTaskResumeFromISR
    exti.o(.text) refers to printfa.o(i.__0printf) for __2printf
    exti.o(.text) refers to motor.o(.text) for JudegTrash
    exti.o(.text) refers to f2d.o(.text) for __aeabi_f2d
    exti.o(.text) refers to main.o(.data) for Task1Task_Handler
    exti.o(.text) refers to exti.o(.data) for .data
    key.o(.text) refers to stm32f10x_rcc.o(.text) for RCC_APB2PeriphClockCmd
    key.o(.text) refers to stm32f10x_gpio.o(.text) for GPIO_PinRemapConfig
    key.o(.text) refers to delay.o(.text) for delay_ms
    key.o(.text) refers to key.o(.data) for .data
    hx711.o(.text) refers to stm32f10x_rcc.o(.text) for RCC_APB2PeriphClockCmd
    hx711.o(.text) refers to stm32f10x_gpio.o(.text) for GPIO_Init
    hx711.o(.text) refers to delay.o(.text) for delay_us
    sim800c.o(.text) refers to printfa.o(i.__0printf) for __2printf
    sim800c.o(.text) refers to printfa.o(i.__0sprintf) for __2sprintf
    sim800c.o(.text) refers to load.o(i.json_loads) for json_loads
    sim800c.o(.text) refers to pack_unpack.o(i.json_unpack) for json_unpack
    sim800c.o(.text) refers to value.o(i.json_object_clear) for json_object_clear
    sim800c.o(.text) refers to value.o(i.json_delete) for json_delete
    sim800c.o(.text) refers to strstr.o(.text) for strstr
    sim800c.o(.text) refers to usart2.o(.text) for u2_printf
    sim800c.o(.text) refers to delay.o(.text) for delay_ms
    sim800c.o(.text) refers to usart2.o(.data) for USART2_RX_STA
[...]
    Timer_SRD_Init                           0x080007b1   Thumb Code    98  timer.o(.text)
    TIM3_IRQHandler                          0x08000813   Thumb Code    30  timer.o(.text)
    EXTIX_Init                               0x08000835   Thumb Code   188  exti.o(.text)
    EXTI9_5_IRQHandler                       0x080008f1   Thumb Code    62  exti.o(.text)
    EXTI15_10_IRQHandler                     0x0800092f   Thumb Code    80  exti.o(.text)
    EXTI0_IRQHandler                         0x0800097f   Thumb Code   114  exti.o(.text)
    KEY_Init                                 0x08000a69   Thumb Code    82  key.o(.text)
    KEY_Scan                                 0x08000abb   Thumb Code   158  key.o(.text)
    KEY_Scan_WKUP                            0x08000b59   Thumb Code    60  key.o(.text)
    ADInit                                   0x08000ba5   Thumb Code    66  hx711.o(.text)
    HX711_Read                               0x08000be7   Thumb Code   144  hx711.o(.text)
    JudegTrash                               0x08000c7d   Thumb Code    30  motor.o(.text)
    sim_at_response                          0x08000ca9   Thumb Code    36  sim800c.o(.text)
    sim_touchuan_recv                        0x08000ccd   Thumb Code   194  sim800c.o(.text)
    sim800c_check_cmd                        0x08000d8f   Thumb Code    28  sim800c.o(.text)
    sim800c_send_cmd                         0x08000dab   Thumb Code    96  sim800c.o(.text)
    ntp_update                               0x08000e0b   Thumb Code    72  sim800c.o(.text)
    sim800c_gsminfo_show                     0x08000e53   Thumb Code   146  sim800c.o(.text)
    sim800c_gsm_config                       0x08000ee5   Thumb Code   154  sim800c.o(.text)
    TIM4_Set                                 0x08001209   Thumb Code    34  usart2.o(.text)
    USART2_IRQHandler                        0x0800122b   Thumb Code    72  usart2.o(.text)
    TIM4_Init                                0x08001273   Thumb Code    82  usart2.o(.text)
    UART_DMA_Config                          0x080012c5   Thumb Code    66  usart2.o(.text)
    USART2_Init                              0x08001307   Thumb Code   208  usart2.o(.text)
    UART_DMA_Enable                          0x080013d7   Thumb Code    32  usart2.o(.text)
    u2_printf                                0x080013f7   Thumb Code    46  usart2.o(.text)
    TIM4_SetARR                              0x08001425   Thumb Code    30  usart2.o(.text)
    TIM4_IRQHandler                          0x08001443   Thumb Code    90  usart2.o(.text)
    ADInit_Left                              0x080014bd   Thumb Code    66  hx711_left.o(.text)
    HX711_Read_Left                          0x080014ff   Thumb Code   144  hx711_left.o(.text)
    ADInit_Right                             0x08001595   Thumb Code    66  hx711_right.o(.text)
    HX711_Read_Right                         0x080015d7   Thumb Code   144  hx711_right.o(.text)
    Wave_SRD_Init                            0x0800166d   Thumb Code   122  wave.o(.text)
    EXTI2_IRQHandler                         0x080016e7   Thumb Code   104  wave.o(.text)
    Wave_SRD_Strat                           0x0800174f   Thumb Code    44  wave.o(.text)
    SysTick_Handler                          0x0800179d   Thumb Code    20  delay.o(.text)
    delay_init                               0x080017b1   Thumb Code    60  delay.o(.text)
    delay_us                                 0x080017ed   Thumb Code    48  delay.o(.text)
    delay_ms                                 0x0800181d   Thumb Code    50  delay.o(.text)
    delay_xms                                0x0800184f   Thumb Code    26  delay.o(.text)
    _sys_exit                                0x08001875   Thumb Code     2  usart.o(.text)
    fputc                                    0x08001877   Thumb Code    18  usart.o(.text)
    uart_init                                0x08001889   Thumb Code   152  usart.o(.text)
    USART1_IRQHandler                        0x08001921   Thumb Code    88  usart.o(.text)
    Reset_Handler                            0x08001989   Thumb Code     8  startup_stm32f10x_hd.o(.text)
    ADC1_2_IRQHandler                        0x080019a3   Thumb Code     0  startup_stm32f10x_hd.o(.text)
    ADC3_IRQHandler                          0x080019a3   Thumb Code     0  startup_stm32f10x_hd.o(.text)
    CAN1_RX1_IRQHandler                      0x080019a3   Thumb Code     0  startup_stm32f10x_hd.o(.text)
    CAN1_SCE_IRQHandler                      0x080019a3   Thumb Code     0  startup_stm32f10x_hd.o(.text)
    DMA1_Channel1_IRQHandler                 0x080019a3   Thumb Code     0  startup_stm32f10x_hd.o(.text)
    DMA1_Channel2_IRQHandler                 0x080019a3   Thumb Code     0  startup_stm32f10x_hd.o(.text)
    DMA1_Channel3_IRQHandler                 0x080019a3   Thumb Code     0  startup_stm32f10x_hd.o(.text)
    DMA1_Channel4_IRQHandler                 0x080019a3   Thumb Code     0  startup_stm32f10x_hd.o(.text)
    DMA1_Channel5_IRQHandler                 0x080019a3   Thumb Code     0  startup_stm32f10x_hd.o(.text)
    DMA1_Channel6_IRQHandler                 0x080019a3   Thumb Code     0  startup_stm32f10x_hd.o(.text)
    DMA1_Channel7_IRQHandler                 0x080019a3   Thumb Code     0  startup_stm32f10x_hd.o(.text)
    DMA2_Channel1_IRQHandler                 0x080019a3   Thumb Code     0  startup_stm32f10x_hd.o(.text)
    DMA2_Channel2_IRQHandler                 0x080019a3   Thumb Code     0  startup_stm32f10x_hd.o(.text)
    DMA2_Channel3_IRQHandler                 0x080019a3   Thumb Code     0  startup_stm32f10x_hd.o(.text)
    DMA2_Channel4_5_IRQHandler               0x080019a3   Thumb Code     0  startup_stm32f10x_hd.o(.text)
    EXTI1_IRQHandler                         0x080019a3   Thumb Code     0  startup_stm32f10x_hd.o(.text)
    EXTI3_IRQHandler                         0x080019a3   Thumb Code     0  startup_stm32f10x_hd.o(.text)
    EXTI4_IRQHandler                         0x080019a3   Thumb Code     0  startup_stm32f10x_hd.o(.text)
    FLASH_IRQHandler                         0x080019a3   Thumb Code     0  startup_stm32f10x_hd.o(.text)
    FSMC_IRQHandler                          0x080019a3   Thumb Code     0  startup_stm32f10x_hd.o(.text)
    I2C1_ER_IRQHandler                       0x080019a3   Thumb Code     0  startup_stm32f10x_hd.o(.text)
    I2C1_EV_IRQHandler                       0x080019a3   Thumb Code     0  startup_stm32f10x_hd.o(.text)
    I2C2_ER_IRQHandler                       0x080019a3   Thumb Code     0  startup_stm32f10x_hd.o(.text)
    I2C2_EV_IRQHandler                       0x080019a3   Thumb Code     0  startup_stm32f10x_hd.o(.text)
    PVD_IRQHandler                           0x080019a3   Thumb Code     0  startup_stm32f10x_hd.o(.text)
    RCC_IRQHandler                           0x080019a3   Thumb Code     0  startup_stm32f10x_hd.o(.text)
    RTCAlarm_IRQHandler                      0x080019a3   Thumb Code     0  startup_stm32f10x_hd.o(.text)
    RTC_IRQHandler                           0x080019a3   Thumb Code     0  startup_stm32f10x_hd.o(.text)
    SDIO_IRQHandler                          0x080019a3   Thumb Code     0  startup_stm32f10x_hd.o(.text)
    SPI1_IRQHandler                          0x080019a3   Thumb Code     0  startup_stm32f10x_hd.o(.text)
    SPI2_IRQHandler                          0x080019a3   Thumb Code     0  startup_stm32f10x_hd.o(.text)
    SPI3_IRQHandler                          0x080019a3   Thumb Code     0  startup_stm32f10x_hd.o(.text)
    TAMPER_IRQHandler                        0x080019a3   Thumb Code     0  startup_stm32f10x_hd.o(.text)
    TIM1_BRK_IRQHandler                      0x080019a3   Thumb Code     0  startup_stm32f10x_hd.o(.text)
    TIM1_CC_IRQHandler                       0x080019a3   Thumb Code     0  startup_stm32f10x_hd.o(.text)
    TIM1_TRG_COM_IRQHandler                  0x080019a3   Thumb Code     0  startup_stm32f10x_hd.o(.text)
    TIM1_UP_IRQHandler                       0x080019a3   Thumb Code     0  startup_stm32f10x_hd.o(.text)
    TIM2_IRQHandler                          0x080019a3   Thumb Code     0  startup_stm32f10x_hd.o(.text)
    TIM5_IRQHandler                          0x080019a3   Thumb Code     0  startup_stm32f10x_hd.o(.text)
    TIM6_IRQHandler                          0x080019a3   Thumb Code     0  startup_stm32f10x_hd.o(.text)
    TIM7_IRQHandler                          0x080019a3   Thumb Code     0  startup_stm32f10x_hd.o(.text)
    TIM8_BRK_IRQHandler                      0x080019a3   Thumb Code     0  startup_stm32f10x_hd.o(.text)
    TIM8_CC_IRQHandler                       0x080019a3   Thumb Code     0  startup_stm32f10x_hd.o(.text)
    TIM8_TRG_COM_IRQHandler                  0x080019a3   Thumb Code     0  startup_stm32f10x_hd.o(.text)
    TIM8_UP_IRQHandler                       0x080019a3   Thumb Code     0  startup_stm32f10x_hd.o(.text)
    UART4_IRQHandler                         0x080019a3   Thumb Code     0  startup_stm32f10x_hd.o(.text)
    UART5_IRQHandler                         0x080019a3   Thumb Code     0  startup_stm32f10x_hd.o(.text)
    USART3_IRQHandler                        0x080019a3   Thumb Code     0  startup_stm32f10x_hd.o(.text)
    USBWakeUp_IRQHandler                     0x080019a3   Thumb Code     0  startup_stm32f10x_hd.o(.text)
    USB_HP_CAN1_TX_IRQHandler                0x080019a3   Thumb Code     0  startup_stm32f10x_hd.o(.text)
    USB_LP_CAN1_RX0_IRQHandler               0x080019a3   Thumb Code     0  startup_stm32f10x_hd.o(.text)
    WWDG_IRQHandler                          0x080019a3   Thumb Code     0  startup_stm32f10x_hd.o(.text)
    NVIC_PriorityGroupConfig                 0x080019ad   Thumb Code    10  misc.o(.text)
    NVIC_Init                                0x080019b7   Thumb Code    94  misc.o(.text)
    NVIC_SetVectorTable                      0x08001a15   Thumb Code    14  misc.o(.text)
    NVIC_SystemLPConfig                      0x08001a23   Thumb Code    20  misc.o(.text)
    SysTick_CLKSourceConfig                  0x08001a37   Thumb Code    24  misc.o(.text)
    GPIO_DeInit                              0x08001a5d   Thumb Code   152  stm32f10x_gpio.o(.text)
    GPIO_AFIODeInit                          0x08001af5   Thumb Code    22  stm32f10x_gpio.o(.text)
    GPIO_Init                                0x08001b0b   Thumb Code   156  stm32f10x_gpio.o(.text)
    GPIO_StructInit                          0x08001ba7   Thumb Code    16  stm32f10x_gpio.o(.text)
    GPIO_ReadInputDataBit                    0x08001bb7   Thumb Code    14  stm32f10x_gpio.o(.text)
    GPIO_ReadInputData                       0x08001bc5   Thumb Code     6  stm32f10x_gpio.o(.text)
    GPIO_ReadOutputDataBit                   0x08001bcb   Thumb Code    14  stm32f10x_gpio.o(.text)
    GPIO_ReadOutputData                      0x08001bd9   Thumb Code     6  stm32f10x_gpio.o(.text)
    GPIO_SetBits                             0x08001bdf   Thumb Code     4  stm32f10x_gpio.o(.text)
    GPIO_ResetBits                           0x08001be3   Thumb Code     4  stm32f10x_gpio.o(.text)
    GPIO_WriteBit                            0x08001be7   Thumb Code    10  stm32f10x_gpio.o(.text)
    GPIO_Write                               0x08001bf1   Thumb Code     4  stm32f10x_gpio.o(.text)
    GPIO_PinLockConfig                       0x08001bf5   Thumb Code    16  stm32f10x_gpio.o(.text)
    GPIO_EventOutputConfig                   0x08001c05   Thumb Code    22  stm32f10x_gpio.o(.text)
    GPIO_EventOutputCmd                      0x08001c1b   Thumb Code     6  stm32f10x_gpio.o(.text)
    GPIO_PinRemapConfig                      0x08001c21   Thumb Code    82  stm32f10x_gpio.o(.text)
    GPIO_EXTILineConfig                      0x08001c73   Thumb Code    34  stm32f10x_gpio.o(.text)
    GPIO_ETH_MediaInterfaceConfig            0x08001c95   Thumb Code     8  stm32f10x_gpio.o(.text)
    RCC_DeInit                               0x08001cc1   Thumb Code    50  stm32f10x_rcc.o(.text)
    RCC_HSEConfig                            0x08001cf3   Thumb Code    48  stm32f10x_rcc.o(.text)
    RCC_GetFlagStatus                        0x08001d23   Thumb Code    42  stm32f10x_rcc.o(.text)
    RCC_WaitForHSEStartUp                    0x08001d4d   Thumb Code    44  stm32f10x_rcc.o(.text)
    RCC_AdjustHSICalibrationValue            0x08001d79   Thumb Code    16  stm32f10x_rcc.o(.text)
    RCC_HSICmd                               0x08001d89   Thumb Code     6  stm32f10x_rcc.o(.text)
    RCC_PLLConfig                            0x08001d8f   Thumb Code    16  stm32f10x_rcc.o(.text)
    RCC_PLLCmd                               0x08001d9f   Thumb Code     6  stm32f10x_rcc.o(.text)
    RCC_SYSCLKConfig                         0x08001da5   Thumb Code    14  stm32f10x_rcc.o(.text)
    RCC_GetSYSCLKSource                      0x08001db3   Thumb Code    10  stm32f10x_rcc.o(.text)
    RCC_HCLKConfig                           0x08001dbd   Thumb Code    14  stm32f10x_rcc.o(.text)
    RCC_PCLK1Config                          0x08001dcb   Thumb Code    14  stm32f10x_rcc.o(.text)
    RCC_PCLK2Config                          0x08001dd9   Thumb Code    16  stm32f10x_rcc.o(.text)
    RCC_ITConfig                             0x08001de9   Thumb Code    18  stm32f10x_rcc.o(.text)
    RCC_USBCLKConfig                         0x08001dfb   Thumb Code     8  stm32f10x_rcc.o(.text)
    RCC_ADCCLKConfig                         0x08001e03   Thumb Code    14  stm32f10x_rcc.o(.text)
    RCC_LSEConfig                            0x08001e11   Thumb Code    28  stm32f10x_rcc.o(.text)
    RCC_LSICmd                               0x08001e2d   Thumb Code     6  stm32f10x_rcc.o(.text)
    RCC_RTCCLKConfig                         0x08001e33   Thumb Code    10  stm32f10x_rcc.o(.text)
    RCC_RTCCLKCmd                            0x08001e3d   Thumb Code     8  stm32f10x_rcc.o(.text)
    RCC_GetClocksFreq                        0x08001e45   Thumb Code   132  stm32f10x_rcc.o(.text)
    RCC_AHBPeriphClockCmd                    0x08001ec9   Thumb Code    18  stm32f10x_rcc.o(.text)
    RCC_APB2PeriphClockCmd                   0x08001edb   Thumb Code    18  stm32f10x_rcc.o(.text)
    RCC_APB1PeriphClockCmd                   0x08001eed   Thumb Code    18  stm32f10x_rcc.o(.text)
    RCC_APB2PeriphResetCmd                   0x08001eff   Thumb Code    18  stm32f10x_rcc.o(.text)
    RCC_APB1PeriphResetCmd                   0x08001f11   Thumb Code    18  stm32f10x_rcc.o(.text)
    RCC_BackupResetCmd                       0x08001f23   Thumb Code     8  stm32f10x_rcc.o(.text)
    RCC_ClockSecuritySystemCmd               0x08001f2b   Thumb Code     6  stm32f10x_rcc.o(.text)
    RCC_MCOConfig                            0x08001f31   Thumb Code     6  stm32f10x_rcc.o(.text)
    RCC_ClearFlag                            0x08001f37   Thumb Code    12  stm32f10x_rcc.o(.text)
    RCC_GetITStatus                          0x08001f43   Thumb Code    16  stm32f10x_rcc.o(.text)
    RCC_ClearITPendingBit                    0x08001f53   Thumb Code     6  stm32f10x_rcc.o(.text)
    USART_DeInit                             0x08001f79   Thumb Code    96  stm32f10x_usart.o(.text)
    USART_Init                               0x08001fd9   Thumb Code   166  stm32f10x_usart.o(.text)
    USART_StructInit                         0x0800207f   Thumb Code    22  stm32f10x_usart.o(.text)
    USART_ClockInit                          0x08002095   Thumb Code    30  stm32f10x_usart.o(.text)
    USART_ClockStructInit                    0x080020b3   Thumb Code    12  stm32f10x_usart.o(.text)
    USART_Cmd                                0x080020bf   Thumb Code    20  stm32f10x_usart.o(.text)
    USART_ITConfig                           0x080020d3   Thumb Code    48  stm32f10x_usart.o(.text)
    USART_DMACmd                             0x08002103   Thumb Code    16  stm32f10x_usart.o(.text)
    USART_SetAddress                         0x08002113   Thumb Code    16  stm32f10x_usart.o(.text)
    USART_WakeUpConfig                       0x08002123   Thumb Code    16  stm32f10x_usart.o(.text)
    USART_ReceiverWakeUpCmd                  0x08002133   Thumb Code    20  stm32f10x_usart.o(.text)
    USART_LINBreakDetectLengthConfig         0x08002147   Thumb Code    16  stm32f10x_usart.o(.text)
    USART_LINCmd                             0x08002157   Thumb Code    20  stm32f10x_usart.o(.text)
    USART_SendData                           0x0800216b   Thumb Code     8  stm32f10x_usart.o(.text)
    USART_ReceiveData                        0x08002173   Thumb Code     8  stm32f10x_usart.o(.text)
    USART_SendBreak                          0x0800217b   Thumb Code    10  stm32f10x_usart.o(.text)
    USART_SetGuardTime                       0x08002185   Thumb Code    16  stm32f10x_usart.o(.text)
    USART_SetPrescaler                       0x08002195   Thumb Code    16  stm32f10x_usart.o(.text)
    USART_SmartCardCmd                       0x080021a5   Thumb Code    20  stm32f10x_usart.o(.text)
    USART_SmartCardNACKCmd                   0x080021b9   Thumb Code    20  stm32f10x_usart.o(.text)
    USART_HalfDuplexCmd                      0x080021cd   Thumb Code    20  stm32f10x_usart.o(.text)
    USART_OverSampling8Cmd                   0x080021e1   Thumb Code    20  stm32f10x_usart.o(.text)
    USART_OneBitMethodCmd                    0x080021f5   Thumb Code    20  stm32f10x_usart.o(.text)
    USART_IrDAConfig                         0x08002209   Thumb Code    16  stm32f10x_usart.o(.text)
    USART_IrDACmd                            0x08002219   Thumb Code    20  stm32f10x_usart.o(.text)
    USART_GetFlagStatus                      0x0800222d   Thumb Code    14  stm32f10x_usart.o(.text)
    USART_ClearFlag                          0x0800223b   Thumb Code     6  stm32f10x_usart.o(.text)
    USART_GetITStatus                        0x08002241   Thumb Code    62  stm32f10x_usart.o(.text)
    USART_ClearITPendingBit                  0x0800227f   Thumb Code    12  stm32f10x_usart.o(.text)
    TIM_DeInit                               0x080022a1   Thumb Code   304  stm32f10x_tim.o(.text)
    TIM_TimeBaseInit                         0x080023d1   Thumb Code   114  stm32f10x_tim.o(.text)
    TIM_OC1Init                              0x08002443   Thumb Code   106  stm32f10x_tim.o(.text)
    TIM_OC2Init                              0x080024ad   Thumb Code   120  stm32f10x_tim.o(.text)
    TIM_OC3Init                              0x08002525   Thumb Code   116  stm32f10x_tim.o(.text)
    TIM_OC4Init                              0x08002599   Thumb Code    90  stm32f10x_tim.o(.text)
    TIM_SetIC4Prescaler                      0x080025f3   Thumb Code    24  stm32f10x_tim.o(.text)
    TIM_SetIC3Prescaler                      0x0800260b   Thumb Code    16  stm32f10x_tim.o(.text)
    TIM_SetIC2Prescaler                      0x0800261b   Thumb Code    24  stm32f10x_tim.o(.text)
    TIM_SetIC1Prescaler                      0x080026d9   Thumb Code    16  stm32f10x_tim.o(.text)
    TIM_ICInit                               0x08002741   Thumb Code   270  stm32f10x_tim.o(.text)
    TIM_PWMIConfig                           0x0800284f   Thumb Code   104  stm32f10x_tim.o(.text)
    TIM_BDTRConfig                           0x080028b7   Thumb Code    34  stm32f10x_tim.o(.text)
    TIM_TimeBaseStructInit                   0x080028d9   Thumb Code    18  stm32f10x_tim.o(.text)
    TIM_OCStructInit                         0x080028eb   Thumb Code    20  stm32f10x_tim.o(.text)
    TIM_ICStructInit                         0x080028ff   Thumb Code    16  stm32f10x_tim.o(.text)
    TIM_BDTRStructInit                       0x0800290f   Thumb Code    18  stm32f10x_tim.o(.text)
    TIM_Cmd                                  0x08002921   Thumb Code    20  stm32f10x_tim.o(.text)
    TIM_CtrlPWMOutputs                       0x08002935   Thumb Code    22  stm32f10x_tim.o(.text)
    TIM_ITConfig                             0x0800294b   Thumb Code    16  stm32f10x_tim.o(.text)
    TIM_GenerateEvent                        0x0800295b   Thumb Code     4  stm32f10x_tim.o(.text)
    TIM_DMAConfig                            0x0800295f   Thumb Code     8  stm32f10x_tim.o(.text)
    TIM_DMACmd                               0x08002967   Thumb Code    16  stm32f10x_tim.o(.text)
    TIM_InternalClockConfig                  0x08002977   Thumb Code    10  stm32f10x_tim.o(.text)
    TIM_SelectInputTrigger                   0x08002981   Thumb Code    12  stm32f10x_tim.o(.text)
    TIM_ITRxExternalClockConfig              0x0800298d   Thumb Code    18  stm32f10x_tim.o(.text)
    TIM_TIxExternalClockConfig               0x0800299f   Thumb Code    46  stm32f10x_tim.o(.text)
    TIM_ETRConfig                            0x080029cd   Thumb Code    24  stm32f10x_tim.o(.text)
    TIM_ETRClockMode1Config                  0x080029e5   Thumb Code    18  stm32f10x_tim.o(.text)
    TIM_ETRClockMode2Config                  0x080029f7   Thumb Code    18  stm32f10x_tim.o(.text)
    TIM_PrescalerConfig                      0x08002a09   Thumb Code     6  stm32f10x_tim.o(.text)
    TIM_CounterModeConfig                    0x08002a0f   Thumb Code    12  stm32f10x_tim.o(.text)
    TIM_EncoderInterfaceConfig               0x08002a1b   Thumb Code    50  stm32f10x_tim.o(.text)
    TIM_ForcedOC1Config                      0x08002a4d   Thumb Code    12  stm32f10x_tim.o(.text)
    TIM_ForcedOC2Config                      0x08002a59   Thumb Code    20  stm32f10x_tim.o(.text)
    TIM_ForcedOC3Config                      0x08002a6d   Thumb Code    12  stm32f10x_tim.o(.text)
    TIM_ForcedOC4Config                      0x08002a79   Thumb Code    20  stm32f10x_tim.o(.text)
    TIM_ARRPreloadConfig                     0x08002a8d   Thumb Code    20  stm32f10x_tim.o(.text)
    TIM_SelectCOM                            0x08002aa1   Thumb Code    20  stm32f10x_tim.o(.text)
    TIM_SelectCCDMA                          0x08002ab5   Thumb Code    20  stm32f10x_tim.o(.text)
    TIM_CCPreloadControl                     0x08002ac9   Thumb Code    20  stm32f10x_tim.o(.text)
    TIM_OC1PreloadConfig                     0x08002add   Thumb Code    32  stm32f10x_tim.o(.text)
    TIM_OC2PreloadConfig                     0x08002afd   Thumb Code    20  stm32f10x_tim.o(.text)
    TIM_OC3PreloadConfig                     0x08002b11   Thumb Code    12  stm32f10x_tim.o(.text)
    TIM_OC4PreloadConfig                     0x08002b1d   Thumb Code    20  stm32f10x_tim.o(.text)
    TIM_OC1FastConfig                        0x08002b31   Thumb Code    12  stm32f10x_tim.o(.text)
    TIM_OC2FastConfig                        0x08002b3d   Thumb Code    20  stm32f10x_tim.o(.text)
    TIM_OC3FastConfig                        0x08002b51   Thumb Code    12  stm32f10x_tim.o(.text)
    TIM_OC4FastConfig                        0x08002b5d   Thumb Code    20  stm32f10x_tim.o(.text)
    TIM_ClearOC1Ref                          0x08002b71   Thumb Code    12  stm32f10x_tim.o(.text)
    TIM_ClearOC2Ref                          0x08002b7d   Thumb Code    20  stm32f10x_tim.o(.text)
    TIM_ClearOC3Ref                          0x08002b91   Thumb Code    12  stm32f10x_tim.o(.text)
    TIM_ClearOC4Ref                          0x08002b9d   Thumb Code    20  stm32f10x_tim.o(.text)
    TIM_OC1PolarityConfig                    0x08002bb1   Thumb Code    12  stm32f10x_tim.o(.text)
    TIM_OC1NPolarityConfig                   0x08002bbd   Thumb Code    12  stm32f10x_tim.o(.text)
    TIM_OC2PolarityConfig                    0x08002bc9   Thumb Code    20  stm32f10x_tim.o(.text)
    TIM_OC2NPolarityConfig                   0x08002bdd   Thumb Code    20  stm32f10x_tim.o(.text)
    TIM_OC3PolarityConfig                    0x08002bf1   Thumb Code    20  stm32f10x_tim.o(.text)
    TIM_OC3NPolarityConfig                   0x08002c05   Thumb Code    20  stm32f10x_tim.o(.text)
    TIM_OC4PolarityConfig                    0x08002c19   Thumb Code    20  stm32f10x_tim.o(.text)
    TIM_CCxCmd                               0x08002c2d   Thumb Code    22  stm32f10x_tim.o(.text)
    TIM_CCxNCmd                              0x08002c43   Thumb Code    22  stm32f10x_tim.o(.text)
    TIM_SelectOCxM                           0x08002c59   Thumb Code    70  stm32f10x_tim.o(.text)
    TIM_UpdateDisableConfig                  0x08002c9f   Thumb Code    20  stm32f10x_tim.o(.text)
    TIM_UpdateRequestConfig                  0x08002cb3   Thumb Code    20  stm32f10x_tim.o(.text)
    TIM_SelectHallSensor                     0x08002cc7   Thumb Code    20  stm32f10x_tim.o(.text)
    TIM_SelectOnePulseMode                   0x08002cdb   Thumb Code    16  stm32f10x_tim.o(.text)
    TIM_SelectOutputTrigger                  0x08002ceb   Thumb Code    16  stm32f10x_tim.o(.text)
    TIM_SelectSlaveMode                      0x08002cfb   Thumb Code    16  stm32f10x_tim.o(.text)
    TIM_SelectMasterSlaveMode                0x08002d0b   Thumb Code    16  stm32f10x_tim.o(.text)
    TIM_SetCounter                           0x08002d1b   Thumb Code     4  stm32f10x_tim.o(.text)
    TIM_SetAutoreload                        0x08002d1f   Thumb Code     4  stm32f10x_tim.o(.text)
    TIM_SetCompare1                          0x08002d23   Thumb Code     4  stm32f10x_tim.o(.text)
    TIM_SetCompare2                          0x08002d27   Thumb Code     4  stm32f10x_tim.o(.text)
    TIM_SetCompare3                          0x08002d2b   Thumb Code     4  stm32f10x_tim.o(.text)
    TIM_SetCompare4                          0x08002d2f   Thumb Code     6  stm32f10x_tim.o(.text)
    TIM_SetClockDivision                     0x08002d35   Thumb Code    16  stm32f10x_tim.o(.text)
    TIM_GetCapture1                          0x08002d45   Thumb Code     4  stm32f10x_tim.o(.text)
    TIM_GetCapture2                          0x08002d49   Thumb Code     4  stm32f10x_tim.o(.text)
    TIM_GetCapture3                          0x08002d4d   Thumb Code     4  stm32f10x_tim.o(.text)
    TIM_GetCapture4                          0x08002d51   Thumb Code     6  stm32f10x_tim.o(.text)
    TIM_GetCounter                           0x08002d57   Thumb Code     4  stm32f10x_tim.o(.text)
    TIM_GetPrescaler                         0x08002d5b   Thumb Code     4  stm32f10x_tim.o(.text)
    TIM_GetFlagStatus                        0x08002d5f   Thumb Code    14  stm32f10x_tim.o(.text)
    TIM_ClearFlag                            0x08002d6d   Thumb Code     6  stm32f10x_tim.o(.text)
    TIM_GetITStatus                          0x08002d73   Thumb Code    24  stm32f10x_tim.o(.text)
    TIM_ClearITPendingBit                    0x08002d8b   Thumb Code     6  stm32f10x_tim.o(.text)
    EXTI_DeInit                              0x08002d91   Thumb Code    28  stm32f10x_exti.o(.text)
    EXTI_Init                                0x08002dad   Thumb Code   108  stm32f10x_exti.o(.text)
    EXTI_StructInit                          0x08002e19   Thumb Code    14  stm32f10x_exti.o(.text)
    EXTI_GenerateSWInterrupt                 0x08002e27   Thumb Code    12  stm32f10x_exti.o(.text)
    EXTI_GetFlagStatus                       0x08002e33   Thumb Code    18  stm32f10x_exti.o(.text)
    EXTI_ClearFlag                           0x08002e45   Thumb Code     8  stm32f10x_exti.o(.text)
    EXTI_GetITStatus                         0x08002e4d   Thumb Code    28  stm32f10x_exti.o(.text)
    EXTI_ClearITPendingBit                   0x08002e69   Thumb Code     8  stm32f10x_exti.o(.text)
    DMA_DeInit                               0x08002e79   Thumb Code   218  stm32f10x_dma.o(.text)
    DMA_Init                                 0x08002f53   Thumb Code    58  stm32f10x_dma.o(.text)
    DMA_StructInit                           0x08002f8d   Thumb Code    26  stm32f10x_dma.o(.text)
    DMA_Cmd                                  0x08002fa7   Thumb Code    22  stm32f10x_dma.o(.text)
    DMA_ITConfig                             0x08002fbd   Thumb Code    16  stm32f10x_dma.o(.text)
    DMA_SetCurrDataCounter                   0x08002fcd   Thumb Code     4  stm32f10x_dma.o(.text)
    DMA_GetCurrDataCounter                   0x08002fd1   Thumb Code     6  stm32f10x_dma.o(.text)
    DMA_GetFlagStatus                        0x08002fd7   Thumb Code    28  stm32f10x_dma.o(.text)
    DMA_ClearFlag                            0x08002ff3   Thumb Code    20  stm32f10x_dma.o(.text)
    DMA_GetITStatus                          0x08003007   Thumb Code    28  stm32f10x_dma.o(.text)
    DMA_ClearITPendingBit                    0x08003023   Thumb Code    20  stm32f10x_dma.o(.text)
    vListInitialise                          0x08003041   Thumb Code    22  list.o(.text)
    vListInitialiseItem                      0x08003057   Thumb Code     6  list.o(.text)
    vListInsertEnd                           0x0800305d   Thumb Code    24  list.o(.text)
    vListInsert                              0x08003075   Thumb Code    48  list.o(.text)
    uxListRemove                             0x080030a5   Thumb Code    36  list.o(.text)
    xQueueGenericReset                       0x080030c9   Thumb Code   128  queue.o(.text)
    xQueueGenericCreate                      0x08003149   Thumb Code    82  queue.o(.text)
    xQueueGenericSend                        0x080032e9   Thumb Code   350  queue.o(.text)
    xQueueCreateMutex                        0x08003447   Thumb Code    36  queue.o(.text)
    xQueueGiveMutexRecursive                 0x0800346b   Thumb Code    98  queue.o(.text)
    xQueueGenericReceive                     0x080034f3   Thumb Code   356  queue.o(.text)
    xQueueTakeMutexRecursive                 0x08003657   Thumb Code    68  queue.o(.text)
    xQueueCreateCountingSemaphore            0x0800369b   Thumb Code    62  queue.o(.text)
    xQueueGenericSendFromISR                 0x080036d9   Thumb Code   200  queue.o(.text)
    xQueueGiveFromISR                        0x080037a1   Thumb Code   172  queue.o(.text)
    xQueueReceiveFromISR                     0x0800384d   Thumb Code   150  queue.o(.text)
    xQueuePeekFromISR                        0x080038e3   Thumb Code   114  queue.o(.text)
    uxQueueMessagesWaiting                   0x08003955   Thumb Code    36  queue.o(.text)
    uxQueueSpacesAvailable                   0x08003979   Thumb Code    40  queue.o(.text)
    uxQueueMessagesWaitingFromISR            0x080039a1   Thumb Code    26  queue.o(.text)
    vQueueUnregisterQueue                    0x080039bb   Thumb Code    36  queue.o(.text)
    vQueueDelete                             0x080039df   Thumb Code    38  queue.o(.text)
    uxQueueGetQueueNumber                    0x08003a05   Thumb Code     4  queue.o(.text)
    vQueueSetQueueNumber                     0x08003a09   Thumb Code     4  queue.o(.text)
    ucQueueGetQueueType                      0x08003a0d   Thumb Code     6  queue.o(.text)
    xQueueIsQueueEmptyFromISR                0x08003a13   Thumb Code    34  queue.o(.text)
    xQueueIsQueueFullFromISR                 0x08003a35   Thumb Code    38  queue.o(.text)
    vQueueAddToRegistry                      0x08003a5b   Thumb Code    32  queue.o(.text)
    pcQueueGetName                           0x08003a7b   Thumb Code    34  queue.o(.text)
    vQueueWaitForMessageRestricted           0x08003a9d   Thumb Code    68  queue.o(.text)
    xQueueCreateSet                          0x08003ae1   Thumb Code     8  queue.o(.text)
    xQueueAddToSet                           0x08003ae9   Thumb Code    34  queue.o(.text)
    xQueueRemoveFromSet                      0x08003b0b   Thumb Code    34  queue.o(.text)
    xQueueSelectFromSet                      0x08003b2d   Thumb Code    18  queue.o(.text)
    xQueueSelectFromSetFromISR               0x08003b3f   Thumb Code    18  queue.o(.text)
    xTaskCreate                              0x08003c35   Thumb Code    86  tasks.o(.text)
    vTaskDelete                              0x08003c8b   Thumb Code   154  tasks.o(.text)
    xTaskIncrementTick                       0x08003d25   Thumb Code   186  tasks.o(.text)
    xTaskResumeAll                           0x08003ddf   Thumb Code   182  tasks.o(.text)
    vTaskSuspendAll                          0x08003efb   Thumb Code    10  tasks.o(.text)
    vTaskDelayUntil                          0x08003f05   Thumb Code   180  tasks.o(.text)
    vTaskDelay                               0x08003fb9   Thumb Code    66  tasks.o(.text)
    eTaskGetState                            0x08003ffb   Thumb Code    94  tasks.o(.text)
    uxTaskPriorityGet                        0x08004059   Thumb Code    24  tasks.o(.text)
    uxTaskPriorityGetFromISR                 0x08004071   Thumb Code    40  tasks.o(.text)
    vTaskPrioritySet                         0x08004099   Thumb Code   184  tasks.o(.text)
    vTaskSwitchContext                       0x08004151   Thumb Code    84  tasks.o(.text)
    vTaskSuspend                             0x080041a5   Thumb Code   156  tasks.o(.text)
    vTaskResume                              0x08004271   Thumb Code   116  tasks.o(.text)
    xTaskResumeFromISR                       0x080042e5   Thumb Code   126  tasks.o(.text)
    vTaskStartScheduler                      0x08004381   Thumb Code   130  tasks.o(.text)
    vTaskEndScheduler                        0x08004403   Thumb Code    24  tasks.o(.text)
    xTaskGetTickCount                        0x0800441b   Thumb Code     6  tasks.o(.text)
    xTaskGetTickCountFromISR                 0x08004421   Thumb Code    12  tasks.o(.text)
    uxTaskGetNumberOfTasks                   0x0800442d   Thumb Code     6  tasks.o(.text)
    pcTaskGetName                            0x08004433   Thumb Code    38  tasks.o(.text)
    vTaskGetInfo                             0x08004459   Thumb Code   126  tasks.o(.text)
    uxTaskGetSystemState                     0x0800452b   Thumb Code   156  tasks.o(.text)
    vTaskPlaceOnEventList                    0x080045c7   Thumb Code    46  tasks.o(.text)
    vTaskPlaceOnUnorderedEventList           0x080045f5   Thumb Code    78  tasks.o(.text)
    vTaskPlaceOnEventListRestricted          0x08004643   Thumb Code    54  tasks.o(.text)
    xTaskRemoveFromEventList                 0x08004679   Thumb Code   106  tasks.o(.text)
    xTaskRemoveFromUnorderedEventList        0x080046e3   Thumb Code   116  tasks.o(.text)
    vTaskSetTimeOutState                     0x08004757   Thumb Code    34  tasks.o(.text)
    xTaskCheckForTimeOut                     0x08004779   Thumb Code   114  tasks.o(.text)
    vTaskMissedYield                         0x080047eb   Thumb Code     8  tasks.o(.text)
    uxTaskGetTaskNumber                      0x080047f3   Thumb Code     8  tasks.o(.text)
    vTaskSetTaskNumber                       0x080047fb   Thumb Code     8  tasks.o(.text)
    xTaskGetCurrentTaskHandle                0x08004803   Thumb Code     6  tasks.o(.text)
    xTaskGetSchedulerState                   0x08004809   Thumb Code    22  tasks.o(.text)
    vTaskPriorityInherit                     0x0800481f   Thumb Code   124  tasks.o(.text)
    xTaskPriorityDisinherit                  0x0800489b   Thumb Code   144  tasks.o(.text)
    vTaskList                                0x0800492b   Thumb Code   188  tasks.o(.text)
    uxTaskResetEventItemValue                0x080049e7   Thumb Code    20  tasks.o(.text)
    pvTaskIncrementMutexHeldCount            0x080049fb   Thumb Code    18  tasks.o(.text)
    ulTaskNotifyTake                         0x08004a0d   Thumb Code    96  tasks.o(.text)
    xTaskNotifyWait                          0x08004a6d   Thumb Code   128  tasks.o(.text)
    xTaskGenericNotify                       0x08004aed   Thumb Code   190  tasks.o(.text)
    xTaskGenericNotifyFromISR                0x08004bab   Thumb Code   256  tasks.o(.text)
    vTaskNotifyGiveFromISR                   0x08004cab   Thumb Code   168  tasks.o(.text)
    xTaskNotifyStateClear                    0x08004d53   Thumb Code    44  tasks.o(.text)
    xTimerGenericCommand                     0x08004ef5   Thumb Code    98  timers.o(.text)
    xTimerCreateTimerTask                    0x0800507b   Thumb Code    58  timers.o(.text)
    xTimerCreate                             0x080050b5   Thumb Code    72  timers.o(.text)
    xTimerGetTimerDaemonTaskHandle           0x080050fd   Thumb Code    24  timers.o(.text)
    xTimerGetPeriod                          0x08005115   Thumb Code    22  timers.o(.text)
    xTimerGetExpiryTime                      0x0800512b   Thumb Code    22  timers.o(.text)
    pcTimerGetName                           0x08005141   Thumb Code    22  timers.o(.text)
    xTimerIsTimerActive                      0x08005157   Thumb Code    40  timers.o(.text)
    pvTimerGetTimerID                        0x0800517f   Thumb Code    32  timers.o(.text)
    vTimerSetTimerID                         0x0800519f   Thumb Code    34  timers.o(.text)
    xTimerPendFunctionCallFromISR            0x080051c1   Thumb Code    34  timers.o(.text)
    xTimerPendFunctionCall                   0x080051e3   Thumb Code    60  timers.o(.text)
    pxPortInitialiseStack                    0x080053fb   Thumb Code    32  port.o(.text)
    vPortSetupTimerInterrupt                 0x0800541b   Thumb Code    26  port.o(.text)
    xPortStartScheduler                      0x08005435   Thumb Code   108  port.o(.text)
    vPortEndScheduler                        0x080054a1   Thumb Code    24  port.o(.text)
    vPortEnterCritical                       0x080054b9   Thumb Code    52  port.o(.text)
    vPortExitCritical                        0x080054ed   Thumb Code    34  port.o(.text)
    xPortSysTickHandler                      0x0800550f   Thumb Code    40  port.o(.text)
    vPortValidateInterruptPriority           0x08005537   Thumb Code    72  port.o(.text)
    pvPortMalloc                             0x08005619   Thumb Code   214  heap_4.o(.text)
    vPortFree                                0x080056ef   Thumb Code    96  heap_4.o(.text)
    xPortGetFreeHeapSize                     0x0800574f   Thumb Code     8  heap_4.o(.text)
    xPortGetMinimumEverFreeHeapSize          0x08005757   Thumb Code     8  heap_4.o(.text)
    vPortInitialiseBlocks                    0x0800575f   Thumb Code     2  heap_4.o(.text)
    seed_from_timestamp_and_pid              0x080057e5   Thumb Code     4  jansson_config.o(.text)
    __aeabi_uidiv                            0x080057e9   Thumb Code     0  uidiv.o(.text)
    __aeabi_uidivmod                         0x080057e9   Thumb Code    44  uidiv.o(.text)
    qsort                                    0x08005815   Thumb Code   156  qsort.o(.text)
    ___aeabi_memcpy8$move                    0x080058b1   Thumb Code     0  memmovea.o(.text)
    __aeabi_memcpy                           0x080058b1   Thumb Code    64  memmovea.o(.text)
    __aeabi_memcpy4                          0x080058b1   Thumb Code     0  memmovea.o(.text)
    __aeabi_memmove                          0x080058b1   Thumb Code     0  memmovea.o(.text)
    __aeabi_memmove4                         0x080058b1   Thumb Code     0  memmovea.o(.text)
    __aeabi_memmove8                         0x080058b1   Thumb Code     0  memmovea.o(.text)
    __aeabi_memset                           0x080058f1   Thumb Code    14  memseta.o(.text)
    __aeabi_memset4                          0x080058f1   Thumb Code     0  memseta.o(.text)
    __aeabi_memset8                          0x080058f1   Thumb Code     0  memseta.o(.text)
    __aeabi_memclr                           0x080058ff   Thumb Code     4  memseta.o(.text)
    __aeabi_memclr4                          0x080058ff   Thumb Code     0  memseta.o(.text)
    __aeabi_memclr8                          0x080058ff   Thumb Code     0  memseta.o(.text)
    _memset$wrapper                          0x08005903   Thumb Code    18  memseta.o(.text)
    strstr                                   0x08005915   Thumb Code    36  strstr.o(.text)
    strchr                                   0x08005939   Thumb Code    20  strchr.o(.text)
    strlen                                   0x0800594d   Thumb Code    14  strlen.o(.text)
    strcmp                                   0x0800595b   Thumb Code    28  strcmp.o(.text)
    memchr                                   0x08005977   Thumb Code    20  memchr.o(.text)
    strcpy                                   0x0800598b   Thumb Code    18  strcpy.o(.text)
    strtoll                                  0x0800599d   Thumb Code     4  strtoll.o(.text)
    __aeabi_fadd                             0x080059a1   Thumb Code   164  fadd.o(.text)
    __aeabi_fsub                             0x08005a45   Thumb Code     6  fadd.o(.text)
    __aeabi_frsub                            0x08005a4b   Thumb Code     6  fadd.o(.text)
    __aeabi_dmul                             0x08005a51   Thumb Code   228  dmul.o(.text)
    __aeabi_ddiv                             0x08005b35   Thumb Code   222  ddiv.o(.text)
    __aeabi_ui2f                             0x08005c13   Thumb Code    10  ffltui.o(.text)
    __aeabi_l2d                              0x08005c1d   Thumb Code    40  dfltl.o(.text)
    __aeabi_f2lz                             0x08005c45   Thumb Code    66  ffixl.o(.text)
    __aeabi_f2d                              0x08005c87   Thumb Code    38  f2d.o(.text)
    __aeabi_cdcmpeq                          0x08005cad   Thumb Code     0  cdcmple.o(.text)
    __aeabi_cdcmple                          0x08005cad   Thumb Code    48  cdcmple.o(.text)
    __aeabi_d2f                              0x08005cdd   Thumb Code    56  d2f.o(.text)
    __aeabi_uldivmod                         0x08005d15   Thumb Code    98  uldiv.o(.text)
    __aeabi_llsl                             0x08005d77   Thumb Code    30  llshl.o(.text)
    _ll_shift_l                              0x08005d77   Thumb Code     0  llshl.o(.text)
    __aeabi_llsr                             0x08005d95   Thumb Code    32  llushr.o(.text)
    _ll_ushift_r                             0x08005d95   Thumb Code     0  llushr.o(.text)
    __strtod_int                             0x08005deb   Thumb Code    90  strtod.o(.text)
    __strtoll                                0x08005e51   Thumb Code   144  __strtoll.o(.text)
    __I$use$fp                               0x08005ee1   Thumb Code     0  iusefp.o(.text)
    _float_round                             0x08005ee1   Thumb Code    18  fepilogue.o(.text)
    _float_epilogue                          0x08005ef3   Thumb Code    92  fepilogue.o(.text)
    _double_round                            0x08005f4f   Thumb Code    30  depilogue.o(.text)
    _double_epilogue                         0x08005f6d   Thumb Code   156  depilogue.o(.text)
    __aeabi_dadd                             0x08006009   Thumb Code   322  dadd.o(.text)
    __aeabi_dsub                             0x0800614b   Thumb Code     6  dadd.o(.text)
    __aeabi_drsub                            0x08006151   Thumb Code     6  dadd.o(.text)
    __aeabi_d2ulz                            0x08006157   Thumb Code    48  dfixul.o(.text)
    __aeabi_cdrcmple                         0x08006189   Thumb Code    48  cdrcmple.o(.text)
    __scatterload                            0x080061b9   Thumb Code    28  init.o(.text)
    __scatterload_rt2                        0x080061b9   Thumb Code     0  init.o(.text)
    __aeabi_lasr                             0x080061dd   Thumb Code    36  llsshr.o(.text)
    _ll_sshift_r                             0x080061dd   Thumb Code     0  llsshr.o(.text)
    __rt_ctype_table                         0x08006201   Thumb Code     4  ctype_o.o(.text)
    isspace                                  0x08006209   Thumb Code    18  isspace_o.o(.text)
    _scanf_real                              0x0800631d   Thumb Code     0  scanf_fp.o(.text)
    _scanf_really_real                       0x0800631d   Thumb Code   556  scanf_fp.o(.text)
    _sgetc                                   0x08006555   Thumb Code    30  _sgetc.o(.text)
    _sbackspace                              0x08006573   Thumb Code    34  _sgetc.o(.text)
    _strtoull                                0x08006595   Thumb Code   194  _strtoull.o(.text)
    _chval                                   0x08006657   Thumb Code    28  _chval.o(.text)
    __aeabi_ul2d                             0x08006673   Thumb Code    24  dfltul.o(.text)
    __0printf                                0x0800668d   Thumb Code    22  printfa.o(i.__0printf)
    __1printf                                0x0800668d   Thumb Code     0  printfa.o(i.__0printf)
    __2printf                                0x0800668d   Thumb Code     0  printfa.o(i.__0printf)
    __c89printf                              0x0800668d   Thumb Code     0  printfa.o(i.__0printf)
    printf                                   0x0800668d   Thumb Code     0  printfa.o(i.__0printf)
    __0snprintf                              0x080066ad   Thumb Code    44  printfa.o(i.__0snprintf)
    __1snprintf                              0x080066ad   Thumb Code     0  printfa.o(i.__0snprintf)
    __2snprintf                              0x080066ad   Thumb Code     0  printfa.o(i.__0snprintf)
    __c89snprintf                            0x080066ad   Thumb Code     0  printfa.o(i.__0snprintf)
    snprintf                                 0x080066ad   Thumb Code     0  printfa.o(i.__0snprintf)
    __0sprintf                               0x080066dd   Thumb Code    34  printfa.o(i.__0sprintf)
    __1sprintf                               0x080066dd   Thumb Code     0  printfa.o(i.__0sprintf)
    __2sprintf                               0x080066dd   Thumb Code     0  printfa.o(i.__0sprintf)
    __c89sprintf                             0x080066dd   Thumb Code     0  printfa.o(i.__0sprintf)
    sprintf                                  0x080066dd   Thumb Code     0  printfa.o(i.__0sprintf)
    __0vsnprintf                             0x08006705   Thumb Code    40  printfa.o(i.__0vsnprintf)
    __1vsnprintf                             0x08006705   Thumb Code     0  printfa.o(i.__0vsnprintf)
    __2vsnprintf                             0x08006705   Thumb Code     0  printfa.o(i.__0vsnprintf)
    __c89vsnprintf                           0x08006705   Thumb Code     0  printfa.o(i.__0vsnprintf)
    vsnprintf                                0x08006705   Thumb Code     0  printfa.o(i.__0vsnprintf)
    __0vsprintf                              0x08006731   Thumb Code    30  printfa.o(i.__0vsprintf)
    __1vsprintf                              0x08006731   Thumb Code     0  printfa.o(i.__0vsprintf)
    __2vsprintf                              0x08006731   Thumb Code     0  printfa.o(i.__0vsprintf)
    __c89vsprintf                            0x08006731   Thumb Code     0  printfa.o(i.__0vsprintf)
    vsprintf                                 0x08006731   Thumb Code     0  printfa.o(i.__0vsprintf)
    __ARM_common_switch8                     0x08006755   Thumb Code    26  dump.o(i.__ARM_common_switch8)
    __ARM_isinf                              0x0800676f   Thumb Code    22  value.o(i.__ARM_isinf)
    __ARM_isnan                              0x08006785   Thumb Code    20  value.o(i.__ARM_isnan)
    __aeabi_errno_addr                       0x0800679d   Thumb Code     4  errno.o(i.__aeabi_errno_addr)
    __rt_errno_addr                          0x0800679d   Thumb Code     0  errno.o(i.__aeabi_errno_addr)
    __scatterload_copy                       0x080067a5   Thumb Code    14  handlers.o(i.__scatterload_copy)
    __scatterload_null                       0x080067b3   Thumb Code     2  handlers.o(i.__scatterload_null)
    __scatterload_zeroinit                   0x080067b5   Thumb Code    14  handlers.o(i.__scatterload_zeroinit)
    _is_digit                                0x08006949   Thumb Code    14  scanf_fp.o(i._is_digit)
    free                                     0x08007731   Thumb Code    76  malloc.o(i.free)
    hashtable_clear                          0x080078c5   Thumb Code    52  hashtable.o(i.hashtable_clear)
    hashtable_close                          0x080078f9   Thumb Code    16  hashtable.o(i.hashtable_close)
    hashtable_get                            0x080079dd   Thumb Code    58  hashtable.o(i.hashtable_get)
    hashtable_init                           0x08007a1d   Thumb Code    72  hashtable.o(i.hashtable_init)
    hashtable_iter                           0x08007a65   Thumb Code    12  hashtable.o(i.hashtable_iter)
    hashtable_iter_key                       0x08007a71   Thumb Code     4  hashtable.o(i.hashtable_iter_key)
    hashtable_iter_next                      0x08007a75   Thumb Code    14  hashtable.o(i.hashtable_iter_next)
    hashtable_iter_serial                    0x08007a83   Thumb Code     4  hashtable.o(i.hashtable_iter_serial)
    hashtable_iter_value                     0x08007a87   Thumb Code     4  hashtable.o(i.hashtable_iter_value)
    hashtable_set                            0x08007a8d   Thumb Code   168  hashtable.o(i.hashtable_set)
    json_array                               0x08007b63   Thumb Code    54  value.o(i.json_array)
    json_array_append_new                    0x08007b99   Thumb Code    68  value.o(i.json_array_append_new)
    json_array_get                           0x08007be1   Thumb Code    28  value.o(i.json_array_get)
    json_array_size                          0x08007c49   Thumb Code    18  value.o(i.json_array_size)
    json_delete                              0x08007cbb   Thumb Code    84  value.o(i.json_delete)
    json_dump_callback                       0x08007d0f   Thumb Code    42  dump.o(i.json_dump_callback)
    json_dumps                               0x08007d39   Thumb Code    62  dump.o(i.json_dumps)
    json_false                               0x08007d7d   Thumb Code     4  value.o(i.json_false)
    json_integer                             0x08007da5   Thumb Code    28  value.o(i.json_integer)
    json_integer_value                       0x08007dc1   Thumb Code    24  value.o(i.json_integer_value)
    json_loads                               0x08007dd9   Thumb Code    82  load.o(i.json_loads)
    json_null                                0x08007e4d   Thumb Code     4  value.o(i.json_null)
    json_number_value                        0x08007e55   Thumb Code    38  value.o(i.json_number_value)
    json_object                              0x08007e7d   Thumb Code    70  value.o(i.json_object)
    json_object_clear                        0x08007ec9   Thumb Code    32  value.o(i.json_object_clear)
    json_object_get                          0x08007ee9   Thumb Code    28  value.o(i.json_object_get)
    json_object_iter                         0x08007f05   Thumb Code    24  value.o(i.json_object_iter)
    json_object_iter_key                     0x08007f1d   Thumb Code    12  value.o(i.json_object_iter_key)
    json_object_iter_next                    0x08007f29   Thumb Code    28  value.o(i.json_object_iter_next)
    json_object_iter_value                   0x08007f45   Thumb Code    12  value.o(i.json_object_iter_value)
    json_object_key_to_iter                  0x08007f51   Thumb Code     8  value.o(i.json_object_key_to_iter)
    json_object_seed                         0x08007f59   Thumb Code    34  hashtable_seed.o(i.json_object_seed)
    json_object_set_new                      0x08007f81   Thumb Code    52  value.o(i.json_object_set_new)
    json_object_set_new_nocheck              0x08007fb5   Thumb Code    58  value.o(i.json_object_set_new_nocheck)
    json_object_size                         0x08007ff5   Thumb Code    18  value.o(i.json_object_size)
    json_pack                                0x08008007   Thumb Code    24  pack_unpack.o(i.json_pack)
    json_real                                0x0800801f   Thumb Code    52  value.o(i.json_real)
    json_real_value                          0x08008053   Thumb Code    24  value.o(i.json_real_value)
    json_string_length                       0x0800806b   Thumb Code    18  value.o(i.json_string_length)
    json_string_value                        0x0800807d   Thumb Code    18  value.o(i.json_string_value)
    json_stringn_nocheck                     0x0800808f   Thumb Code    10  value.o(i.json_stringn_nocheck)
    json_true                                0x08008099   Thumb Code     4  value.o(i.json_true)
    json_unpack                              0x080080a1   Thumb Code    26  pack_unpack.o(i.json_unpack)
    json_vpack_ex                            0x080080bd   Thumb Code   128  pack_unpack.o(i.json_vpack_ex)
    json_vunpack_ex                          0x08008181   Thumb Code   144  pack_unpack.o(i.json_vunpack_ex)
    jsonp_dtostr                             0x08008271   Thumb Code   150  strconv.o(i.jsonp_dtostr)
    jsonp_error_init                         0x08008311   Thumb Code    34  error.o(i.jsonp_error_init)
    jsonp_error_set                          0x08008333   Thumb Code    16  error.o(i.jsonp_error_set)
    jsonp_error_set_source                   0x08008345   Thumb Code    56  error.o(i.jsonp_error_set_source)
    jsonp_error_vset                         0x08008381   Thumb Code    44  error.o(i.jsonp_error_vset)
    jsonp_free                               0x080083ad   Thumb Code    12  memory.o(i.jsonp_free)
    jsonp_malloc                             0x080083bd   Thumb Code    12  memory.o(i.jsonp_malloc)
    jsonp_strdup                             0x080083cd   Thumb Code    18  memory.o(i.jsonp_strdup)
    jsonp_stringn_nocheck_own                0x080083df   Thumb Code    10  value.o(i.jsonp_stringn_nocheck_own)
    jsonp_strndup                            0x080083e9   Thumb Code    36  memory.o(i.jsonp_strndup)
    jsonp_strtod                             0x0800840d   Thumb Code    90  strconv.o(i.jsonp_strtod)
    malloc                                   0x08008a81   Thumb Code    92  malloc.o(i.malloc)
    strbuffer_append_byte                    0x0800943d   Thumb Code    12  strbuffer.o(i.strbuffer_append_byte)
    strbuffer_append_bytes                   0x08009449   Thumb Code   108  strbuffer.o(i.strbuffer_append_bytes)
    strbuffer_clear                          0x080094b9   Thumb Code    10  strbuffer.o(i.strbuffer_clear)
    strbuffer_close                          0x080094c3   Thumb Code    24  strbuffer.o(i.strbuffer_close)
    strbuffer_init                           0x080094db   Thumb Code    34  strbuffer.o(i.strbuffer_init)
    strbuffer_pop                            0x080094fd   Thumb Code    24  strbuffer.o(i.strbuffer_pop)
    strbuffer_steal_value                    0x08009515   Thumb Code    10  strbuffer.o(i.strbuffer_steal_value)
    strbuffer_value                          0x0800951f   Thumb Code     4  strbuffer.o(i.strbuffer_value)
    strtod                                   0x080096a9   Thumb Code    28  strtod.o(i.strtod)
    utf8_check_first                         0x08009e7d   Thumb Code    60  utf.o(i.utf8_check_first)
    utf8_check_full                          0x08009eb9   Thumb Code   126  utf.o(i.utf8_check_full)
    utf8_check_string                        0x08009f41   Thumb Code    62  utf.o(i.utf8_check_string)
    utf8_encode                              0x08009f81   Thumb Code   120  utf.o(i.utf8_encode)
    utf8_iterate                             0x08009ffd   Thumb Code    64  utf.o(i.utf8_iterate)
    __ctype_table                            0x0800a08c   Data         129  ctype_o.o(.constdata)
    Region$$Table$$Base                      0x0800a154   Number         0  anon$$obj.o(Region$$Table)
    Region$$Table$$Limit                     0x0800a174   Number         0  anon$$obj.o(Region$$Table)
    send_enable                              0x20000000   Data           1  main.o(.data)
    send_trash_enable                        0x20000001   Data           1  main.o(.data)
    Weight_Shiwu                             0x20000004   Data           4  main.o(.data)
    Weight_Send                              0x20000008   Data           4  main.o(.data)
    StartTask_Handler                        0x2000000c   Data           4  main.o(.data)
    KeyTask_Handler                          0x20000010   Data           4  main.o(.data)
    Task1Task_Handler                        0x20000014   Data           4  main.o(.data)
    Task2Task_Handler                        0x20000018   Data           4  main.o(.data)
    SystemCoreClock                          0x2000001c   Data           4  system_stm32f10x.o(.data)
    AHBPrescTable                            0x20000020   Data          16  system_stm32f10x.o(.data)
    key_wakeup                               0x20000030   Data           1  exti.o(.data)
    Scan_Wtime                               0x20000033   Data           1  sim800c.o(.data)
    USART2_RX_STA                            0x20000036   Data           2  usart2.o(.data)
    Distance                                 0x20000038   Data           4  wave.o(.data)
    USART_RX_STA                             0x20000040   Data           2  usart.o(.data)
    __stdout                                 0x20000044   Data           4  usart.o(.data)
    pxCurrentTCB                             0x2000005c   Data           4  tasks.o(.data)
    hashtable_seed                           0x200000f0   Data           4  hashtable_seed.o(.data)
    __microlib_freelist                      0x200000f8   Data           4  mvars.o(.data)
    __microlib_freelist_initialised          0x200000fc   Data           4  mvars.o(.data)
    USART2_TX_BUF                            0x20000100   Data        1024  usart2.o(.bss)
    USART2_RX_BUF                            0x20000500   Data        1024  usart2.o(.bss)
    USART_RX_BUF                             0x20000900   Data         200  usart.o(.bss)
    xQueueRegistry                           0x200009c8   Data          64  queue.o(.bss)
    __heap_base                              0x20005d18   Data           0  startup_stm32f10x_hd.o(HEAP)
    __heap_limit                             0x20006918   Data           0  startup_stm32f10x_hd.o(HEAP)
    __initial_sp                             0x20006d18   Data           0  startup_stm32f10x_hd.o(STACK)



==============================================================================

Memory Map of the image

  Image Entry point : 0x08000131

  Load Region LR_IROM1 (Base: 0x08000000, Size: 0x0000a274, Max: 0x00040000, ABSOLUTE)

    Execution Region ER_IROM1 (Base: 0x08000000, Size: 0x0000a174, Max: 0x00040000, ABSOLUTE)

    Base Addr    Size         Type   Attr      Idx    E Section Name        Object

    0x08000000   0x00000130   Data   RO          531    RESET               startup_stm32f10x_hd.o
    0x08000130   0x00000000   Code   RO         2029  * .ARM.Collect$$$$00000000  mc_w.l(entry.o)
    0x08000130   0x00000004   Code   RO         2404    .ARM.Collect$$$$00000001  mc_w.l(entry2.o)
    0x08000134   0x00000004   Code   RO         2407    .ARM.Collect$$$$00000004  mc_w.l(entry5.o)
    0x08000138   0x00000000   Code   RO         2409    .ARM.Collect$$$$00000008  mc_w.l(entry7b.o)
    0x08000138   0x00000000   Code   RO         2411    .ARM.Collect$$$$0000000A  mc_w.l(entry8b.o)
    0x08000138   0x00000008   Code   RO         2412    .ARM.Collect$$$$0000000B  mc_w.l(entry9a.o)
    0x08000140   0x00000000   Code   RO         2414    .ARM.Collect$$$$0000000D  mc_w.l(entry10a.o)
    0x08000140   0x00000000   Code   RO         2416    .ARM.Collect$$$$0000000F  mc_w.l(entry11a.o)
    0x08000140   0x00000004   Code   RO         2405    .ARM.Collect$$$$00002712  mc_w.l(entry2.o)
    0x08000144   0x00000096   Code   RO          749    .emb_text           port.o
    0x080001da   0x00000002   PAD
    0x080001dc   0x0000041c   Code   RO            1    .text               main.o
    0x080005f8   0x0000000c   Code   RO          191    .text               stm32f10x_it.o
    0x08000604   0x00000158   Code   RO          232    .text               system_stm32f10x.o
    0x0800075c   0x00000054   Code   RO          250    .text               led.o
    0x080007b0   0x00000084   Code   RO          293    .text               timer.o
    0x08000834   0x00000234   Code   RO          305    .text               exti.o
    0x08000a68   0x0000013c   Code   RO          331    .text               key.o
    0x08000ba4   0x000000d8   Code   RO          344    .text               hx711.o
    0x08000c7c   0x0000002c   Code   RO          356    .text               motor.o
    0x08000ca8   0x00000560   Code   RO          368    .text               sim800c.o
    0x08001208   0x000002b4   Code   RO          392    .text               usart2.o
    0x080014bc   0x000000d8   Code   RO          412    .text               hx711_left.o
    0x08001594   0x000000d8   Code   RO          424    .text               hx711_right.o
    0x0800166c   0x00000130   Code   RO          436    .text               wave.o
    0x0800179c   0x000000d8   Code   RO          451    .text               delay.o
    0x08001874   0x00000114   Code   RO          492    .text               usart.o
    0x08001988   0x00000024   Code   RO          532    .text               startup_stm32f10x_hd.o
    0x080019ac   0x000000b0   Code   RO          536    .text               misc.o
    0x08001a5c   0x00000264   Code   RO          548    .text               stm32f10x_gpio.o
    0x08001cc0   0x000002b8   Code   RO          560    .text               stm32f10x_rcc.o
    0x08001f78   0x00000328   Code   RO          574    .text               stm32f10x_usart.o
    0x080022a0   0x00000af0   Code   RO          586    .text               stm32f10x_tim.o
    0x08002d90   0x000000e8   Code   RO          599    .text               stm32f10x_exti.o
    0x08002e78   0x000001c8   Code   RO          611    .text               stm32f10x_dma.o
    0x08003040   0x00000088   Code   RO          668    .text               list.o
    0x080030c8   0x00000aac   Code   RO          680    .text               queue.o
    0x08003b74   0x0000134c   Code   RO          702    .text               tasks.o
    0x08004ec0   0x00000518   Code   RO          734    .text               timers.o
    0x080053d8   0x000001f8   Code   RO          750    .text               port.o
    0x080055d0   0x00000214   Code   RO          780    .text               heap_4.o
    0x080057e4   0x00000004   Code   RO          819    .text               jansson_config.o
    0x080057e8   0x0000002c   Code   RO         2052    .text               mc_w.l(uidiv.o)
    0x08005814   0x0000009c   Code   RO         2054    .text               mc_w.l(qsort.o)
    0x080058b0   0x00000040   Code   RO         2060    .text               mc_w.l(memmovea.o)
    0x080058f0   0x00000024   Code   RO         2062    .text               mc_w.l(memseta.o)
    0x08005914   0x00000024   Code   RO         2064    .text               mc_w.l(strstr.o)
    0x08005938   0x00000014   Code   RO         2066    .text               mc_w.l(strchr.o)
    0x0800594c   0x0000000e   Code   RO         2068    .text               mc_w.l(strlen.o)
    0x0800595a   0x0000001c   Code   RO         2070    .text               mc_w.l(strcmp.o)
    0x08005976   0x00000014   Code   RO         2072    .text               mc_w.l(memchr.o)
    0x0800598a   0x00000012   Code   RO         2076    .text               mc_w.l(strcpy.o)
    0x0800599c   0x00000004   Code   RO         2380    .text               mc_w.l(strtoll.o)
    0x080059a0   0x000000b0   Code   RO         2382    .text               mf_w.l(fadd.o)
    0x08005a50   0x000000e4   Code   RO         2384    .text               mf_w.l(dmul.o)
    0x08005b34   0x000000de   Code   RO         2386    .text               mf_w.l(ddiv.o)
    0x08005c12   0x0000000a   Code   RO         2388    .text               mf_w.l(ffltui.o)
    0x08005c1c   0x00000028   Code   RO         2392    .text               mf_w.l(dfltl.o)
    0x08005c44   0x00000042   Code   RO         2394    .text               mf_w.l(ffixl.o)
    0x08005c86   0x00000026   Code   RO         2398    .text               mf_w.l(f2d.o)
    0x08005cac   0x00000030   Code   RO         2400    .text               mf_w.l(cdcmple.o)
    0x08005cdc   0x00000038   Code   RO         2402    .text               mf_w.l(d2f.o)
    0x08005d14   0x00000062   Code   RO         2419    .text               mc_w.l(uldiv.o)
    0x08005d76   0x0000001e   Code   RO         2421    .text               mc_w.l(llshl.o)
    0x08005d94   0x00000020   Code   RO         2423    .text               mc_w.l(llushr.o)
    0x08005db4   0x0000009c   Code   RO         2427    .text               mc_w.l(strtod.o)
    0x08005e50   0x00000090   Code   RO         2429    .text               mc_w.l(__strtoll.o)
    0x08005ee0   0x00000000   Code   RO         2431    .text               mc_w.l(iusefp.o)
    0x08005ee0   0x0000006e   Code   RO         2433    .text               mf_w.l(fepilogue.o)
    0x08005f4e   0x000000ba   Code   RO         2435    .text               mf_w.l(depilogue.o)
    0x08006008   0x0000014e   Code   RO         2437    .text               mf_w.l(dadd.o)
    0x08006156   0x00000030   Code   RO         2439    .text               mf_w.l(dfixul.o)
    0x08006186   0x00000002   PAD
    0x08006188   0x00000030   Code   RO         2441    .text               mf_w.l(cdrcmple.o)
    0x080061b8   0x00000024   Code   RO         2443    .text               mc_w.l(init.o)
    0x080061dc   0x00000024   Code   RO         2445    .text               mc_w.l(llsshr.o)
    0x08006200   0x00000008   Code   RO         2449    .text               mc_w.l(ctype_o.o)
    0x08006208   0x00000012   Code   RO         2471    .text               mc_w.l(isspace_o.o)
    0x0800621a   0x00000002   PAD
    0x0800621c   0x00000338   Code   RO         2477    .text               mc_w.l(scanf_fp.o)
    0x08006554   0x00000040   Code   RO         2481    .text               mc_w.l(_sgetc.o)
    0x08006594   0x000000c2   Code   RO         2483    .text               mc_w.l(_strtoull.o)
    0x08006656   0x0000001c   Code   RO         2488    .text               mc_w.l(_chval.o)
    0x08006672   0x00000018   Code   RO         2490    .text               mf_w.l(dfltul.o)
    0x0800668a   0x00000002   PAD
    0x0800668c   0x00000020   Code   RO         2317    i.__0printf         mc_w.l(printfa.o)
    0x080066ac   0x00000030   Code   RO         2318    i.__0snprintf       mc_w.l(printfa.o)
    0x080066dc   0x00000028   Code   RO         2319    i.__0sprintf        mc_w.l(printfa.o)
    0x08006704   0x0000002c   Code   RO         2322    i.__0vsnprintf      mc_w.l(printfa.o)
    0x08006730   0x00000024   Code   RO         2323    i.__0vsprintf       mc_w.l(printfa.o)
    0x08006754   0x0000001a   Code   RO          893    i.__ARM_common_switch8  jansson_CM3LE.lib(dump.o)
    0x0800676e   0x00000016   Code   RO         1586    i.__ARM_isinf       jansson_CM3LE.lib(value.o)
    0x08006784   0x00000018   Code   RO         1591    i.__ARM_isnan       jansson_CM3LE.lib(value.o)
    0x0800679c   0x00000008   Code   RO         2373    i.__aeabi_errno_addr  mc_w.l(errno.o)
    0x080067a4   0x0000000e   Code   RO         2494    i.__scatterload_copy  mc_w.l(handlers.o)
    0x080067b2   0x00000002   Code   RO         2495    i.__scatterload_null  mc_w.l(handlers.o)
    0x080067b4   0x0000000e   Code   RO         2496    i.__scatterload_zeroinit  mc_w.l(handlers.o)
    0x080067c2   0x00000002   PAD
    0x080067c4   0x00000184   Code   RO         2324    i._fp_digits        mc_w.l(printfa.o)
    0x08006948   0x0000000e   Code   RO         2479    i._is_digit         mc_w.l(scanf_fp.o)
    0x08006956   0x00000002   PAD
    0x08006958   0x000006dc   Code   RO         2325    i._printf_core      mc_w.l(printfa.o)
    0x08007034   0x00000024   Code   RO         2326    i._printf_post_padding  mc_w.l(printfa.o)
    0x08007058   0x0000002e   Code   RO         2327    i._printf_pre_padding  mc_w.l(printfa.o)
    0x08007086   0x00000016   Code   RO         2328    i._snputc           mc_w.l(printfa.o)
    0x0800709c   0x0000000a   Code   RO         2329    i._sputc            mc_w.l(printfa.o)
    0x080070a6   0x00000018   Code   RO         1240    i.array_copy        jansson_CM3LE.lib(value.o)
    0x080070be   0x00000016   Code   RO         1680    i.bucket_is_empty   jansson_CM3LE.lib(hashtable.o)
    0x080070d4   0x0000004c   Code   RO          941    i.decode_unicode_escape  jansson_CM3LE.lib(load.o)
    0x08007120   0x00000394   Code   RO          831    i.do_dump           jansson_CM3LE.lib(dump.o)
    0x080074b4   0x00000060   Code   RO          832    i.dump_indent       jansson_CM3LE.lib(dump.o)
    0x08007514   0x0000014c   Code   RO          833    i.dump_string       jansson_CM3LE.lib(dump.o)
    0x08007660   0x00000010   Code   RO          835    i.dump_to_strbuffer  jansson_CM3LE.lib(dump.o)
    0x08007670   0x000000c0   Code   RO          942    i.error_set         jansson_CM3LE.lib(load.o)
    0x08007730   0x00000050   Code   RO         2345    i.free              mc_w.l(malloc.o)
    0x08007780   0x00000144   Code   RO         1681    i.hashlittle        jansson_CM3LE.lib(hashtable.o)
    0x080078c4   0x00000034   Code   RO         1682    i.hashtable_clear   jansson_CM3LE.lib(hashtable.o)
    0x080078f8   0x00000010   Code   RO         1683    i.hashtable_close   jansson_CM3LE.lib(hashtable.o)
    0x08007908   0x00000022   Code   RO         1685    i.hashtable_do_clear  jansson_CM3LE.lib(hashtable.o)
    0x0800792a   0x00000076   Code   RO         1687    i.hashtable_do_rehash  jansson_CM3LE.lib(hashtable.o)
    0x080079a0   0x0000003c   Code   RO         1688    i.hashtable_find_pair  jansson_CM3LE.lib(hashtable.o)
    0x080079dc   0x00000040   Code   RO         1689    i.hashtable_get     jansson_CM3LE.lib(hashtable.o)
    0x08007a1c   0x00000048   Code   RO         1690    i.hashtable_init    jansson_CM3LE.lib(hashtable.o)
    0x08007a64   0x0000000c   Code   RO         1691    i.hashtable_iter    jansson_CM3LE.lib(hashtable.o)
    0x08007a70   0x00000004   Code   RO         1693    i.hashtable_iter_key  jansson_CM3LE.lib(hashtable.o)
    0x08007a74   0x0000000e   Code   RO         1694    i.hashtable_iter_next  jansson_CM3LE.lib(hashtable.o)
    0x08007a82   0x00000004   Code   RO         1695    i.hashtable_iter_serial  jansson_CM3LE.lib(hashtable.o)
    0x08007a86   0x00000004   Code   RO         1697    i.hashtable_iter_value  jansson_CM3LE.lib(hashtable.o)
    0x08007a8a   0x00000002   PAD
    0x08007a8c   0x000000ac   Code   RO         1698    i.hashtable_set     jansson_CM3LE.lib(hashtable.o)
    0x08007b38   0x0000002a   Code   RO         1699    i.insert_to_bucket  jansson_CM3LE.lib(hashtable.o)
    0x08007b62   0x00000036   Code   RO         1242    i.json_array        jansson_CM3LE.lib(value.o)
    0x08007b98   0x00000048   Code   RO         1243    i.json_array_append_new  jansson_CM3LE.lib(value.o)
    0x08007be0   0x0000001c   Code   RO         1246    i.json_array_get    jansson_CM3LE.lib(value.o)
    0x08007bfc   0x0000004c   Code   RO         1247    i.json_array_grow   jansson_CM3LE.lib(value.o)
    0x08007c48   0x00000012   Code   RO         1251    i.json_array_size   jansson_CM3LE.lib(value.o)
    0x08007c5a   0x00000018   Code   RO          943    i.json_decref       jansson_CM3LE.lib(load.o)
    0x08007c72   0x00000018   Code   RO         1105    i.json_decref       jansson_CM3LE.lib(pack_unpack.o)
    0x08007c8a   0x00000018   Code   RO         1253    i.json_decref       jansson_CM3LE.lib(value.o)
    0x08007ca2   0x00000018   Code   RO         1700    i.json_decref       jansson_CM3LE.lib(hashtable.o)
    0x08007cba   0x00000054   Code   RO         1255    i.json_delete       jansson_CM3LE.lib(value.o)
    0x08007d0e   0x0000002a   Code   RO          836    i.json_dump_callback  jansson_CM3LE.lib(dump.o)
    0x08007d38   0x00000044   Code   RO          839    i.json_dumps        jansson_CM3LE.lib(dump.o)
    0x08007d7c   0x00000008   Code   RO         1257    i.json_false        jansson_CM3LE.lib(value.o)
    0x08007d84   0x00000010   Code   RO          944    i.json_incref       jansson_CM3LE.lib(load.o)
    0x08007d94   0x00000010   Code   RO         1106    i.json_incref       jansson_CM3LE.lib(pack_unpack.o)
    0x08007da4   0x0000001c   Code   RO         1259    i.json_integer      jansson_CM3LE.lib(value.o)
    0x08007dc0   0x00000018   Code   RO         1261    i.json_integer_value  jansson_CM3LE.lib(value.o)
    0x08007dd8   0x00000074   Code   RO          949    i.json_loads        jansson_CM3LE.lib(load.o)
    0x08007e4c   0x00000008   Code   RO         1262    i.json_null         jansson_CM3LE.lib(value.o)
    0x08007e54   0x00000026   Code   RO         1263    i.json_number_value  jansson_CM3LE.lib(value.o)
    0x08007e7a   0x00000002   PAD
    0x08007e7c   0x0000004c   Code   RO         1264    i.json_object       jansson_CM3LE.lib(value.o)
    0x08007ec8   0x00000020   Code   RO         1265    i.json_object_clear  jansson_CM3LE.lib(value.o)
    0x08007ee8   0x0000001c   Code   RO         1269    i.json_object_get   jansson_CM3LE.lib(value.o)
    0x08007f04   0x00000018   Code   RO         1270    i.json_object_iter  jansson_CM3LE.lib(value.o)
    0x08007f1c   0x0000000c   Code   RO         1272    i.json_object_iter_key  jansson_CM3LE.lib(value.o)
    0x08007f28   0x0000001c   Code   RO         1273    i.json_object_iter_next  jansson_CM3LE.lib(value.o)
    0x08007f44   0x0000000c   Code   RO         1275    i.json_object_iter_value  jansson_CM3LE.lib(value.o)
    0x08007f50   0x00000008   Code   RO         1276    i.json_object_key_to_iter  jansson_CM3LE.lib(value.o)
    0x08007f58   0x00000028   Code   RO         2007    i.json_object_seed  jansson_CM3LE.lib(hashtable_seed.o)
    0x08007f80   0x00000034   Code   RO         1277    i.json_object_set_new  jansson_CM3LE.lib(value.o)
    0x08007fb4   0x00000040   Code   RO         1278    i.json_object_set_new_nocheck  jansson_CM3LE.lib(value.o)
    0x08007ff4   0x00000012   Code   RO         1280    i.json_object_size  jansson_CM3LE.lib(value.o)
    0x08008006   0x00000018   Code   RO         1107    i.json_pack         jansson_CM3LE.lib(pack_unpack.o)
    0x0800801e   0x00000034   Code   RO         1284    i.json_real         jansson_CM3LE.lib(value.o)
    0x08008052   0x00000018   Code   RO         1286    i.json_real_value   jansson_CM3LE.lib(value.o)
    0x0800806a   0x00000012   Code   RO         1289    i.json_string_length  jansson_CM3LE.lib(value.o)
    0x0800807c   0x00000012   Code   RO         1295    i.json_string_value  jansson_CM3LE.lib(value.o)
    0x0800808e   0x0000000a   Code   RO         1297    i.json_stringn_nocheck  jansson_CM3LE.lib(value.o)
    0x08008098   0x00000008   Code   RO         1298    i.json_true         jansson_CM3LE.lib(value.o)
    0x080080a0   0x0000001a   Code   RO         1109    i.json_unpack       jansson_CM3LE.lib(pack_unpack.o)
    0x080080ba   0x00000002   PAD
    0x080080bc   0x000000c4   Code   RO         1111    i.json_vpack_ex     jansson_CM3LE.lib(pack_unpack.o)
    0x08008180   0x000000f0   Code   RO         1112    i.json_vunpack_ex   jansson_CM3LE.lib(pack_unpack.o)
    0x08008270   0x000000a0   Code   RO         1943    i.jsonp_dtostr      jansson_CM3LE.lib(strconv.o)
    0x08008310   0x00000022   Code   RO         1635    i.jsonp_error_init  jansson_CM3LE.lib(error.o)
    0x08008332   0x00000010   Code   RO         1636    i.jsonp_error_set   jansson_CM3LE.lib(error.o)
    0x08008342   0x00000002   PAD
    0x08008344   0x0000003c   Code   RO         1637    i.jsonp_error_set_source  jansson_CM3LE.lib(error.o)
    0x08008380   0x0000002c   Code   RO         1638    i.jsonp_error_vset  jansson_CM3LE.lib(error.o)
    0x080083ac   0x00000010   Code   RO         1838    i.jsonp_free        jansson_CM3LE.lib(memory.o)
    0x080083bc   0x00000010   Code   RO         1839    i.jsonp_malloc      jansson_CM3LE.lib(memory.o)
    0x080083cc   0x00000012   Code   RO         1840    i.jsonp_strdup      jansson_CM3LE.lib(memory.o)
    0x080083de   0x0000000a   Code   RO         1299    i.jsonp_stringn_nocheck_own  jansson_CM3LE.lib(value.o)
    0x080083e8   0x00000024   Code   RO         1841    i.jsonp_strndup     jansson_CM3LE.lib(memory.o)
    0x0800840c   0x00000064   Code   RO         1944    i.jsonp_strtod      jansson_CM3LE.lib(strconv.o)
    0x08008470   0x0000001c   Code   RO          950    i.lex_close         jansson_CM3LE.lib(load.o)
    0x0800848c   0x00000012   Code   RO          951    i.lex_free_string   jansson_CM3LE.lib(load.o)
    0x0800849e   0x00000008   Code   RO          952    i.lex_get           jansson_CM3LE.lib(load.o)
    0x080084a6   0x0000001e   Code   RO          953    i.lex_get_save      jansson_CM3LE.lib(load.o)
    0x080084c4   0x00000030   Code   RO          954    i.lex_init          jansson_CM3LE.lib(load.o)
    0x080084f4   0x0000000c   Code   RO          955    i.lex_save          jansson_CM3LE.lib(load.o)
    0x08008500   0x00000138   Code   RO          956    i.lex_scan          jansson_CM3LE.lib(load.o)
    0x08008638   0x0000018c   Code   RO          957    i.lex_scan_number   jansson_CM3LE.lib(load.o)
    0x080087c4   0x00000288   Code   RO          958    i.lex_scan_string   jansson_CM3LE.lib(load.o)
    0x08008a4c   0x00000026   Code   RO          959    i.lex_unget_unsave  jansson_CM3LE.lib(load.o)
    0x08008a72   0x0000000e   Code   RO         1701    i.list_insert       jansson_CM3LE.lib(hashtable.o)
    0x08008a80   0x0000006c   Code   RO         2346    i.malloc            mc_w.l(malloc.o)
    0x08008aec   0x00000080   Code   RO         1113    i.next_token        jansson_CM3LE.lib(pack_unpack.o)
    0x08008b6c   0x0000000c   Code   RO          840    i.object_key_compare_keys  jansson_CM3LE.lib(dump.o)
    0x08008b78   0x0000001a   Code   RO          841    i.object_key_compare_serials  jansson_CM3LE.lib(dump.o)
    0x08008b92   0x00000002   PAD
    0x08008b94   0x00000118   Code   RO         1114    i.pack              jansson_CM3LE.lib(pack_unpack.o)
    0x08008cac   0x000000b0   Code   RO         1115    i.pack_array        jansson_CM3LE.lib(pack_unpack.o)
    0x08008d5c   0x00000130   Code   RO         1116    i.pack_object       jansson_CM3LE.lib(pack_unpack.o)
    0x08008e8c   0x00000094   Code   RO          960    i.parse_array       jansson_CM3LE.lib(load.o)
    0x08008f20   0x00000094   Code   RO          961    i.parse_json        jansson_CM3LE.lib(load.o)
    0x08008fb4   0x00000180   Code   RO          962    i.parse_object      jansson_CM3LE.lib(load.o)
    0x08009134   0x00000140   Code   RO          963    i.parse_value       jansson_CM3LE.lib(load.o)
    0x08009274   0x00000014   Code   RO         1117    i.prev_token        jansson_CM3LE.lib(pack_unpack.o)
    0x08009288   0x0000015c   Code   RO         1118    i.read_string       jansson_CM3LE.lib(pack_unpack.o)
    0x080093e4   0x0000002c   Code   RO         1119    i.scanner_init      jansson_CM3LE.lib(pack_unpack.o)
    0x08009410   0x0000002c   Code   RO         1120    i.set_error         jansson_CM3LE.lib(pack_unpack.o)
    0x0800943c   0x0000000c   Code   RO         1884    i.strbuffer_append_byte  jansson_CM3LE.lib(strbuffer.o)
    0x08009448   0x00000070   Code   RO         1885    i.strbuffer_append_bytes  jansson_CM3LE.lib(strbuffer.o)
    0x080094b8   0x0000000a   Code   RO         1886    i.strbuffer_clear   jansson_CM3LE.lib(strbuffer.o)
    0x080094c2   0x00000018   Code   RO         1887    i.strbuffer_close   jansson_CM3LE.lib(strbuffer.o)
    0x080094da   0x00000022   Code   RO         1888    i.strbuffer_init    jansson_CM3LE.lib(strbuffer.o)
    0x080094fc   0x00000018   Code   RO         1889    i.strbuffer_pop     jansson_CM3LE.lib(strbuffer.o)
    0x08009514   0x0000000a   Code   RO         1890    i.strbuffer_steal_value  jansson_CM3LE.lib(strbuffer.o)
    0x0800951e   0x00000004   Code   RO         1891    i.strbuffer_value   jansson_CM3LE.lib(strbuffer.o)
    0x08009522   0x00000002   PAD
    0x08009524   0x000000e4   Code   RO          964    i.stream_get        jansson_CM3LE.lib(load.o)
    0x08009608   0x0000004a   Code   RO          965    i.stream_unget      jansson_CM3LE.lib(load.o)
    0x08009652   0x0000003e   Code   RO         1300    i.string_create     jansson_CM3LE.lib(value.o)
    0x08009690   0x00000018   Code   RO          966    i.string_get        jansson_CM3LE.lib(load.o)
    0x080096a8   0x0000001c   Code   RO         2026    i.strtod            m_ws.l(strtod.o)
    0x080096c4   0x00000334   Code   RO         1121    i.unpack            jansson_CM3LE.lib(pack_unpack.o)
    0x080099f8   0x000001dc   Code   RO         1122    i.unpack_array      jansson_CM3LE.lib(pack_unpack.o)
    0x08009bd4   0x000002a8   Code   RO         1123    i.unpack_object     jansson_CM3LE.lib(pack_unpack.o)
    0x08009e7c   0x0000003c   Code   RO         1971    i.utf8_check_first  jansson_CM3LE.lib(utf.o)
    0x08009eb8   0x00000088   Code   RO         1972    i.utf8_check_full   jansson_CM3LE.lib(utf.o)
    0x08009f40   0x0000003e   Code   RO         1973    i.utf8_check_string  jansson_CM3LE.lib(utf.o)
    0x08009f7e   0x00000002   PAD
    0x08009f80   0x0000007c   Code   RO         1974    i.utf8_encode       jansson_CM3LE.lib(utf.o)
    0x08009ffc   0x00000040   Code   RO         1975    i.utf8_iterate      jansson_CM3LE.lib(utf.o)
    0x0800a03c   0x00000021   Data   RO          842    .constdata          jansson_CM3LE.lib(dump.o)
    0x0800a05d   0x00000003   PAD
    0x0800a060   0x0000002c   Data   RO         1124    .constdata          jansson_CM3LE.lib(pack_unpack.o)
    0x0800a08c   0x00000081   Data   RO         2450    .constdata          mc_w.l(ctype_o.o)
    0x0800a10d   0x00000003   PAD
    0x0800a110   0x00000004   Data   RO         2451    .constdata          mc_w.l(ctype_o.o)
    0x0800a114   0x0000003e   Data   RO         1125    .conststring        jansson_CM3LE.lib(pack_unpack.o)
    0x0800a152   0x00000002   PAD
    0x0800a154   0x00000020   Data   RO         2492    Region$$Table       anon$$obj.o


    Execution Region RW_IRAM1 (Base: 0x20000000, Size: 0x00006d18, Max: 0x0000c000, ABSOLUTE)

    Base Addr    Size         Type   Attr      Idx    E Section Name        Object

    0x20000000   0x0000001c   Data   RW            2    .data               main.o
    0x2000001c   0x00000014   Data   RW          233    .data               system_stm32f10x.o
    0x20000030   0x00000001   Data   RW          306    .data               exti.o
    0x20000031   0x00000002   Data   RW          332    .data               key.o
    0x20000033   0x00000001   Data   RW          369    .data               sim800c.o
    0x20000034   0x00000004   Data   RW          394    .data               usart2.o
    0x20000038   0x00000004   Data   RW          437    .data               wave.o
    0x2000003c   0x00000004   Data   RW          452    .data               delay.o
    0x20000040   0x00000002   Data   RW          494    .data               usart.o
    0x20000042   0x00000002   PAD
    0x20000044   0x00000004   Data   RW          495    .data               usart.o
    0x20000048   0x00000014   Data   RW          561    .data               stm32f10x_rcc.o
    0x2000005c   0x0000003c   Data   RW          704    .data               tasks.o
    0x20000098   0x00000014   Data   RW          736    .data               timers.o
    0x200000ac   0x0000000c   Data   RW          751    .data               port.o
    0x200000b8   0x00000018   Data   RW          782    .data               heap_4.o
    0x200000d0   0x00000018   Data   RW         1301    .data               jansson_CM3LE.lib(value.o)
    0x200000e8   0x00000008   Data   RW         1842    .data               jansson_CM3LE.lib(memory.o)
    0x200000f0   0x00000004   Data   RW         2008    .data               jansson_CM3LE.lib(hashtable_seed.o)
    0x200000f4   0x00000004   Data   RW         2376    .data               mc_w.l(errno.o)
    0x200000f8   0x00000004   Data   RW         2425    .data               mc_w.l(mvars.o)
    0x200000fc   0x00000004   Data   RW         2426    .data               mc_w.l(mvars.o)
    0x20000100   0x00000800   Zero   RW          393    .bss                usart2.o
    0x20000900   0x000000c8   Zero   RW          493    .bss                usart.o
    0x200009c8   0x00000040   Zero   RW          681    .bss                queue.o
    0x20000a08   0x000002e4   Zero   RW          703    .bss                tasks.o
    0x20000cec   0x00000028   Zero   RW          735    .bss                timers.o
    0x20000d14   0x00005000   Zero   RW          781    .bss                heap_4.o
    0x20005d14   0x00000004   PAD
    0x20005d18   0x00000c00   Zero   RW          530    HEAP                startup_stm32f10x_hd.o
    0x20006918   0x00000400   Zero   RW          529    STACK               startup_stm32f10x_hd.o


==============================================================================

Image component sizes


      Code (inc. data)   RO Data    RW Data    ZI Data      Debug   Object Name

       216         12          0          4          0       1633   delay.o
         0          0          0          0          0      10328   event_groups.o
       564        120          0          1          0       1527   exti.o
       532         66          0         24      20480       3436   heap_4.o
       216          6          0          0          0        816   hx711.o
       216          6          0          0          0        846   hx711_left.o
       216          6          0          0          0        852   hx711_right.o
         4          0          0          0          0        874   jansson_config.o
       316         16          0          2          0       1186   key.o
         0          0          0          0          0       1452   lcd.o
        84         10          0          0          0        507   led.o
       136          0          0          0          0       1818   list.o
      1052        304          0         28          0     282516   main.o
       176         14          0          0          0       1913   misc.o
        44         14          0          0          0        553   motor.o
       654         94          0         12          0       7721   port.o
      2732         52          0          0         64      19572   queue.o
      1376        650          0          1          0       7071   sim800c.o
        36          8        304          0       4096        784   startup_stm32f10x_hd.o
       456         10          0          0          0       4666   stm32f10x_dma.o
       232          8          0          0          0       2419   stm32f10x_exti.o
       612         36          0          0          0       6041   stm32f10x_gpio.o
        12          0          0          0          0        895   stm32f10x_it.o
       696         32          0         20          0       9020   stm32f10x_rcc.o
      2800         84          0          0          0      23978   stm32f10x_tim.o
       808         22          0          0          0       8900   stm32f10x_usart.o
         0          0          0          0          0         32   sys.o
       344         34          0         20          0       1795   system_stm32f10x.o
      4940        180          0         60        740      33354   tasks.o
       132          4          0          0          0        805   timer.o
      1304        128          0         20         40       9092   timers.o
       276         16          0          6        200       3266   usart.o
       692         32          0          4       2048       3615   usart2.o
       304         34          0          4          0       1215   wave.o

    ----------------------------------------------------------------------
     22180       1998        336        208      27672     454498   Object Totals
         0          0         32          0          0          0   (incl. Generated)
         2          0          0          2          4          0   (incl. Padding)

    ----------------------------------------------------------------------

      Code (inc. data)   RO Data    RW Data    ZI Data      Debug   Library Member Name

      1534        162         33          0          0      17721   dump.o
       154          4          0          0          0       6085   error.o
      1052         32          0          0          0      18271   hashtable.o
        40          6          0          4          0       1280   hashtable_seed.o
      3288        680          0          0          0      19565   load.o
        86          8          0          8          0       6121   memory.o
      3846       1304        106          0          0      18116   pack_unpack.o
       230          4          0          0          0       4952   strbuffer.o
       260         20          0          0          0       1934   strconv.o
       446         14          0          0          0       3830   utf.o
      1088         32          0         24          0      27532   value.o
        28          0          0          0          0         80   strtod.o
       144          0          0          0          0         88   __strtoll.o
        28          0          0          0          0         68   _chval.o
        64          0          0          0          0         84   _sgetc.o
       194          0          0          0          0         96   _strtoull.o
         8          4        133          0          0         68   ctype_o.o
         0          0          0          0          0          0   entry.o
         0          0          0          0          0          0   entry10a.o
         0          0          0          0          0          0   entry11a.o
         8          4          0          0          0          0   entry2.o
         4          0          0          0          0          0   entry5.o
         0          0          0          0          0          0   entry7b.o
         0          0          0          0          0          0   entry8b.o
         8          4          0          0          0          0   entry9a.o
         8          4          0          4          0         68   errno.o
        30          0          0          0          0          0   handlers.o
        36          8          0          0          0         68   init.o
        18          0          0          0          0         76   isspace_o.o
         0          0          0          0          0          0   iusefp.o
        30          0          0          0          0         68   llshl.o
        36          0          0          0          0         68   llsshr.o
        32          0          0          0          0         68   llushr.o
       188         20          0          0          0        160   malloc.o
        20          0          0          0          0         68   memchr.o
        64          0          0          0          0         76   memmovea.o
        36          0          0          0          0        108   memseta.o
         0          0          0          8          0          0   mvars.o
      2458        110          0          0          0        916   printfa.o
       156          0          0          0          0         88   qsort.o
       838         12          0          0          0        216   scanf_fp.o
        20          0          0          0          0         68   strchr.o
        28          0          0          0          0         76   strcmp.o
        18          0          0          0          0         68   strcpy.o
        14          0          0          0          0         68   strlen.o
        36          0          0          0          0         80   strstr.o
       156         12          0          0          0        120   strtod.o
         4          0          0          0          0         68   strtoll.o
        44          0          0          0          0         80   uidiv.o
        98          0          0          0          0         92   uldiv.o
        48          0          0          0          0         68   cdcmple.o
        48          0          0          0          0         68   cdrcmple.o
        56          0          0          0          0         88   d2f.o
       334          0          0          0          0        148   dadd.o
       222          0          0          0          0        100   ddiv.o
       186          0          0          0          0        176   depilogue.o
        48          0          0          0          0         68   dfixul.o
        40          0          0          0          0         80   dfltl.o
        24          0          0          0          0         76   dfltul.o
       228          0          0          0          0         96   dmul.o
        38          0          0          0          0         68   f2d.o
       176          0          0          0          0        140   fadd.o
       110          0          0          0          0        168   fepilogue.o
        66          0          0          0          0         76   ffixl.o
        10          0          0          0          0         68   ffltui.o

    ----------------------------------------------------------------------
     18536       2444        280         48          0     130147   Library Totals
        24          0          8          0          0          0   (incl. Padding)

    ----------------------------------------------------------------------

      Code (inc. data)   RO Data    RW Data    ZI Data      Debug   Library Name

     12024       2266        139         36          0     125407   jansson_CM3LE.lib
        28          0          0          0          0         80   m_ws.l
      4826        178        133         12          0       3172   mc_w.l
      1634          0          0          0          0       1488   mf_w.l

    ----------------------------------------------------------------------
     18536       2444        280         48          0     130147   Library Totals

    ----------------------------------------------------------------------

==============================================================================


      Code (inc. data)   RO Data    RW Data    ZI Data      Debug   

     40716       4442        616        256      27672     573417   Grand Totals
     40716       4442        616        256      27672     573417   ELF Image Totals
     40716       4442        616        256          0          0   ROM Totals

==============================================================================

    Total RO  Size (Code + RO Data)                41332 (  40.36kB)
    Total RW  Size (RW Data + ZI Data)             27928 (  27.27kB)
    Total ROM Size (Code + RO Data + RW Data)      41588 (  40.61kB)

==============================================================================

