Component: ARM Compiler 5.06 update 3 (build 300) Tool: armlink [4d35c9]

==============================================================================

Section Cross References

    main.o(.text) refers to hx711.o(.text) for HX711_Read
    main.o(.text) refers to hx711_left.o(.text) for HX711_Read_Left
    main.o(.text) refers to hx711_right.o(.text) for HX711_Read_Right
    main.o(.text) refers to ffltui.o(.text) for __aeabi_ui2f
    main.o(.text) refers to delay.o(.text) for delay_ms
    main.o(.text) refers to sim800c.o(.text) for sim_touchuan_recv
    main.o(.text) refers to fadd.o(.text) for __aeabi_fsub
    main.o(.text) refers to f2d.o(.text) for __aeabi_f2d
    main.o(.text) refers to ddiv.o(.text) for __aeabi_ddiv
    main.o(.text) refers to d2f.o(.text) for __aeabi_d2f
    main.o(.text) refers to tasks.o(.text) for vTaskDelay
    main.o(.text) refers to motor.o(.text) for JudegTrash
    main.o(.text) refers to printfa.o(i.__0printf) for __2printf
    main.o(.text) refers to pack_unpack.o(i.json_pack) for json_pack
    main.o(.text) refers to dump.o(i.json_dumps) for json_dumps
    main.o(.text) refers to ffixl.o(.text) for __aeabi_f2lz
    main.o(.text) refers to value.o(i.json_integer) for json_integer
    main.o(.text) refers to value.o(i.json_object_set_new) for json_object_set_new
    main.o(.text) refers to malloc.o(i.free) for free
    main.o(.text) refers to port.o(.text) for vPortEnterCritical
    main.o(.text) refers to misc.o(.text) for NVIC_PriorityGroupConfig
    main.o(.text) refers to usart.o(.text) for uart_init
    main.o(.text) refers to led.o(.text) for LED_Init
    main.o(.text) refers to key.o(.text) for KEY_Init
    main.o(.text) refers to exti.o(.text) for EXTIX_Init
    main.o(.text) refers to usart2.o(.text) for USART2_Init
    main.o(.text) refers to main.o(.data) for .data
    main.o(.text) refers to exti.o(.data) for key_wakeup
    system_stm32f10x.o(.text) refers to system_stm32f10x.o(.data) for .data
    led.o(.text) refers to stm32f10x_rcc.o(.text) for RCC_APB2PeriphClockCmd
    led.o(.text) refers to stm32f10x_gpio.o(.text) for GPIO_Init
    lcd.o(.text) refers to delay.o(.text) for delay_us
    lcd.o(.text) refers to lcd.o(.bss) for .bss
    lcd.o(.text) refers to dfltui.o(.text) for __aeabi_ui2d
    lcd.o(.text) refers to dmul.o(.text) for __aeabi_dmul
    lcd.o(.text) refers to dfixui.o(.text) for __aeabi_d2uiz
    lcd.o(.text) refers to lcd.o(.data) for .data
    lcd.o(.text) refers to stm32f10x_rcc.o(.text) for RCC_APB2PeriphClockCmd
    lcd.o(.text) refers to stm32f10x_gpio.o(.text) for GPIO_PinRemapConfig
    lcd.o(.text) refers to printfa.o(i.__0printf) for __2printf
    lcd.o(.text) refers to lcd.o(.constdata) for .constdata
    timer.o(.text) refers to stm32f10x_rcc.o(.text) for RCC_APB1PeriphClockCmd
    timer.o(.text) refers to stm32f10x_tim.o(.text) for TIM_TimeBaseInit
    timer.o(.text) refers to misc.o(.text) for NVIC_Init
    timer.o(.text) refers to printfa.o(i.__0printf) for __2printf
    exti.o(.text) refers to stm32f10x_rcc.o(.text) for RCC_APB2PeriphClockCmd
    exti.o(.text) refers to key.o(.text) for KEY_Init
    exti.o(.text) refers to stm32f10x_gpio.o(.text) for GPIO_EXTILineConfig
    exti.o(.text) refers to stm32f10x_exti.o(.text) for EXTI_Init
    exti.o(.text) refers to misc.o(.text) for NVIC_Init
    exti.o(.text) refers to delay.o(.text) for delay_xms
    exti.o(.text) refers to tasks.o(.text) for xTaskResumeFromISR
    exti.o(.text) refers to printfa.o(i.__0printf) for __2printf
    exti.o(.text) refers to main.o(.data) for Task1Task_Handler
    exti.o(.text) refers to exti.o(.data) for .data
    key.o(.text) refers to stm32f10x_rcc.o(.text) for RCC_APB2PeriphClockCmd
    key.o(.text) refers to stm32f10x_gpio.o(.text) for GPIO_PinRemapConfig
    key.o(.text) refers to delay.o(.text) for delay_ms
    key.o(.text) refers to key.o(.data) for .data
    hx711.o(.text) refers to stm32f10x_rcc.o(.text) for RCC_APB2PeriphClockCmd
    hx711.o(.text) refers to stm32f10x_gpio.o(.text) for GPIO_Init
    hx711.o(.text) refers to delay.o(.text) for delay_us
    sim800c.o(.text) refers to printfa.o(i.__0printf) for __2printf
    sim800c.o(.text) refers to printfa.o(i.__0sprintf) for __2sprintf
    sim800c.o(.text) refers to load.o(i.json_loads) for json_loads
    sim800c.o(.text) refers to pack_unpack.o(i.json_unpack) for json_unpack
    sim800c.o(.text) refers to value.o(i.json_object_clear) for json_object_clear
    sim800c.o(.text) refers to value.o(i.json_delete) for json_delete
    sim800c.o(.text) refers to strstr.o(.text) for strstr
    sim800c.o(.text) refers to usart2.o(.text) for u2_printf
    sim800c.o(.text) refers to delay.o(.text) for delay_ms
    sim800c.o(.text) refers to usart2.o(.data) for USART2_RX_STA
    sim800c.o(.text) refers to usart2.o(.bss) for USART2_RX_BUF
    usart2.o(.text) refers to stm32f10x_tim.o(.text) for TIM_SetCounter
    usart2.o(.text) refers to stm32f10x_usart.o(.text) for USART_GetITStatus
[...]
    DebugMon_Handler                         0x08000623   Thumb Code     2  stm32f10x_it.o(.text)
    SystemInit                               0x080006c5   Thumb Code    64  system_stm32f10x.o(.text)
    SystemCoreClockUpdate                    0x08000705   Thumb Code    86  system_stm32f10x.o(.text)
    LED_Init                                 0x0800077d   Thumb Code    74  led.o(.text)
    TIM3_Int_Init                            0x080007d1   Thumb Code    90  timer.o(.text)
    TIM5_Int_Init                            0x0800082b   Thumb Code    90  timer.o(.text)
    TIM3_IRQHandler                          0x08000885   Thumb Code    34  timer.o(.text)
    TIM5_IRQHandler                          0x080008a7   Thumb Code    34  timer.o(.text)
    EXTIX_Init                               0x080008f9   Thumb Code   188  exti.o(.text)
    EXTI9_5_IRQHandler                       0x080009b5   Thumb Code    62  exti.o(.text)
    EXTI15_10_IRQHandler                     0x080009f3   Thumb Code    80  exti.o(.text)
    EXTI0_IRQHandler                         0x08000a43   Thumb Code    42  exti.o(.text)
    KEY_Init                                 0x08000aad   Thumb Code    82  key.o(.text)
    KEY_Scan                                 0x08000aff   Thumb Code   158  key.o(.text)
    KEY_Scan_WKUP                            0x08000b9d   Thumb Code    60  key.o(.text)
    ADInit                                   0x08000be9   Thumb Code    66  hx711.o(.text)
    HX711_Read                               0x08000c2b   Thumb Code   144  hx711.o(.text)
    JudegTrash                               0x08000cc1   Thumb Code    30  motor.o(.text)
    sim_at_response                          0x08000ced   Thumb Code    36  sim800c.o(.text)
    sim_touchuan_recv                        0x08000d11   Thumb Code   194  sim800c.o(.text)
    sim800c_check_cmd                        0x08000dd3   Thumb Code    28  sim800c.o(.text)
    sim800c_send_cmd                         0x08000def   Thumb Code    96  sim800c.o(.text)
    ntp_update                               0x08000e4f   Thumb Code    72  sim800c.o(.text)
    sim800c_gsminfo_show                     0x08000e97   Thumb Code   146  sim800c.o(.text)
    sim800c_gsm_config                       0x08000f29   Thumb Code   154  sim800c.o(.text)
    TIM4_Set                                 0x0800124d   Thumb Code    34  usart2.o(.text)
    USART2_IRQHandler                        0x0800126f   Thumb Code    72  usart2.o(.text)
    TIM4_Init                                0x080012b7   Thumb Code    82  usart2.o(.text)
    UART_DMA_Config                          0x08001309   Thumb Code    66  usart2.o(.text)
    USART2_Init                              0x0800134b   Thumb Code   208  usart2.o(.text)
    UART_DMA_Enable                          0x0800141b   Thumb Code    32  usart2.o(.text)
    u2_printf                                0x0800143b   Thumb Code    46  usart2.o(.text)
    TIM4_SetARR                              0x08001469   Thumb Code    30  usart2.o(.text)
    TIM4_IRQHandler                          0x08001487   Thumb Code    90  usart2.o(.text)
    ADInit_Left                              0x08001501   Thumb Code    66  hx711_left.o(.text)
    HX711_Read_Left                          0x08001543   Thumb Code   144  hx711_left.o(.text)
    ADInit_Right                             0x080015d9   Thumb Code    66  hx711_right.o(.text)
    HX711_Read_Right                         0x0800161b   Thumb Code   144  hx711_right.o(.text)
    SysTick_Handler                          0x080016b1   Thumb Code    20  delay.o(.text)
    delay_init                               0x080016c5   Thumb Code    60  delay.o(.text)
    delay_us                                 0x08001701   Thumb Code    48  delay.o(.text)
    delay_ms                                 0x08001731   Thumb Code    50  delay.o(.text)
    delay_xms                                0x08001763   Thumb Code    26  delay.o(.text)
    _sys_exit                                0x08001789   Thumb Code     2  usart.o(.text)
    fputc                                    0x0800178b   Thumb Code    18  usart.o(.text)
    uart_init                                0x0800179d   Thumb Code   152  usart.o(.text)
    USART1_IRQHandler                        0x08001835   Thumb Code    88  usart.o(.text)
    Reset_Handler                            0x0800189d   Thumb Code     8  startup_stm32f10x_hd.o(.text)
    ADC1_2_IRQHandler                        0x080018b7   Thumb Code     0  startup_stm32f10x_hd.o(.text)
    ADC3_IRQHandler                          0x080018b7   Thumb Code     0  startup_stm32f10x_hd.o(.text)
    CAN1_RX1_IRQHandler                      0x080018b7   Thumb Code     0  startup_stm32f10x_hd.o(.text)
    CAN1_SCE_IRQHandler                      0x080018b7   Thumb Code     0  startup_stm32f10x_hd.o(.text)
    DMA1_Channel1_IRQHandler                 0x080018b7   Thumb Code     0  startup_stm32f10x_hd.o(.text)
    DMA1_Channel2_IRQHandler                 0x080018b7   Thumb Code     0  startup_stm32f10x_hd.o(.text)
    DMA1_Channel3_IRQHandler                 0x080018b7   Thumb Code     0  startup_stm32f10x_hd.o(.text)
    DMA1_Channel4_IRQHandler                 0x080018b7   Thumb Code     0  startup_stm32f10x_hd.o(.text)
    DMA1_Channel5_IRQHandler                 0x080018b7   Thumb Code     0  startup_stm32f10x_hd.o(.text)
    DMA1_Channel6_IRQHandler                 0x080018b7   Thumb Code     0  startup_stm32f10x_hd.o(.text)
    DMA1_Channel7_IRQHandler                 0x080018b7   Thumb Code     0  startup_stm32f10x_hd.o(.text)
    DMA2_Channel1_IRQHandler                 0x080018b7   Thumb Code     0  startup_stm32f10x_hd.o(.text)
    DMA2_Channel2_IRQHandler                 0x080018b7   Thumb Code     0  startup_stm32f10x_hd.o(.text)
    DMA2_Channel3_IRQHandler                 0x080018b7   Thumb Code     0  startup_stm32f10x_hd.o(.text)
    DMA2_Channel4_5_IRQHandler               0x080018b7   Thumb Code     0  startup_stm32f10x_hd.o(.text)
    EXTI1_IRQHandler                         0x080018b7   Thumb Code     0  startup_stm32f10x_hd.o(.text)
    EXTI2_IRQHandler                         0x080018b7   Thumb Code     0  startup_stm32f10x_hd.o(.text)
    EXTI3_IRQHandler                         0x080018b7   Thumb Code     0  startup_stm32f10x_hd.o(.text)
    EXTI4_IRQHandler                         0x080018b7   Thumb Code     0  startup_stm32f10x_hd.o(.text)
    FLASH_IRQHandler                         0x080018b7   Thumb Code     0  startup_stm32f10x_hd.o(.text)
    FSMC_IRQHandler                          0x080018b7   Thumb Code     0  startup_stm32f10x_hd.o(.text)
    I2C1_ER_IRQHandler                       0x080018b7   Thumb Code     0  startup_stm32f10x_hd.o(.text)
    I2C1_EV_IRQHandler                       0x080018b7   Thumb Code     0  startup_stm32f10x_hd.o(.text)
    I2C2_ER_IRQHandler                       0x080018b7   Thumb Code     0  startup_stm32f10x_hd.o(.text)
    I2C2_EV_IRQHandler                       0x080018b7   Thumb Code     0  startup_stm32f10x_hd.o(.text)
    PVD_IRQHandler                           0x080018b7   Thumb Code     0  startup_stm32f10x_hd.o(.text)
    RCC_IRQHandler                           0x080018b7   Thumb Code     0  startup_stm32f10x_hd.o(.text)
    RTCAlarm_IRQHandler                      0x080018b7   Thumb Code     0  startup_stm32f10x_hd.o(.text)
    RTC_IRQHandler                           0x080018b7   Thumb Code     0  startup_stm32f10x_hd.o(.text)
    SDIO_IRQHandler                          0x080018b7   Thumb Code     0  startup_stm32f10x_hd.o(.text)
    SPI1_IRQHandler                          0x080018b7   Thumb Code     0  startup_stm32f10x_hd.o(.text)
    SPI2_IRQHandler                          0x080018b7   Thumb Code     0  startup_stm32f10x_hd.o(.text)
    SPI3_IRQHandler                          0x080018b7   Thumb Code     0  startup_stm32f10x_hd.o(.text)
    TAMPER_IRQHandler                        0x080018b7   Thumb Code     0  startup_stm32f10x_hd.o(.text)
    TIM1_BRK_IRQHandler                      0x080018b7   Thumb Code     0  startup_stm32f10x_hd.o(.text)
    TIM1_CC_IRQHandler                       0x080018b7   Thumb Code     0  startup_stm32f10x_hd.o(.text)
    TIM1_TRG_COM_IRQHandler                  0x080018b7   Thumb Code     0  startup_stm32f10x_hd.o(.text)
    TIM1_UP_IRQHandler                       0x080018b7   Thumb Code     0  startup_stm32f10x_hd.o(.text)
    TIM2_IRQHandler                          0x080018b7   Thumb Code     0  startup_stm32f10x_hd.o(.text)
    TIM6_IRQHandler                          0x080018b7   Thumb Code     0  startup_stm32f10x_hd.o(.text)
    TIM7_IRQHandler                          0x080018b7   Thumb Code     0  startup_stm32f10x_hd.o(.text)
    TIM8_BRK_IRQHandler                      0x080018b7   Thumb Code     0  startup_stm32f10x_hd.o(.text)
    TIM8_CC_IRQHandler                       0x080018b7   Thumb Code     0  startup_stm32f10x_hd.o(.text)
    TIM8_TRG_COM_IRQHandler                  0x080018b7   Thumb Code     0  startup_stm32f10x_hd.o(.text)
    TIM8_UP_IRQHandler                       0x080018b7   Thumb Code     0  startup_stm32f10x_hd.o(.text)
    UART4_IRQHandler                         0x080018b7   Thumb Code     0  startup_stm32f10x_hd.o(.text)
    UART5_IRQHandler                         0x080018b7   Thumb Code     0  startup_stm32f10x_hd.o(.text)
    USART3_IRQHandler                        0x080018b7   Thumb Code     0  startup_stm32f10x_hd.o(.text)
    USBWakeUp_IRQHandler                     0x080018b7   Thumb Code     0  startup_stm32f10x_hd.o(.text)
    USB_HP_CAN1_TX_IRQHandler                0x080018b7   Thumb Code     0  startup_stm32f10x_hd.o(.text)
    USB_LP_CAN1_RX0_IRQHandler               0x080018b7   Thumb Code     0  startup_stm32f10x_hd.o(.text)
    WWDG_IRQHandler                          0x080018b7   Thumb Code     0  startup_stm32f10x_hd.o(.text)
    NVIC_PriorityGroupConfig                 0x080018c1   Thumb Code    10  misc.o(.text)
    NVIC_Init                                0x080018cb   Thumb Code    94  misc.o(.text)
    NVIC_SetVectorTable                      0x08001929   Thumb Code    14  misc.o(.text)
    NVIC_SystemLPConfig                      0x08001937   Thumb Code    20  misc.o(.text)
    SysTick_CLKSourceConfig                  0x0800194b   Thumb Code    24  misc.o(.text)
    GPIO_DeInit                              0x08001971   Thumb Code   152  stm32f10x_gpio.o(.text)
    GPIO_AFIODeInit                          0x08001a09   Thumb Code    22  stm32f10x_gpio.o(.text)
    GPIO_Init                                0x08001a1f   Thumb Code   156  stm32f10x_gpio.o(.text)
    GPIO_StructInit                          0x08001abb   Thumb Code    16  stm32f10x_gpio.o(.text)
    GPIO_ReadInputDataBit                    0x08001acb   Thumb Code    14  stm32f10x_gpio.o(.text)
    GPIO_ReadInputData                       0x08001ad9   Thumb Code     6  stm32f10x_gpio.o(.text)
    GPIO_ReadOutputDataBit                   0x08001adf   Thumb Code    14  stm32f10x_gpio.o(.text)
    GPIO_ReadOutputData                      0x08001aed   Thumb Code     6  stm32f10x_gpio.o(.text)
    GPIO_SetBits                             0x08001af3   Thumb Code     4  stm32f10x_gpio.o(.text)
    GPIO_ResetBits                           0x08001af7   Thumb Code     4  stm32f10x_gpio.o(.text)
    GPIO_WriteBit                            0x08001afb   Thumb Code    10  stm32f10x_gpio.o(.text)
    GPIO_Write                               0x08001b05   Thumb Code     4  stm32f10x_gpio.o(.text)
    GPIO_PinLockConfig                       0x08001b09   Thumb Code    16  stm32f10x_gpio.o(.text)
    GPIO_EventOutputConfig                   0x08001b19   Thumb Code    22  stm32f10x_gpio.o(.text)
    GPIO_EventOutputCmd                      0x08001b2f   Thumb Code     6  stm32f10x_gpio.o(.text)
    GPIO_PinRemapConfig                      0x08001b35   Thumb Code    82  stm32f10x_gpio.o(.text)
    GPIO_EXTILineConfig                      0x08001b87   Thumb Code    34  stm32f10x_gpio.o(.text)
    GPIO_ETH_MediaInterfaceConfig            0x08001ba9   Thumb Code     8  stm32f10x_gpio.o(.text)
    RCC_DeInit                               0x08001bd5   Thumb Code    50  stm32f10x_rcc.o(.text)
    RCC_HSEConfig                            0x08001c07   Thumb Code    48  stm32f10x_rcc.o(.text)
    RCC_GetFlagStatus                        0x08001c37   Thumb Code    42  stm32f10x_rcc.o(.text)
    RCC_WaitForHSEStartUp                    0x08001c61   Thumb Code    44  stm32f10x_rcc.o(.text)
    RCC_AdjustHSICalibrationValue            0x08001c8d   Thumb Code    16  stm32f10x_rcc.o(.text)
    RCC_HSICmd                               0x08001c9d   Thumb Code     6  stm32f10x_rcc.o(.text)
    RCC_PLLConfig                            0x08001ca3   Thumb Code    16  stm32f10x_rcc.o(.text)
    RCC_PLLCmd                               0x08001cb3   Thumb Code     6  stm32f10x_rcc.o(.text)
    RCC_SYSCLKConfig                         0x08001cb9   Thumb Code    14  stm32f10x_rcc.o(.text)
    RCC_GetSYSCLKSource                      0x08001cc7   Thumb Code    10  stm32f10x_rcc.o(.text)
    RCC_HCLKConfig                           0x08001cd1   Thumb Code    14  stm32f10x_rcc.o(.text)
    RCC_PCLK1Config                          0x08001cdf   Thumb Code    14  stm32f10x_rcc.o(.text)
    RCC_PCLK2Config                          0x08001ced   Thumb Code    16  stm32f10x_rcc.o(.text)
    RCC_ITConfig                             0x08001cfd   Thumb Code    18  stm32f10x_rcc.o(.text)
    RCC_USBCLKConfig                         0x08001d0f   Thumb Code     8  stm32f10x_rcc.o(.text)
    RCC_ADCCLKConfig                         0x08001d17   Thumb Code    14  stm32f10x_rcc.o(.text)
    RCC_LSEConfig                            0x08001d25   Thumb Code    28  stm32f10x_rcc.o(.text)
    RCC_LSICmd                               0x08001d41   Thumb Code     6  stm32f10x_rcc.o(.text)
    RCC_RTCCLKConfig                         0x08001d47   Thumb Code    10  stm32f10x_rcc.o(.text)
    RCC_RTCCLKCmd                            0x08001d51   Thumb Code     8  stm32f10x_rcc.o(.text)
    RCC_GetClocksFreq                        0x08001d59   Thumb Code   132  stm32f10x_rcc.o(.text)
    RCC_AHBPeriphClockCmd                    0x08001ddd   Thumb Code    18  stm32f10x_rcc.o(.text)
    RCC_APB2PeriphClockCmd                   0x08001def   Thumb Code    18  stm32f10x_rcc.o(.text)
    RCC_APB1PeriphClockCmd                   0x08001e01   Thumb Code    18  stm32f10x_rcc.o(.text)
    RCC_APB2PeriphResetCmd                   0x08001e13   Thumb Code    18  stm32f10x_rcc.o(.text)
    RCC_APB1PeriphResetCmd                   0x08001e25   Thumb Code    18  stm32f10x_rcc.o(.text)
    RCC_BackupResetCmd                       0x08001e37   Thumb Code     8  stm32f10x_rcc.o(.text)
    RCC_ClockSecuritySystemCmd               0x08001e3f   Thumb Code     6  stm32f10x_rcc.o(.text)
    RCC_MCOConfig                            0x08001e45   Thumb Code     6  stm32f10x_rcc.o(.text)
    RCC_ClearFlag                            0x08001e4b   Thumb Code    12  stm32f10x_rcc.o(.text)
    RCC_GetITStatus                          0x08001e57   Thumb Code    16  stm32f10x_rcc.o(.text)
    RCC_ClearITPendingBit                    0x08001e67   Thumb Code     6  stm32f10x_rcc.o(.text)
    USART_DeInit                             0x08001e8d   Thumb Code    96  stm32f10x_usart.o(.text)
    USART_Init                               0x08001eed   Thumb Code   166  stm32f10x_usart.o(.text)
    USART_StructInit                         0x08001f93   Thumb Code    22  stm32f10x_usart.o(.text)
    USART_ClockInit                          0x08001fa9   Thumb Code    30  stm32f10x_usart.o(.text)
    USART_ClockStructInit                    0x08001fc7   Thumb Code    12  stm32f10x_usart.o(.text)
    USART_Cmd                                0x08001fd3   Thumb Code    20  stm32f10x_usart.o(.text)
    USART_ITConfig                           0x08001fe7   Thumb Code    48  stm32f10x_usart.o(.text)
    USART_DMACmd                             0x08002017   Thumb Code    16  stm32f10x_usart.o(.text)
    USART_SetAddress                         0x08002027   Thumb Code    16  stm32f10x_usart.o(.text)
    USART_WakeUpConfig                       0x08002037   Thumb Code    16  stm32f10x_usart.o(.text)
    USART_ReceiverWakeUpCmd                  0x08002047   Thumb Code    20  stm32f10x_usart.o(.text)
    USART_LINBreakDetectLengthConfig         0x0800205b   Thumb Code    16  stm32f10x_usart.o(.text)
    USART_LINCmd                             0x0800206b   Thumb Code    20  stm32f10x_usart.o(.text)
    USART_SendData                           0x0800207f   Thumb Code     8  stm32f10x_usart.o(.text)
    USART_ReceiveData                        0x08002087   Thumb Code     8  stm32f10x_usart.o(.text)
    USART_SendBreak                          0x0800208f   Thumb Code    10  stm32f10x_usart.o(.text)
    USART_SetGuardTime                       0x08002099   Thumb Code    16  stm32f10x_usart.o(.text)
    USART_SetPrescaler                       0x080020a9   Thumb Code    16  stm32f10x_usart.o(.text)
    USART_SmartCardCmd                       0x080020b9   Thumb Code    20  stm32f10x_usart.o(.text)
    USART_SmartCardNACKCmd                   0x080020cd   Thumb Code    20  stm32f10x_usart.o(.text)
    USART_HalfDuplexCmd                      0x080020e1   Thumb Code    20  stm32f10x_usart.o(.text)
    USART_OverSampling8Cmd                   0x080020f5   Thumb Code    20  stm32f10x_usart.o(.text)
    USART_OneBitMethodCmd                    0x08002109   Thumb Code    20  stm32f10x_usart.o(.text)
    USART_IrDAConfig                         0x0800211d   Thumb Code    16  stm32f10x_usart.o(.text)
    USART_IrDACmd                            0x0800212d   Thumb Code    20  stm32f10x_usart.o(.text)
    USART_GetFlagStatus                      0x08002141   Thumb Code    14  stm32f10x_usart.o(.text)
    USART_ClearFlag                          0x0800214f   Thumb Code     6  stm32f10x_usart.o(.text)
    USART_GetITStatus                        0x08002155   Thumb Code    62  stm32f10x_usart.o(.text)
    USART_ClearITPendingBit                  0x08002193   Thumb Code    12  stm32f10x_usart.o(.text)
    TIM_DeInit                               0x080021b5   Thumb Code   304  stm32f10x_tim.o(.text)
    TIM_TimeBaseInit                         0x080022e5   Thumb Code   114  stm32f10x_tim.o(.text)
    TIM_OC1Init                              0x08002357   Thumb Code   106  stm32f10x_tim.o(.text)
    TIM_OC2Init                              0x080023c1   Thumb Code   120  stm32f10x_tim.o(.text)
    TIM_OC3Init                              0x08002439   Thumb Code   116  stm32f10x_tim.o(.text)
    TIM_OC4Init                              0x080024ad   Thumb Code    90  stm32f10x_tim.o(.text)
    TIM_SetIC4Prescaler                      0x08002507   Thumb Code    24  stm32f10x_tim.o(.text)
    TIM_SetIC3Prescaler                      0x0800251f   Thumb Code    16  stm32f10x_tim.o(.text)
    TIM_SetIC2Prescaler                      0x0800252f   Thumb Code    24  stm32f10x_tim.o(.text)
    TIM_SetIC1Prescaler                      0x080025ed   Thumb Code    16  stm32f10x_tim.o(.text)
    TIM_ICInit                               0x08002655   Thumb Code   270  stm32f10x_tim.o(.text)
    TIM_PWMIConfig                           0x08002763   Thumb Code   104  stm32f10x_tim.o(.text)
    TIM_BDTRConfig                           0x080027cb   Thumb Code    34  stm32f10x_tim.o(.text)
    TIM_TimeBaseStructInit                   0x080027ed   Thumb Code    18  stm32f10x_tim.o(.text)
    TIM_OCStructInit                         0x080027ff   Thumb Code    20  stm32f10x_tim.o(.text)
    TIM_ICStructInit                         0x08002813   Thumb Code    16  stm32f10x_tim.o(.text)
    TIM_BDTRStructInit                       0x08002823   Thumb Code    18  stm32f10x_tim.o(.text)
    TIM_Cmd                                  0x08002835   Thumb Code    20  stm32f10x_tim.o(.text)
    TIM_CtrlPWMOutputs                       0x08002849   Thumb Code    22  stm32f10x_tim.o(.text)
    TIM_ITConfig                             0x0800285f   Thumb Code    16  stm32f10x_tim.o(.text)
    TIM_GenerateEvent                        0x0800286f   Thumb Code     4  stm32f10x_tim.o(.text)
    TIM_DMAConfig                            0x08002873   Thumb Code     8  stm32f10x_tim.o(.text)
    TIM_DMACmd                               0x0800287b   Thumb Code    16  stm32f10x_tim.o(.text)
    TIM_InternalClockConfig                  0x0800288b   Thumb Code    10  stm32f10x_tim.o(.text)
    TIM_SelectInputTrigger                   0x08002895   Thumb Code    12  stm32f10x_tim.o(.text)
    TIM_ITRxExternalClockConfig              0x080028a1   Thumb Code    18  stm32f10x_tim.o(.text)
    TIM_TIxExternalClockConfig               0x080028b3   Thumb Code    46  stm32f10x_tim.o(.text)
    TIM_ETRConfig                            0x080028e1   Thumb Code    24  stm32f10x_tim.o(.text)
    TIM_ETRClockMode1Config                  0x080028f9   Thumb Code    18  stm32f10x_tim.o(.text)
    TIM_ETRClockMode2Config                  0x0800290b   Thumb Code    18  stm32f10x_tim.o(.text)
    TIM_PrescalerConfig                      0x0800291d   Thumb Code     6  stm32f10x_tim.o(.text)
    TIM_CounterModeConfig                    0x08002923   Thumb Code    12  stm32f10x_tim.o(.text)
    TIM_EncoderInterfaceConfig               0x0800292f   Thumb Code    50  stm32f10x_tim.o(.text)
    TIM_ForcedOC1Config                      0x08002961   Thumb Code    12  stm32f10x_tim.o(.text)
    TIM_ForcedOC2Config                      0x0800296d   Thumb Code    20  stm32f10x_tim.o(.text)
    TIM_ForcedOC3Config                      0x08002981   Thumb Code    12  stm32f10x_tim.o(.text)
    TIM_ForcedOC4Config                      0x0800298d   Thumb Code    20  stm32f10x_tim.o(.text)
    TIM_ARRPreloadConfig                     0x080029a1   Thumb Code    20  stm32f10x_tim.o(.text)
    TIM_SelectCOM                            0x080029b5   Thumb Code    20  stm32f10x_tim.o(.text)
    TIM_SelectCCDMA                          0x080029c9   Thumb Code    20  stm32f10x_tim.o(.text)
    TIM_CCPreloadControl                     0x080029dd   Thumb Code    20  stm32f10x_tim.o(.text)
    TIM_OC1PreloadConfig                     0x080029f1   Thumb Code    32  stm32f10x_tim.o(.text)
    TIM_OC2PreloadConfig                     0x08002a11   Thumb Code    20  stm32f10x_tim.o(.text)
    TIM_OC3PreloadConfig                     0x08002a25   Thumb Code    12  stm32f10x_tim.o(.text)
    TIM_OC4PreloadConfig                     0x08002a31   Thumb Code    20  stm32f10x_tim.o(.text)
    TIM_OC1FastConfig                        0x08002a45   Thumb Code    12  stm32f10x_tim.o(.text)
    TIM_OC2FastConfig                        0x08002a51   Thumb Code    20  stm32f10x_tim.o(.text)
    TIM_OC3FastConfig                        0x08002a65   Thumb Code    12  stm32f10x_tim.o(.text)
    TIM_OC4FastConfig                        0x08002a71   Thumb Code    20  stm32f10x_tim.o(.text)
    TIM_ClearOC1Ref                          0x08002a85   Thumb Code    12  stm32f10x_tim.o(.text)
    TIM_ClearOC2Ref                          0x08002a91   Thumb Code    20  stm32f10x_tim.o(.text)
    TIM_ClearOC3Ref                          0x08002aa5   Thumb Code    12  stm32f10x_tim.o(.text)
    TIM_ClearOC4Ref                          0x08002ab1   Thumb Code    20  stm32f10x_tim.o(.text)
    TIM_OC1PolarityConfig                    0x08002ac5   Thumb Code    12  stm32f10x_tim.o(.text)
    TIM_OC1NPolarityConfig                   0x08002ad1   Thumb Code    12  stm32f10x_tim.o(.text)
    TIM_OC2PolarityConfig                    0x08002add   Thumb Code    20  stm32f10x_tim.o(.text)
    TIM_OC2NPolarityConfig                   0x08002af1   Thumb Code    20  stm32f10x_tim.o(.text)
    TIM_OC3PolarityConfig                    0x08002b05   Thumb Code    20  stm32f10x_tim.o(.text)
    TIM_OC3NPolarityConfig                   0x08002b19   Thumb Code    20  stm32f10x_tim.o(.text)
    TIM_OC4PolarityConfig                    0x08002b2d   Thumb Code    20  stm32f10x_tim.o(.text)
    TIM_CCxCmd                               0x08002b41   Thumb Code    22  stm32f10x_tim.o(.text)
    TIM_CCxNCmd                              0x08002b57   Thumb Code    22  stm32f10x_tim.o(.text)
    TIM_SelectOCxM                           0x08002b6d   Thumb Code    70  stm32f10x_tim.o(.text)
    TIM_UpdateDisableConfig                  0x08002bb3   Thumb Code    20  stm32f10x_tim.o(.text)
    TIM_UpdateRequestConfig                  0x08002bc7   Thumb Code    20  stm32f10x_tim.o(.text)
    TIM_SelectHallSensor                     0x08002bdb   Thumb Code    20  stm32f10x_tim.o(.text)
    TIM_SelectOnePulseMode                   0x08002bef   Thumb Code    16  stm32f10x_tim.o(.text)
    TIM_SelectOutputTrigger                  0x08002bff   Thumb Code    16  stm32f10x_tim.o(.text)
    TIM_SelectSlaveMode                      0x08002c0f   Thumb Code    16  stm32f10x_tim.o(.text)
    TIM_SelectMasterSlaveMode                0x08002c1f   Thumb Code    16  stm32f10x_tim.o(.text)
    TIM_SetCounter                           0x08002c2f   Thumb Code     4  stm32f10x_tim.o(.text)
    TIM_SetAutoreload                        0x08002c33   Thumb Code     4  stm32f10x_tim.o(.text)
    TIM_SetCompare1                          0x08002c37   Thumb Code     4  stm32f10x_tim.o(.text)
    TIM_SetCompare2                          0x08002c3b   Thumb Code     4  stm32f10x_tim.o(.text)
    TIM_SetCompare3                          0x08002c3f   Thumb Code     4  stm32f10x_tim.o(.text)
    TIM_SetCompare4                          0x08002c43   Thumb Code     6  stm32f10x_tim.o(.text)
    TIM_SetClockDivision                     0x08002c49   Thumb Code    16  stm32f10x_tim.o(.text)
    TIM_GetCapture1                          0x08002c59   Thumb Code     4  stm32f10x_tim.o(.text)
    TIM_GetCapture2                          0x08002c5d   Thumb Code     4  stm32f10x_tim.o(.text)
    TIM_GetCapture3                          0x08002c61   Thumb Code     4  stm32f10x_tim.o(.text)
    TIM_GetCapture4                          0x08002c65   Thumb Code     6  stm32f10x_tim.o(.text)
    TIM_GetCounter                           0x08002c6b   Thumb Code     4  stm32f10x_tim.o(.text)
    TIM_GetPrescaler                         0x08002c6f   Thumb Code     4  stm32f10x_tim.o(.text)
    TIM_GetFlagStatus                        0x08002c73   Thumb Code    14  stm32f10x_tim.o(.text)
    TIM_ClearFlag                            0x08002c81   Thumb Code     6  stm32f10x_tim.o(.text)
    TIM_GetITStatus                          0x08002c87   Thumb Code    24  stm32f10x_tim.o(.text)
    TIM_ClearITPendingBit                    0x08002c9f   Thumb Code     6  stm32f10x_tim.o(.text)
    EXTI_DeInit                              0x08002ca5   Thumb Code    28  stm32f10x_exti.o(.text)
    EXTI_Init                                0x08002cc1   Thumb Code   108  stm32f10x_exti.o(.text)
    EXTI_StructInit                          0x08002d2d   Thumb Code    14  stm32f10x_exti.o(.text)
    EXTI_GenerateSWInterrupt                 0x08002d3b   Thumb Code    12  stm32f10x_exti.o(.text)
    EXTI_GetFlagStatus                       0x08002d47   Thumb Code    18  stm32f10x_exti.o(.text)
    EXTI_ClearFlag                           0x08002d59   Thumb Code     8  stm32f10x_exti.o(.text)
    EXTI_GetITStatus                         0x08002d61   Thumb Code    28  stm32f10x_exti.o(.text)
    EXTI_ClearITPendingBit                   0x08002d7d   Thumb Code     8  stm32f10x_exti.o(.text)
    DMA_DeInit                               0x08002d8d   Thumb Code   218  stm32f10x_dma.o(.text)
    DMA_Init                                 0x08002e67   Thumb Code    58  stm32f10x_dma.o(.text)
    DMA_StructInit                           0x08002ea1   Thumb Code    26  stm32f10x_dma.o(.text)
    DMA_Cmd                                  0x08002ebb   Thumb Code    22  stm32f10x_dma.o(.text)
    DMA_ITConfig                             0x08002ed1   Thumb Code    16  stm32f10x_dma.o(.text)
    DMA_SetCurrDataCounter                   0x08002ee1   Thumb Code     4  stm32f10x_dma.o(.text)
    DMA_GetCurrDataCounter                   0x08002ee5   Thumb Code     6  stm32f10x_dma.o(.text)
    DMA_GetFlagStatus                        0x08002eeb   Thumb Code    28  stm32f10x_dma.o(.text)
    DMA_ClearFlag                            0x08002f07   Thumb Code    20  stm32f10x_dma.o(.text)
    DMA_GetITStatus                          0x08002f1b   Thumb Code    28  stm32f10x_dma.o(.text)
    DMA_ClearITPendingBit                    0x08002f37   Thumb Code    20  stm32f10x_dma.o(.text)
    vListInitialise                          0x08002f55   Thumb Code    22  list.o(.text)
    vListInitialiseItem                      0x08002f6b   Thumb Code     6  list.o(.text)
    vListInsertEnd                           0x08002f71   Thumb Code    24  list.o(.text)
    vListInsert                              0x08002f89   Thumb Code    48  list.o(.text)
    uxListRemove                             0x08002fb9   Thumb Code    36  list.o(.text)
    xQueueGenericReset                       0x08002fdd   Thumb Code   128  queue.o(.text)
    xQueueGenericCreate                      0x0800305d   Thumb Code    82  queue.o(.text)
    xQueueGenericSend                        0x080031fd   Thumb Code   350  queue.o(.text)
    xQueueCreateMutex                        0x0800335b   Thumb Code    36  queue.o(.text)
    xQueueGiveMutexRecursive                 0x0800337f   Thumb Code    98  queue.o(.text)
    xQueueGenericReceive                     0x08003407   Thumb Code   356  queue.o(.text)
    xQueueTakeMutexRecursive                 0x0800356b   Thumb Code    68  queue.o(.text)
    xQueueCreateCountingSemaphore            0x080035af   Thumb Code    62  queue.o(.text)
    xQueueGenericSendFromISR                 0x080035ed   Thumb Code   200  queue.o(.text)
    xQueueGiveFromISR                        0x080036b5   Thumb Code   172  queue.o(.text)
    xQueueReceiveFromISR                     0x08003761   Thumb Code   150  queue.o(.text)
    xQueuePeekFromISR                        0x080037f7   Thumb Code   114  queue.o(.text)
    uxQueueMessagesWaiting                   0x08003869   Thumb Code    36  queue.o(.text)
    uxQueueSpacesAvailable                   0x0800388d   Thumb Code    40  queue.o(.text)
    uxQueueMessagesWaitingFromISR            0x080038b5   Thumb Code    26  queue.o(.text)
    vQueueUnregisterQueue                    0x080038cf   Thumb Code    36  queue.o(.text)
    vQueueDelete                             0x080038f3   Thumb Code    38  queue.o(.text)
    uxQueueGetQueueNumber                    0x08003919   Thumb Code     4  queue.o(.text)
    vQueueSetQueueNumber                     0x0800391d   Thumb Code     4  queue.o(.text)
    ucQueueGetQueueType                      0x08003921   Thumb Code     6  queue.o(.text)
    xQueueIsQueueEmptyFromISR                0x08003927   Thumb Code    34  queue.o(.text)
    xQueueIsQueueFullFromISR                 0x08003949   Thumb Code    38  queue.o(.text)
    vQueueAddToRegistry                      0x0800396f   Thumb Code    32  queue.o(.text)
    pcQueueGetName                           0x0800398f   Thumb Code    34  queue.o(.text)
    vQueueWaitForMessageRestricted           0x080039b1   Thumb Code    68  queue.o(.text)
    xQueueCreateSet                          0x080039f5   Thumb Code     8  queue.o(.text)
    xQueueAddToSet                           0x080039fd   Thumb Code    34  queue.o(.text)
    xQueueRemoveFromSet                      0x08003a1f   Thumb Code    34  queue.o(.text)
    xQueueSelectFromSet                      0x08003a41   Thumb Code    18  queue.o(.text)
    xQueueSelectFromSetFromISR               0x08003a53   Thumb Code    18  queue.o(.text)
    xTaskCreate                              0x08003b49   Thumb Code    86  tasks.o(.text)
    vTaskDelete                              0x08003b9f   Thumb Code   154  tasks.o(.text)
    xTaskIncrementTick                       0x08003c39   Thumb Code   186  tasks.o(.text)
    xTaskResumeAll                           0x08003cf3   Thumb Code   182  tasks.o(.text)
    vTaskSuspendAll                          0x08003e0f   Thumb Code    10  tasks.o(.text)
    vTaskDelayUntil                          0x08003e19   Thumb Code   180  tasks.o(.text)
    vTaskDelay                               0x08003ecd   Thumb Code    66  tasks.o(.text)
    eTaskGetState                            0x08003f0f   Thumb Code    94  tasks.o(.text)
    uxTaskPriorityGet                        0x08003f6d   Thumb Code    24  tasks.o(.text)
    uxTaskPriorityGetFromISR                 0x08003f85   Thumb Code    40  tasks.o(.text)
    vTaskPrioritySet                         0x08003fad   Thumb Code   184  tasks.o(.text)
    vTaskSwitchContext                       0x08004065   Thumb Code    84  tasks.o(.text)
    vTaskSuspend                             0x080040b9   Thumb Code   156  tasks.o(.text)
    vTaskResume                              0x08004185   Thumb Code   116  tasks.o(.text)
    xTaskResumeFromISR                       0x080041f9   Thumb Code   126  tasks.o(.text)
    vTaskStartScheduler                      0x08004295   Thumb Code   130  tasks.o(.text)
    vTaskEndScheduler                        0x08004317   Thumb Code    24  tasks.o(.text)
    xTaskGetTickCount                        0x0800432f   Thumb Code     6  tasks.o(.text)
    xTaskGetTickCountFromISR                 0x08004335   Thumb Code    12  tasks.o(.text)
    uxTaskGetNumberOfTasks                   0x08004341   Thumb Code     6  tasks.o(.text)
    pcTaskGetName                            0x08004347   Thumb Code    38  tasks.o(.text)
    vTaskGetInfo                             0x0800436d   Thumb Code   126  tasks.o(.text)
    uxTaskGetSystemState                     0x0800443f   Thumb Code   156  tasks.o(.text)
    vTaskPlaceOnEventList                    0x080044db   Thumb Code    46  tasks.o(.text)
    vTaskPlaceOnUnorderedEventList           0x08004509   Thumb Code    78  tasks.o(.text)
    vTaskPlaceOnEventListRestricted          0x08004557   Thumb Code    54  tasks.o(.text)
    xTaskRemoveFromEventList                 0x0800458d   Thumb Code   106  tasks.o(.text)
    xTaskRemoveFromUnorderedEventList        0x080045f7   Thumb Code   116  tasks.o(.text)
    vTaskSetTimeOutState                     0x0800466b   Thumb Code    34  tasks.o(.text)
    xTaskCheckForTimeOut                     0x0800468d   Thumb Code   114  tasks.o(.text)
    vTaskMissedYield                         0x080046ff   Thumb Code     8  tasks.o(.text)
    uxTaskGetTaskNumber                      0x08004707   Thumb Code     8  tasks.o(.text)
    vTaskSetTaskNumber                       0x0800470f   Thumb Code     8  tasks.o(.text)
    xTaskGetCurrentTaskHandle                0x08004717   Thumb Code     6  tasks.o(.text)
    xTaskGetSchedulerState                   0x0800471d   Thumb Code    22  tasks.o(.text)
    vTaskPriorityInherit                     0x08004733   Thumb Code   124  tasks.o(.text)
    xTaskPriorityDisinherit                  0x080047af   Thumb Code   144  tasks.o(.text)
    vTaskList                                0x0800483f   Thumb Code   188  tasks.o(.text)
    uxTaskResetEventItemValue                0x080048fb   Thumb Code    20  tasks.o(.text)
    pvTaskIncrementMutexHeldCount            0x0800490f   Thumb Code    18  tasks.o(.text)
    ulTaskNotifyTake                         0x08004921   Thumb Code    96  tasks.o(.text)
    xTaskNotifyWait                          0x08004981   Thumb Code   128  tasks.o(.text)
    xTaskGenericNotify                       0x08004a01   Thumb Code   190  tasks.o(.text)
    xTaskGenericNotifyFromISR                0x08004abf   Thumb Code   256  tasks.o(.text)
    vTaskNotifyGiveFromISR                   0x08004bbf   Thumb Code   168  tasks.o(.text)
    xTaskNotifyStateClear                    0x08004c67   Thumb Code    44  tasks.o(.text)
    xTimerGenericCommand                     0x08004e09   Thumb Code    98  timers.o(.text)
    xTimerCreateTimerTask                    0x08004f8f   Thumb Code    58  timers.o(.text)
    xTimerCreate                             0x08004fc9   Thumb Code    72  timers.o(.text)
    xTimerGetTimerDaemonTaskHandle           0x08005011   Thumb Code    24  timers.o(.text)
    xTimerGetPeriod                          0x08005029   Thumb Code    22  timers.o(.text)
    xTimerGetExpiryTime                      0x0800503f   Thumb Code    22  timers.o(.text)
    pcTimerGetName                           0x08005055   Thumb Code    22  timers.o(.text)
    xTimerIsTimerActive                      0x0800506b   Thumb Code    40  timers.o(.text)
    pvTimerGetTimerID                        0x08005093   Thumb Code    32  timers.o(.text)
    vTimerSetTimerID                         0x080050b3   Thumb Code    34  timers.o(.text)
    xTimerPendFunctionCallFromISR            0x080050d5   Thumb Code    34  timers.o(.text)
    xTimerPendFunctionCall                   0x080050f7   Thumb Code    60  timers.o(.text)
    pxPortInitialiseStack                    0x0800530f   Thumb Code    32  port.o(.text)
    vPortSetupTimerInterrupt                 0x0800532f   Thumb Code    26  port.o(.text)
    xPortStartScheduler                      0x08005349   Thumb Code   108  port.o(.text)
    vPortEndScheduler                        0x080053b5   Thumb Code    24  port.o(.text)
    vPortEnterCritical                       0x080053cd   Thumb Code    52  port.o(.text)
    vPortExitCritical                        0x08005401   Thumb Code    34  port.o(.text)
    xPortSysTickHandler                      0x08005423   Thumb Code    40  port.o(.text)
    vPortValidateInterruptPriority           0x0800544b   Thumb Code    72  port.o(.text)
    pvPortMalloc                             0x0800552d   Thumb Code   214  heap_4.o(.text)
    vPortFree                                0x08005603   Thumb Code    96  heap_4.o(.text)
    xPortGetFreeHeapSize                     0x08005663   Thumb Code     8  heap_4.o(.text)
    xPortGetMinimumEverFreeHeapSize          0x0800566b   Thumb Code     8  heap_4.o(.text)
    vPortInitialiseBlocks                    0x08005673   Thumb Code     2  heap_4.o(.text)
    seed_from_timestamp_and_pid              0x080056f9   Thumb Code     4  jansson_config.o(.text)
    __aeabi_uidiv                            0x080056fd   Thumb Code     0  uidiv.o(.text)
    __aeabi_uidivmod                         0x080056fd   Thumb Code    44  uidiv.o(.text)
    qsort                                    0x08005729   Thumb Code   156  qsort.o(.text)
    ___aeabi_memcpy8$move                    0x080057c5   Thumb Code     0  memmovea.o(.text)
    __aeabi_memcpy                           0x080057c5   Thumb Code    64  memmovea.o(.text)
    __aeabi_memcpy4                          0x080057c5   Thumb Code     0  memmovea.o(.text)
    __aeabi_memmove                          0x080057c5   Thumb Code     0  memmovea.o(.text)
    __aeabi_memmove4                         0x080057c5   Thumb Code     0  memmovea.o(.text)
    __aeabi_memmove8                         0x080057c5   Thumb Code     0  memmovea.o(.text)
    __aeabi_memset                           0x08005805   Thumb Code    14  memseta.o(.text)
    __aeabi_memset4                          0x08005805   Thumb Code     0  memseta.o(.text)
    __aeabi_memset8                          0x08005805   Thumb Code     0  memseta.o(.text)
    __aeabi_memclr                           0x08005813   Thumb Code     4  memseta.o(.text)
    __aeabi_memclr4                          0x08005813   Thumb Code     0  memseta.o(.text)
    __aeabi_memclr8                          0x08005813   Thumb Code     0  memseta.o(.text)
    _memset$wrapper                          0x08005817   Thumb Code    18  memseta.o(.text)
    strstr                                   0x08005829   Thumb Code    36  strstr.o(.text)
    strchr                                   0x0800584d   Thumb Code    20  strchr.o(.text)
    strlen                                   0x08005861   Thumb Code    14  strlen.o(.text)
    strcmp                                   0x0800586f   Thumb Code    28  strcmp.o(.text)
    memchr                                   0x0800588b   Thumb Code    20  memchr.o(.text)
    strcpy                                   0x0800589f   Thumb Code    18  strcpy.o(.text)
    strtoll                                  0x080058b1   Thumb Code     4  strtoll.o(.text)
    __aeabi_fadd                             0x080058b5   Thumb Code   164  fadd.o(.text)
    __aeabi_fsub                             0x08005959   Thumb Code     6  fadd.o(.text)
    __aeabi_frsub                            0x0800595f   Thumb Code     6  fadd.o(.text)
    __aeabi_dmul                             0x08005965   Thumb Code   228  dmul.o(.text)
    __aeabi_ddiv                             0x08005a49   Thumb Code   222  ddiv.o(.text)
    __aeabi_ui2f                             0x08005b27   Thumb Code    10  ffltui.o(.text)
    __aeabi_l2d                              0x08005b31   Thumb Code    40  dfltl.o(.text)
    __aeabi_f2lz                             0x08005b59   Thumb Code    66  ffixl.o(.text)
    __aeabi_f2d                              0x08005b9b   Thumb Code    38  f2d.o(.text)
    __aeabi_cdcmpeq                          0x08005bc1   Thumb Code     0  cdcmple.o(.text)
    __aeabi_cdcmple                          0x08005bc1   Thumb Code    48  cdcmple.o(.text)
    __aeabi_d2f                              0x08005bf1   Thumb Code    56  d2f.o(.text)
    __aeabi_uldivmod                         0x08005c29   Thumb Code    98  uldiv.o(.text)
    __aeabi_llsl                             0x08005c8b   Thumb Code    30  llshl.o(.text)
    _ll_shift_l                              0x08005c8b   Thumb Code     0  llshl.o(.text)
    __aeabi_llsr                             0x08005ca9   Thumb Code    32  llushr.o(.text)
    _ll_ushift_r                             0x08005ca9   Thumb Code     0  llushr.o(.text)
    __strtod_int                             0x08005cff   Thumb Code    90  strtod.o(.text)
    __strtoll                                0x08005d65   Thumb Code   144  __strtoll.o(.text)
    __I$use$fp                               0x08005df5   Thumb Code     0  iusefp.o(.text)
    _float_round                             0x08005df5   Thumb Code    18  fepilogue.o(.text)
    _float_epilogue                          0x08005e07   Thumb Code    92  fepilogue.o(.text)
    _double_round                            0x08005e63   Thumb Code    30  depilogue.o(.text)
    _double_epilogue                         0x08005e81   Thumb Code   156  depilogue.o(.text)
    __aeabi_dadd                             0x08005f1d   Thumb Code   322  dadd.o(.text)
    __aeabi_dsub                             0x0800605f   Thumb Code     6  dadd.o(.text)
    __aeabi_drsub                            0x08006065   Thumb Code     6  dadd.o(.text)
    __aeabi_d2ulz                            0x0800606b   Thumb Code    48  dfixul.o(.text)
    __aeabi_cdrcmple                         0x0800609d   Thumb Code    48  cdrcmple.o(.text)
    __scatterload                            0x080060cd   Thumb Code    28  init.o(.text)
    __scatterload_rt2                        0x080060cd   Thumb Code     0  init.o(.text)
    __aeabi_lasr                             0x080060f1   Thumb Code    36  llsshr.o(.text)
    _ll_sshift_r                             0x080060f1   Thumb Code     0  llsshr.o(.text)
    __rt_ctype_table                         0x08006115   Thumb Code     4  ctype_o.o(.text)
    isspace                                  0x0800611d   Thumb Code    18  isspace_o.o(.text)
    _scanf_real                              0x08006231   Thumb Code     0  scanf_fp.o(.text)
    _scanf_really_real                       0x08006231   Thumb Code   556  scanf_fp.o(.text)
    _sgetc                                   0x08006469   Thumb Code    30  _sgetc.o(.text)
    _sbackspace                              0x08006487   Thumb Code    34  _sgetc.o(.text)
    _strtoull                                0x080064a9   Thumb Code   194  _strtoull.o(.text)
    _chval                                   0x0800656b   Thumb Code    28  _chval.o(.text)
    __aeabi_ul2d                             0x08006587   Thumb Code    24  dfltul.o(.text)
    __0printf                                0x080065a1   Thumb Code    22  printfa.o(i.__0printf)
    __1printf                                0x080065a1   Thumb Code     0  printfa.o(i.__0printf)
    __2printf                                0x080065a1   Thumb Code     0  printfa.o(i.__0printf)
    __c89printf                              0x080065a1   Thumb Code     0  printfa.o(i.__0printf)
    printf                                   0x080065a1   Thumb Code     0  printfa.o(i.__0printf)
    __0snprintf                              0x080065c1   Thumb Code    44  printfa.o(i.__0snprintf)
    __1snprintf                              0x080065c1   Thumb Code     0  printfa.o(i.__0snprintf)
    __2snprintf                              0x080065c1   Thumb Code     0  printfa.o(i.__0snprintf)
    __c89snprintf                            0x080065c1   Thumb Code     0  printfa.o(i.__0snprintf)
    snprintf                                 0x080065c1   Thumb Code     0  printfa.o(i.__0snprintf)
    __0sprintf                               0x080065f1   Thumb Code    34  printfa.o(i.__0sprintf)
    __1sprintf                               0x080065f1   Thumb Code     0  printfa.o(i.__0sprintf)
    __2sprintf                               0x080065f1   Thumb Code     0  printfa.o(i.__0sprintf)
    __c89sprintf                             0x080065f1   Thumb Code     0  printfa.o(i.__0sprintf)
    sprintf                                  0x080065f1   Thumb Code     0  printfa.o(i.__0sprintf)
    __0vsnprintf                             0x08006619   Thumb Code    40  printfa.o(i.__0vsnprintf)
    __1vsnprintf                             0x08006619   Thumb Code     0  printfa.o(i.__0vsnprintf)
    __2vsnprintf                             0x08006619   Thumb Code     0  printfa.o(i.__0vsnprintf)
    __c89vsnprintf                           0x08006619   Thumb Code     0  printfa.o(i.__0vsnprintf)
    vsnprintf                                0x08006619   Thumb Code     0  printfa.o(i.__0vsnprintf)
    __0vsprintf                              0x08006645   Thumb Code    30  printfa.o(i.__0vsprintf)
    __1vsprintf                              0x08006645   Thumb Code     0  printfa.o(i.__0vsprintf)
    __2vsprintf                              0x08006645   Thumb Code     0  printfa.o(i.__0vsprintf)
    __c89vsprintf                            0x08006645   Thumb Code     0  printfa.o(i.__0vsprintf)
    vsprintf                                 0x08006645   Thumb Code     0  printfa.o(i.__0vsprintf)
    __ARM_common_switch8                     0x08006669   Thumb Code    26  dump.o(i.__ARM_common_switch8)
    __ARM_isinf                              0x08006683   Thumb Code    22  value.o(i.__ARM_isinf)
    __ARM_isnan                              0x08006699   Thumb Code    20  value.o(i.__ARM_isnan)
    __aeabi_errno_addr                       0x080066b1   Thumb Code     4  errno.o(i.__aeabi_errno_addr)
    __rt_errno_addr                          0x080066b1   Thumb Code     0  errno.o(i.__aeabi_errno_addr)
    __scatterload_copy                       0x080066b9   Thumb Code    14  handlers.o(i.__scatterload_copy)
    __scatterload_null                       0x080066c7   Thumb Code     2  handlers.o(i.__scatterload_null)
    __scatterload_zeroinit                   0x080066c9   Thumb Code    14  handlers.o(i.__scatterload_zeroinit)
    _is_digit                                0x0800685d   Thumb Code    14  scanf_fp.o(i._is_digit)
    free                                     0x08007645   Thumb Code    76  malloc.o(i.free)
    hashtable_clear                          0x080077d9   Thumb Code    52  hashtable.o(i.hashtable_clear)
    hashtable_close                          0x0800780d   Thumb Code    16  hashtable.o(i.hashtable_close)
    hashtable_get                            0x080078f1   Thumb Code    58  hashtable.o(i.hashtable_get)
    hashtable_init                           0x08007931   Thumb Code    72  hashtable.o(i.hashtable_init)
    hashtable_iter                           0x08007979   Thumb Code    12  hashtable.o(i.hashtable_iter)
    hashtable_iter_key                       0x08007985   Thumb Code     4  hashtable.o(i.hashtable_iter_key)
    hashtable_iter_next                      0x08007989   Thumb Code    14  hashtable.o(i.hashtable_iter_next)
    hashtable_iter_serial                    0x08007997   Thumb Code     4  hashtable.o(i.hashtable_iter_serial)
    hashtable_iter_value                     0x0800799b   Thumb Code     4  hashtable.o(i.hashtable_iter_value)
    hashtable_set                            0x080079a1   Thumb Code   168  hashtable.o(i.hashtable_set)
    json_array                               0x08007a77   Thumb Code    54  value.o(i.json_array)
    json_array_append_new                    0x08007aad   Thumb Code    68  value.o(i.json_array_append_new)
    json_array_get                           0x08007af5   Thumb Code    28  value.o(i.json_array_get)
    json_array_size                          0x08007b5d   Thumb Code    18  value.o(i.json_array_size)
    json_delete                              0x08007bcf   Thumb Code    84  value.o(i.json_delete)
    json_dump_callback                       0x08007c23   Thumb Code    42  dump.o(i.json_dump_callback)
    json_dumps                               0x08007c4d   Thumb Code    62  dump.o(i.json_dumps)
    json_false                               0x08007c91   Thumb Code     4  value.o(i.json_false)
    json_integer                             0x08007cb9   Thumb Code    28  value.o(i.json_integer)
    json_integer_value                       0x08007cd5   Thumb Code    24  value.o(i.json_integer_value)
    json_loads                               0x08007ced   Thumb Code    82  load.o(i.json_loads)
    json_null                                0x08007d61   Thumb Code     4  value.o(i.json_null)
    json_number_value                        0x08007d69   Thumb Code    38  value.o(i.json_number_value)
    json_object                              0x08007d91   Thumb Code    70  value.o(i.json_object)
    json_object_clear                        0x08007ddd   Thumb Code    32  value.o(i.json_object_clear)
    json_object_get                          0x08007dfd   Thumb Code    28  value.o(i.json_object_get)
    json_object_iter                         0x08007e19   Thumb Code    24  value.o(i.json_object_iter)
    json_object_iter_key                     0x08007e31   Thumb Code    12  value.o(i.json_object_iter_key)
    json_object_iter_next                    0x08007e3d   Thumb Code    28  value.o(i.json_object_iter_next)
    json_object_iter_value                   0x08007e59   Thumb Code    12  value.o(i.json_object_iter_value)
    json_object_key_to_iter                  0x08007e65   Thumb Code     8  value.o(i.json_object_key_to_iter)
    json_object_seed                         0x08007e6d   Thumb Code    34  hashtable_seed.o(i.json_object_seed)
    json_object_set_new                      0x08007e95   Thumb Code    52  value.o(i.json_object_set_new)
    json_object_set_new_nocheck              0x08007ec9   Thumb Code    58  value.o(i.json_object_set_new_nocheck)
    json_object_size                         0x08007f09   Thumb Code    18  value.o(i.json_object_size)
    json_pack                                0x08007f1b   Thumb Code    24  pack_unpack.o(i.json_pack)
    json_real                                0x08007f33   Thumb Code    52  value.o(i.json_real)
    json_real_value                          0x08007f67   Thumb Code    24  value.o(i.json_real_value)
    json_string_length                       0x08007f7f   Thumb Code    18  value.o(i.json_string_length)
    json_string_value                        0x08007f91   Thumb Code    18  value.o(i.json_string_value)
    json_stringn_nocheck                     0x08007fa3   Thumb Code    10  value.o(i.json_stringn_nocheck)
    json_true                                0x08007fad   Thumb Code     4  value.o(i.json_true)
    json_unpack                              0x08007fb5   Thumb Code    26  pack_unpack.o(i.json_unpack)
    json_vpack_ex                            0x08007fd1   Thumb Code   128  pack_unpack.o(i.json_vpack_ex)
    json_vunpack_ex                          0x08008095   Thumb Code   144  pack_unpack.o(i.json_vunpack_ex)
    jsonp_dtostr                             0x08008185   Thumb Code   150  strconv.o(i.jsonp_dtostr)
    jsonp_error_init                         0x08008225   Thumb Code    34  error.o(i.jsonp_error_init)
    jsonp_error_set                          0x08008247   Thumb Code    16  error.o(i.jsonp_error_set)
    jsonp_error_set_source                   0x08008259   Thumb Code    56  error.o(i.jsonp_error_set_source)
    jsonp_error_vset                         0x08008295   Thumb Code    44  error.o(i.jsonp_error_vset)
    jsonp_free                               0x080082c1   Thumb Code    12  memory.o(i.jsonp_free)
    jsonp_malloc                             0x080082d1   Thumb Code    12  memory.o(i.jsonp_malloc)
    jsonp_strdup                             0x080082e1   Thumb Code    18  memory.o(i.jsonp_strdup)
    jsonp_stringn_nocheck_own                0x080082f3   Thumb Code    10  value.o(i.jsonp_stringn_nocheck_own)
    jsonp_strndup                            0x080082fd   Thumb Code    36  memory.o(i.jsonp_strndup)
    jsonp_strtod                             0x08008321   Thumb Code    90  strconv.o(i.jsonp_strtod)
    malloc                                   0x08008995   Thumb Code    92  malloc.o(i.malloc)
    strbuffer_append_byte                    0x08009351   Thumb Code    12  strbuffer.o(i.strbuffer_append_byte)
    strbuffer_append_bytes                   0x0800935d   Thumb Code   108  strbuffer.o(i.strbuffer_append_bytes)
    strbuffer_clear                          0x080093cd   Thumb Code    10  strbuffer.o(i.strbuffer_clear)
    strbuffer_close                          0x080093d7   Thumb Code    24  strbuffer.o(i.strbuffer_close)
    strbuffer_init                           0x080093ef   Thumb Code    34  strbuffer.o(i.strbuffer_init)
    strbuffer_pop                            0x08009411   Thumb Code    24  strbuffer.o(i.strbuffer_pop)
    strbuffer_steal_value                    0x08009429   Thumb Code    10  strbuffer.o(i.strbuffer_steal_value)
    strbuffer_value                          0x08009433   Thumb Code     4  strbuffer.o(i.strbuffer_value)
    strtod                                   0x080095bd   Thumb Code    28  strtod.o(i.strtod)
    utf8_check_first                         0x08009d91   Thumb Code    60  utf.o(i.utf8_check_first)
    utf8_check_full                          0x08009dcd   Thumb Code   126  utf.o(i.utf8_check_full)
    utf8_check_string                        0x08009e55   Thumb Code    62  utf.o(i.utf8_check_string)
    utf8_encode                              0x08009e95   Thumb Code   120  utf.o(i.utf8_encode)
    utf8_iterate                             0x08009f11   Thumb Code    64  utf.o(i.utf8_iterate)
    __ctype_table                            0x08009fa0   Data         129  ctype_o.o(.constdata)
    Region$$Table$$Base                      0x0800a068   Number         0  anon$$obj.o(Region$$Table)
    Region$$Table$$Limit                     0x0800a088   Number         0  anon$$obj.o(Region$$Table)
    send_enable                              0x20000000   Data           1  main.o(.data)
    send_trash_enable                        0x20000001   Data           1  main.o(.data)
    Weight_Shiwu                             0x20000004   Data           4  main.o(.data)
    Weight_Send                              0x20000008   Data           4  main.o(.data)
    StartTask_Handler                        0x2000000c   Data           4  main.o(.data)
    KeyTask_Handler                          0x20000010   Data           4  main.o(.data)
    Task1Task_Handler                        0x20000014   Data           4  main.o(.data)
    Task2Task_Handler                        0x20000018   Data           4  main.o(.data)
    SystemCoreClock                          0x2000001c   Data           4  system_stm32f10x.o(.data)
    AHBPrescTable                            0x20000020   Data          16  system_stm32f10x.o(.data)
    key_wakeup                               0x20000030   Data           1  exti.o(.data)
    Scan_Wtime                               0x20000033   Data           1  sim800c.o(.data)
    USART2_RX_STA                            0x20000036   Data           2  usart2.o(.data)
    USART_RX_STA                             0x2000003c   Data           2  usart.o(.data)
    __stdout                                 0x20000040   Data           4  usart.o(.data)
    pxCurrentTCB                             0x20000058   Data           4  tasks.o(.data)
    hashtable_seed                           0x200000ec   Data           4  hashtable_seed.o(.data)
    __microlib_freelist                      0x200000f4   Data           4  mvars.o(.data)
    __microlib_freelist_initialised          0x200000f8   Data           4  mvars.o(.data)
    USART2_TX_BUF                            0x20000100   Data        1024  usart2.o(.bss)
    USART2_RX_BUF                            0x20000500   Data        1024  usart2.o(.bss)
    USART_RX_BUF                             0x20000900   Data         200  usart.o(.bss)
    xQueueRegistry                           0x200009c8   Data          64  queue.o(.bss)
    __heap_base                              0x20005d18   Data           0  startup_stm32f10x_hd.o(HEAP)
    __heap_limit                             0x20006918   Data           0  startup_stm32f10x_hd.o(HEAP)
    __initial_sp                             0x20006d18   Data           0  startup_stm32f10x_hd.o(STACK)



==============================================================================

Memory Map of the image

  Image Entry point : 0x08000131

  Load Region LR_IROM1 (Base: 0x08000000, Size: 0x0000a184, Max: 0x00040000, ABSOLUTE)

    Execution Region ER_IROM1 (Base: 0x08000000, Size: 0x0000a088, Max: 0x00040000, ABSOLUTE)

    Base Addr    Size         Type   Attr      Idx    E Section Name        Object

    0x08000000   0x00000130   Data   RO          513    RESET               startup_stm32f10x_hd.o
    0x08000130   0x00000000   Code   RO         2011  * .ARM.Collect$$$$00000000  mc_w.l(entry.o)
    0x08000130   0x00000004   Code   RO         2386    .ARM.Collect$$$$00000001  mc_w.l(entry2.o)
    0x08000134   0x00000004   Code   RO         2389    .ARM.Collect$$$$00000004  mc_w.l(entry5.o)
    0x08000138   0x00000000   Code   RO         2391    .ARM.Collect$$$$00000008  mc_w.l(entry7b.o)
    0x08000138   0x00000000   Code   RO         2393    .ARM.Collect$$$$0000000A  mc_w.l(entry8b.o)
    0x08000138   0x00000008   Code   RO         2394    .ARM.Collect$$$$0000000B  mc_w.l(entry9a.o)
    0x08000140   0x00000000   Code   RO         2396    .ARM.Collect$$$$0000000D  mc_w.l(entry10a.o)
    0x08000140   0x00000000   Code   RO         2398    .ARM.Collect$$$$0000000F  mc_w.l(entry11a.o)
    0x08000140   0x00000004   Code   RO         2387    .ARM.Collect$$$$00002712  mc_w.l(entry2.o)
    0x08000144   0x00000096   Code   RO          731    .emb_text           port.o
    0x080001da   0x00000002   PAD
    0x080001dc   0x0000043c   Code   RO            1    .text               main.o
    0x08000618   0x0000000c   Code   RO          188    .text               stm32f10x_it.o
    0x08000624   0x00000158   Code   RO          229    .text               system_stm32f10x.o
    0x0800077c   0x00000054   Code   RO          247    .text               led.o
    0x080007d0   0x00000128   Code   RO          290    .text               timer.o
    0x080008f8   0x000001b4   Code   RO          306    .text               exti.o
    0x08000aac   0x0000013c   Code   RO          328    .text               key.o
    0x08000be8   0x000000d8   Code   RO          341    .text               hx711.o
    0x08000cc0   0x0000002c   Code   RO          353    .text               motor.o
    0x08000cec   0x00000560   Code   RO          365    .text               sim800c.o
    0x0800124c   0x000002b4   Code   RO          389    .text               usart2.o
    0x08001500   0x000000d8   Code   RO          409    .text               hx711_left.o
    0x080015d8   0x000000d8   Code   RO          421    .text               hx711_right.o
    0x080016b0   0x000000d8   Code   RO          433    .text               delay.o
    0x08001788   0x00000114   Code   RO          474    .text               usart.o
    0x0800189c   0x00000024   Code   RO          514    .text               startup_stm32f10x_hd.o
    0x080018c0   0x000000b0   Code   RO          518    .text               misc.o
    0x08001970   0x00000264   Code   RO          530    .text               stm32f10x_gpio.o
    0x08001bd4   0x000002b8   Code   RO          542    .text               stm32f10x_rcc.o
    0x08001e8c   0x00000328   Code   RO          556    .text               stm32f10x_usart.o
    0x080021b4   0x00000af0   Code   RO          568    .text               stm32f10x_tim.o
    0x08002ca4   0x000000e8   Code   RO          581    .text               stm32f10x_exti.o
    0x08002d8c   0x000001c8   Code   RO          593    .text               stm32f10x_dma.o
    0x08002f54   0x00000088   Code   RO          650    .text               list.o
    0x08002fdc   0x00000aac   Code   RO          662    .text               queue.o
    0x08003a88   0x0000134c   Code   RO          684    .text               tasks.o
    0x08004dd4   0x00000518   Code   RO          716    .text               timers.o
    0x080052ec   0x000001f8   Code   RO          732    .text               port.o
    0x080054e4   0x00000214   Code   RO          762    .text               heap_4.o
    0x080056f8   0x00000004   Code   RO          801    .text               jansson_config.o
    0x080056fc   0x0000002c   Code   RO         2034    .text               mc_w.l(uidiv.o)
    0x08005728   0x0000009c   Code   RO         2036    .text               mc_w.l(qsort.o)
    0x080057c4   0x00000040   Code   RO         2042    .text               mc_w.l(memmovea.o)
    0x08005804   0x00000024   Code   RO         2044    .text               mc_w.l(memseta.o)
    0x08005828   0x00000024   Code   RO         2046    .text               mc_w.l(strstr.o)
    0x0800584c   0x00000014   Code   RO         2048    .text               mc_w.l(strchr.o)
    0x08005860   0x0000000e   Code   RO         2050    .text               mc_w.l(strlen.o)
    0x0800586e   0x0000001c   Code   RO         2052    .text               mc_w.l(strcmp.o)
    0x0800588a   0x00000014   Code   RO         2054    .text               mc_w.l(memchr.o)
    0x0800589e   0x00000012   Code   RO         2058    .text               mc_w.l(strcpy.o)
    0x080058b0   0x00000004   Code   RO         2362    .text               mc_w.l(strtoll.o)
    0x080058b4   0x000000b0   Code   RO         2364    .text               mf_w.l(fadd.o)
    0x08005964   0x000000e4   Code   RO         2366    .text               mf_w.l(dmul.o)
    0x08005a48   0x000000de   Code   RO         2368    .text               mf_w.l(ddiv.o)
    0x08005b26   0x0000000a   Code   RO         2370    .text               mf_w.l(ffltui.o)
    0x08005b30   0x00000028   Code   RO         2374    .text               mf_w.l(dfltl.o)
    0x08005b58   0x00000042   Code   RO         2376    .text               mf_w.l(ffixl.o)
    0x08005b9a   0x00000026   Code   RO         2380    .text               mf_w.l(f2d.o)
    0x08005bc0   0x00000030   Code   RO         2382    .text               mf_w.l(cdcmple.o)
    0x08005bf0   0x00000038   Code   RO         2384    .text               mf_w.l(d2f.o)
    0x08005c28   0x00000062   Code   RO         2401    .text               mc_w.l(uldiv.o)
    0x08005c8a   0x0000001e   Code   RO         2403    .text               mc_w.l(llshl.o)
    0x08005ca8   0x00000020   Code   RO         2405    .text               mc_w.l(llushr.o)
    0x08005cc8   0x0000009c   Code   RO         2409    .text               mc_w.l(strtod.o)
    0x08005d64   0x00000090   Code   RO         2411    .text               mc_w.l(__strtoll.o)
    0x08005df4   0x00000000   Code   RO         2413    .text               mc_w.l(iusefp.o)
    0x08005df4   0x0000006e   Code   RO         2415    .text               mf_w.l(fepilogue.o)
    0x08005e62   0x000000ba   Code   RO         2417    .text               mf_w.l(depilogue.o)
    0x08005f1c   0x0000014e   Code   RO         2419    .text               mf_w.l(dadd.o)
    0x0800606a   0x00000030   Code   RO         2421    .text               mf_w.l(dfixul.o)
    0x0800609a   0x00000002   PAD
    0x0800609c   0x00000030   Code   RO         2423    .text               mf_w.l(cdrcmple.o)
    0x080060cc   0x00000024   Code   RO         2425    .text               mc_w.l(init.o)
    0x080060f0   0x00000024   Code   RO         2427    .text               mc_w.l(llsshr.o)
    0x08006114   0x00000008   Code   RO         2431    .text               mc_w.l(ctype_o.o)
    0x0800611c   0x00000012   Code   RO         2453    .text               mc_w.l(isspace_o.o)
    0x0800612e   0x00000002   PAD
    0x08006130   0x00000338   Code   RO         2459    .text               mc_w.l(scanf_fp.o)
    0x08006468   0x00000040   Code   RO         2463    .text               mc_w.l(_sgetc.o)
    0x080064a8   0x000000c2   Code   RO         2465    .text               mc_w.l(_strtoull.o)
    0x0800656a   0x0000001c   Code   RO         2470    .text               mc_w.l(_chval.o)
    0x08006586   0x00000018   Code   RO         2472    .text               mf_w.l(dfltul.o)
    0x0800659e   0x00000002   PAD
    0x080065a0   0x00000020   Code   RO         2299    i.__0printf         mc_w.l(printfa.o)
    0x080065c0   0x00000030   Code   RO         2300    i.__0snprintf       mc_w.l(printfa.o)
    0x080065f0   0x00000028   Code   RO         2301    i.__0sprintf        mc_w.l(printfa.o)
    0x08006618   0x0000002c   Code   RO         2304    i.__0vsnprintf      mc_w.l(printfa.o)
    0x08006644   0x00000024   Code   RO         2305    i.__0vsprintf       mc_w.l(printfa.o)
    0x08006668   0x0000001a   Code   RO          875    i.__ARM_common_switch8  jansson_CM3LE.lib(dump.o)
    0x08006682   0x00000016   Code   RO         1568    i.__ARM_isinf       jansson_CM3LE.lib(value.o)
    0x08006698   0x00000018   Code   RO         1573    i.__ARM_isnan       jansson_CM3LE.lib(value.o)
    0x080066b0   0x00000008   Code   RO         2355    i.__aeabi_errno_addr  mc_w.l(errno.o)
    0x080066b8   0x0000000e   Code   RO         2476    i.__scatterload_copy  mc_w.l(handlers.o)
    0x080066c6   0x00000002   Code   RO         2477    i.__scatterload_null  mc_w.l(handlers.o)
    0x080066c8   0x0000000e   Code   RO         2478    i.__scatterload_zeroinit  mc_w.l(handlers.o)
    0x080066d6   0x00000002   PAD
    0x080066d8   0x00000184   Code   RO         2306    i._fp_digits        mc_w.l(printfa.o)
    0x0800685c   0x0000000e   Code   RO         2461    i._is_digit         mc_w.l(scanf_fp.o)
    0x0800686a   0x00000002   PAD
    0x0800686c   0x000006dc   Code   RO         2307    i._printf_core      mc_w.l(printfa.o)
    0x08006f48   0x00000024   Code   RO         2308    i._printf_post_padding  mc_w.l(printfa.o)
    0x08006f6c   0x0000002e   Code   RO         2309    i._printf_pre_padding  mc_w.l(printfa.o)
    0x08006f9a   0x00000016   Code   RO         2310    i._snputc           mc_w.l(printfa.o)
    0x08006fb0   0x0000000a   Code   RO         2311    i._sputc            mc_w.l(printfa.o)
    0x08006fba   0x00000018   Code   RO         1222    i.array_copy        jansson_CM3LE.lib(value.o)
    0x08006fd2   0x00000016   Code   RO         1662    i.bucket_is_empty   jansson_CM3LE.lib(hashtable.o)
    0x08006fe8   0x0000004c   Code   RO          923    i.decode_unicode_escape  jansson_CM3LE.lib(load.o)
    0x08007034   0x00000394   Code   RO          813    i.do_dump           jansson_CM3LE.lib(dump.o)
    0x080073c8   0x00000060   Code   RO          814    i.dump_indent       jansson_CM3LE.lib(dump.o)
    0x08007428   0x0000014c   Code   RO          815    i.dump_string       jansson_CM3LE.lib(dump.o)
    0x08007574   0x00000010   Code   RO          817    i.dump_to_strbuffer  jansson_CM3LE.lib(dump.o)
    0x08007584   0x000000c0   Code   RO          924    i.error_set         jansson_CM3LE.lib(load.o)
    0x08007644   0x00000050   Code   RO         2327    i.free              mc_w.l(malloc.o)
    0x08007694   0x00000144   Code   RO         1663    i.hashlittle        jansson_CM3LE.lib(hashtable.o)
    0x080077d8   0x00000034   Code   RO         1664    i.hashtable_clear   jansson_CM3LE.lib(hashtable.o)
    0x0800780c   0x00000010   Code   RO         1665    i.hashtable_close   jansson_CM3LE.lib(hashtable.o)
    0x0800781c   0x00000022   Code   RO         1667    i.hashtable_do_clear  jansson_CM3LE.lib(hashtable.o)
    0x0800783e   0x00000076   Code   RO         1669    i.hashtable_do_rehash  jansson_CM3LE.lib(hashtable.o)
    0x080078b4   0x0000003c   Code   RO         1670    i.hashtable_find_pair  jansson_CM3LE.lib(hashtable.o)
    0x080078f0   0x00000040   Code   RO         1671    i.hashtable_get     jansson_CM3LE.lib(hashtable.o)
    0x08007930   0x00000048   Code   RO         1672    i.hashtable_init    jansson_CM3LE.lib(hashtable.o)
    0x08007978   0x0000000c   Code   RO         1673    i.hashtable_iter    jansson_CM3LE.lib(hashtable.o)
    0x08007984   0x00000004   Code   RO         1675    i.hashtable_iter_key  jansson_CM3LE.lib(hashtable.o)
    0x08007988   0x0000000e   Code   RO         1676    i.hashtable_iter_next  jansson_CM3LE.lib(hashtable.o)
    0x08007996   0x00000004   Code   RO         1677    i.hashtable_iter_serial  jansson_CM3LE.lib(hashtable.o)
    0x0800799a   0x00000004   Code   RO         1679    i.hashtable_iter_value  jansson_CM3LE.lib(hashtable.o)
    0x0800799e   0x00000002   PAD
    0x080079a0   0x000000ac   Code   RO         1680    i.hashtable_set     jansson_CM3LE.lib(hashtable.o)
    0x08007a4c   0x0000002a   Code   RO         1681    i.insert_to_bucket  jansson_CM3LE.lib(hashtable.o)
    0x08007a76   0x00000036   Code   RO         1224    i.json_array        jansson_CM3LE.lib(value.o)
    0x08007aac   0x00000048   Code   RO         1225    i.json_array_append_new  jansson_CM3LE.lib(value.o)
    0x08007af4   0x0000001c   Code   RO         1228    i.json_array_get    jansson_CM3LE.lib(value.o)
    0x08007b10   0x0000004c   Code   RO         1229    i.json_array_grow   jansson_CM3LE.lib(value.o)
    0x08007b5c   0x00000012   Code   RO         1233    i.json_array_size   jansson_CM3LE.lib(value.o)
    0x08007b6e   0x00000018   Code   RO          925    i.json_decref       jansson_CM3LE.lib(load.o)
    0x08007b86   0x00000018   Code   RO         1087    i.json_decref       jansson_CM3LE.lib(pack_unpack.o)
    0x08007b9e   0x00000018   Code   RO         1235    i.json_decref       jansson_CM3LE.lib(value.o)
    0x08007bb6   0x00000018   Code   RO         1682    i.json_decref       jansson_CM3LE.lib(hashtable.o)
    0x08007bce   0x00000054   Code   RO         1237    i.json_delete       jansson_CM3LE.lib(value.o)
    0x08007c22   0x0000002a   Code   RO          818    i.json_dump_callback  jansson_CM3LE.lib(dump.o)
    0x08007c4c   0x00000044   Code   RO          821    i.json_dumps        jansson_CM3LE.lib(dump.o)
    0x08007c90   0x00000008   Code   RO         1239    i.json_false        jansson_CM3LE.lib(value.o)
    0x08007c98   0x00000010   Code   RO          926    i.json_incref       jansson_CM3LE.lib(load.o)
    0x08007ca8   0x00000010   Code   RO         1088    i.json_incref       jansson_CM3LE.lib(pack_unpack.o)
    0x08007cb8   0x0000001c   Code   RO         1241    i.json_integer      jansson_CM3LE.lib(value.o)
    0x08007cd4   0x00000018   Code   RO         1243    i.json_integer_value  jansson_CM3LE.lib(value.o)
    0x08007cec   0x00000074   Code   RO          931    i.json_loads        jansson_CM3LE.lib(load.o)
    0x08007d60   0x00000008   Code   RO         1244    i.json_null         jansson_CM3LE.lib(value.o)
    0x08007d68   0x00000026   Code   RO         1245    i.json_number_value  jansson_CM3LE.lib(value.o)
    0x08007d8e   0x00000002   PAD
    0x08007d90   0x0000004c   Code   RO         1246    i.json_object       jansson_CM3LE.lib(value.o)
    0x08007ddc   0x00000020   Code   RO         1247    i.json_object_clear  jansson_CM3LE.lib(value.o)
    0x08007dfc   0x0000001c   Code   RO         1251    i.json_object_get   jansson_CM3LE.lib(value.o)
    0x08007e18   0x00000018   Code   RO         1252    i.json_object_iter  jansson_CM3LE.lib(value.o)
    0x08007e30   0x0000000c   Code   RO         1254    i.json_object_iter_key  jansson_CM3LE.lib(value.o)
    0x08007e3c   0x0000001c   Code   RO         1255    i.json_object_iter_next  jansson_CM3LE.lib(value.o)
    0x08007e58   0x0000000c   Code   RO         1257    i.json_object_iter_value  jansson_CM3LE.lib(value.o)
    0x08007e64   0x00000008   Code   RO         1258    i.json_object_key_to_iter  jansson_CM3LE.lib(value.o)
    0x08007e6c   0x00000028   Code   RO         1989    i.json_object_seed  jansson_CM3LE.lib(hashtable_seed.o)
    0x08007e94   0x00000034   Code   RO         1259    i.json_object_set_new  jansson_CM3LE.lib(value.o)
    0x08007ec8   0x00000040   Code   RO         1260    i.json_object_set_new_nocheck  jansson_CM3LE.lib(value.o)
    0x08007f08   0x00000012   Code   RO         1262    i.json_object_size  jansson_CM3LE.lib(value.o)
    0x08007f1a   0x00000018   Code   RO         1089    i.json_pack         jansson_CM3LE.lib(pack_unpack.o)
    0x08007f32   0x00000034   Code   RO         1266    i.json_real         jansson_CM3LE.lib(value.o)
    0x08007f66   0x00000018   Code   RO         1268    i.json_real_value   jansson_CM3LE.lib(value.o)
    0x08007f7e   0x00000012   Code   RO         1271    i.json_string_length  jansson_CM3LE.lib(value.o)
    0x08007f90   0x00000012   Code   RO         1277    i.json_string_value  jansson_CM3LE.lib(value.o)
    0x08007fa2   0x0000000a   Code   RO         1279    i.json_stringn_nocheck  jansson_CM3LE.lib(value.o)
    0x08007fac   0x00000008   Code   RO         1280    i.json_true         jansson_CM3LE.lib(value.o)
    0x08007fb4   0x0000001a   Code   RO         1091    i.json_unpack       jansson_CM3LE.lib(pack_unpack.o)
    0x08007fce   0x00000002   PAD
    0x08007fd0   0x000000c4   Code   RO         1093    i.json_vpack_ex     jansson_CM3LE.lib(pack_unpack.o)
    0x08008094   0x000000f0   Code   RO         1094    i.json_vunpack_ex   jansson_CM3LE.lib(pack_unpack.o)
    0x08008184   0x000000a0   Code   RO         1925    i.jsonp_dtostr      jansson_CM3LE.lib(strconv.o)
    0x08008224   0x00000022   Code   RO         1617    i.jsonp_error_init  jansson_CM3LE.lib(error.o)
    0x08008246   0x00000010   Code   RO         1618    i.jsonp_error_set   jansson_CM3LE.lib(error.o)
    0x08008256   0x00000002   PAD
    0x08008258   0x0000003c   Code   RO         1619    i.jsonp_error_set_source  jansson_CM3LE.lib(error.o)
    0x08008294   0x0000002c   Code   RO         1620    i.jsonp_error_vset  jansson_CM3LE.lib(error.o)
    0x080082c0   0x00000010   Code   RO         1820    i.jsonp_free        jansson_CM3LE.lib(memory.o)
    0x080082d0   0x00000010   Code   RO         1821    i.jsonp_malloc      jansson_CM3LE.lib(memory.o)
    0x080082e0   0x00000012   Code   RO         1822    i.jsonp_strdup      jansson_CM3LE.lib(memory.o)
    0x080082f2   0x0000000a   Code   RO         1281    i.jsonp_stringn_nocheck_own  jansson_CM3LE.lib(value.o)
    0x080082fc   0x00000024   Code   RO         1823    i.jsonp_strndup     jansson_CM3LE.lib(memory.o)
    0x08008320   0x00000064   Code   RO         1926    i.jsonp_strtod      jansson_CM3LE.lib(strconv.o)
    0x08008384   0x0000001c   Code   RO          932    i.lex_close         jansson_CM3LE.lib(load.o)
    0x080083a0   0x00000012   Code   RO          933    i.lex_free_string   jansson_CM3LE.lib(load.o)
    0x080083b2   0x00000008   Code   RO          934    i.lex_get           jansson_CM3LE.lib(load.o)
    0x080083ba   0x0000001e   Code   RO          935    i.lex_get_save      jansson_CM3LE.lib(load.o)
    0x080083d8   0x00000030   Code   RO          936    i.lex_init          jansson_CM3LE.lib(load.o)
    0x08008408   0x0000000c   Code   RO          937    i.lex_save          jansson_CM3LE.lib(load.o)
    0x08008414   0x00000138   Code   RO          938    i.lex_scan          jansson_CM3LE.lib(load.o)
    0x0800854c   0x0000018c   Code   RO          939    i.lex_scan_number   jansson_CM3LE.lib(load.o)
    0x080086d8   0x00000288   Code   RO          940    i.lex_scan_string   jansson_CM3LE.lib(load.o)
    0x08008960   0x00000026   Code   RO          941    i.lex_unget_unsave  jansson_CM3LE.lib(load.o)
    0x08008986   0x0000000e   Code   RO         1683    i.list_insert       jansson_CM3LE.lib(hashtable.o)
    0x08008994   0x0000006c   Code   RO         2328    i.malloc            mc_w.l(malloc.o)
    0x08008a00   0x00000080   Code   RO         1095    i.next_token        jansson_CM3LE.lib(pack_unpack.o)
    0x08008a80   0x0000000c   Code   RO          822    i.object_key_compare_keys  jansson_CM3LE.lib(dump.o)
    0x08008a8c   0x0000001a   Code   RO          823    i.object_key_compare_serials  jansson_CM3LE.lib(dump.o)
    0x08008aa6   0x00000002   PAD
    0x08008aa8   0x00000118   Code   RO         1096    i.pack              jansson_CM3LE.lib(pack_unpack.o)
    0x08008bc0   0x000000b0   Code   RO         1097    i.pack_array        jansson_CM3LE.lib(pack_unpack.o)
    0x08008c70   0x00000130   Code   RO         1098    i.pack_object       jansson_CM3LE.lib(pack_unpack.o)
    0x08008da0   0x00000094   Code   RO          942    i.parse_array       jansson_CM3LE.lib(load.o)
    0x08008e34   0x00000094   Code   RO          943    i.parse_json        jansson_CM3LE.lib(load.o)
    0x08008ec8   0x00000180   Code   RO          944    i.parse_object      jansson_CM3LE.lib(load.o)
    0x08009048   0x00000140   Code   RO          945    i.parse_value       jansson_CM3LE.lib(load.o)
    0x08009188   0x00000014   Code   RO         1099    i.prev_token        jansson_CM3LE.lib(pack_unpack.o)
    0x0800919c   0x0000015c   Code   RO         1100    i.read_string       jansson_CM3LE.lib(pack_unpack.o)
    0x080092f8   0x0000002c   Code   RO         1101    i.scanner_init      jansson_CM3LE.lib(pack_unpack.o)
    0x08009324   0x0000002c   Code   RO         1102    i.set_error         jansson_CM3LE.lib(pack_unpack.o)
    0x08009350   0x0000000c   Code   RO         1866    i.strbuffer_append_byte  jansson_CM3LE.lib(strbuffer.o)
    0x0800935c   0x00000070   Code   RO         1867    i.strbuffer_append_bytes  jansson_CM3LE.lib(strbuffer.o)
    0x080093cc   0x0000000a   Code   RO         1868    i.strbuffer_clear   jansson_CM3LE.lib(strbuffer.o)
    0x080093d6   0x00000018   Code   RO         1869    i.strbuffer_close   jansson_CM3LE.lib(strbuffer.o)
    0x080093ee   0x00000022   Code   RO         1870    i.strbuffer_init    jansson_CM3LE.lib(strbuffer.o)
    0x08009410   0x00000018   Code   RO         1871    i.strbuffer_pop     jansson_CM3LE.lib(strbuffer.o)
    0x08009428   0x0000000a   Code   RO         1872    i.strbuffer_steal_value  jansson_CM3LE.lib(strbuffer.o)
    0x08009432   0x00000004   Code   RO         1873    i.strbuffer_value   jansson_CM3LE.lib(strbuffer.o)
    0x08009436   0x00000002   PAD
    0x08009438   0x000000e4   Code   RO          946    i.stream_get        jansson_CM3LE.lib(load.o)
    0x0800951c   0x0000004a   Code   RO          947    i.stream_unget      jansson_CM3LE.lib(load.o)
    0x08009566   0x0000003e   Code   RO         1282    i.string_create     jansson_CM3LE.lib(value.o)
    0x080095a4   0x00000018   Code   RO          948    i.string_get        jansson_CM3LE.lib(load.o)
    0x080095bc   0x0000001c   Code   RO         2008    i.strtod            m_ws.l(strtod.o)
    0x080095d8   0x00000334   Code   RO         1103    i.unpack            jansson_CM3LE.lib(pack_unpack.o)
    0x0800990c   0x000001dc   Code   RO         1104    i.unpack_array      jansson_CM3LE.lib(pack_unpack.o)
    0x08009ae8   0x000002a8   Code   RO         1105    i.unpack_object     jansson_CM3LE.lib(pack_unpack.o)
    0x08009d90   0x0000003c   Code   RO         1953    i.utf8_check_first  jansson_CM3LE.lib(utf.o)
    0x08009dcc   0x00000088   Code   RO         1954    i.utf8_check_full   jansson_CM3LE.lib(utf.o)
    0x08009e54   0x0000003e   Code   RO         1955    i.utf8_check_string  jansson_CM3LE.lib(utf.o)
    0x08009e92   0x00000002   PAD
    0x08009e94   0x0000007c   Code   RO         1956    i.utf8_encode       jansson_CM3LE.lib(utf.o)
    0x08009f10   0x00000040   Code   RO         1957    i.utf8_iterate      jansson_CM3LE.lib(utf.o)
    0x08009f50   0x00000021   Data   RO          824    .constdata          jansson_CM3LE.lib(dump.o)
    0x08009f71   0x00000003   PAD
    0x08009f74   0x0000002c   Data   RO         1106    .constdata          jansson_CM3LE.lib(pack_unpack.o)
    0x08009fa0   0x00000081   Data   RO         2432    .constdata          mc_w.l(ctype_o.o)
    0x0800a021   0x00000003   PAD
    0x0800a024   0x00000004   Data   RO         2433    .constdata          mc_w.l(ctype_o.o)
    0x0800a028   0x0000003e   Data   RO         1107    .conststring        jansson_CM3LE.lib(pack_unpack.o)
    0x0800a066   0x00000002   PAD
    0x0800a068   0x00000020   Data   RO         2474    Region$$Table       anon$$obj.o


    Execution Region RW_IRAM1 (Base: 0x20000000, Size: 0x00006d18, Max: 0x0000c000, ABSOLUTE)

    Base Addr    Size         Type   Attr      Idx    E Section Name        Object

    0x20000000   0x0000001c   Data   RW            2    .data               main.o
    0x2000001c   0x00000014   Data   RW          230    .data               system_stm32f10x.o
    0x20000030   0x00000001   Data   RW          307    .data               exti.o
    0x20000031   0x00000002   Data   RW          329    .data               key.o
    0x20000033   0x00000001   Data   RW          366    .data               sim800c.o
    0x20000034   0x00000004   Data   RW          391    .data               usart2.o
    0x20000038   0x00000004   Data   RW          434    .data               delay.o
    0x2000003c   0x00000002   Data   RW          476    .data               usart.o
    0x2000003e   0x00000002   PAD
    0x20000040   0x00000004   Data   RW          477    .data               usart.o
    0x20000044   0x00000014   Data   RW          543    .data               stm32f10x_rcc.o
    0x20000058   0x0000003c   Data   RW          686    .data               tasks.o
    0x20000094   0x00000014   Data   RW          718    .data               timers.o
    0x200000a8   0x0000000c   Data   RW          733    .data               port.o
    0x200000b4   0x00000018   Data   RW          764    .data               heap_4.o
    0x200000cc   0x00000018   Data   RW         1283    .data               jansson_CM3LE.lib(value.o)
    0x200000e4   0x00000008   Data   RW         1824    .data               jansson_CM3LE.lib(memory.o)
    0x200000ec   0x00000004   Data   RW         1990    .data               jansson_CM3LE.lib(hashtable_seed.o)
    0x200000f0   0x00000004   Data   RW         2358    .data               mc_w.l(errno.o)
    0x200000f4   0x00000004   Data   RW         2407    .data               mc_w.l(mvars.o)
    0x200000f8   0x00000004   Data   RW         2408    .data               mc_w.l(mvars.o)
    0x200000fc   0x00000004   PAD
    0x20000100   0x00000800   Zero   RW          390    .bss                usart2.o
    0x20000900   0x000000c8   Zero   RW          475    .bss                usart.o
    0x200009c8   0x00000040   Zero   RW          663    .bss                queue.o
    0x20000a08   0x000002e4   Zero   RW          685    .bss                tasks.o
    0x20000cec   0x00000028   Zero   RW          717    .bss                timers.o
    0x20000d14   0x00005000   Zero   RW          763    .bss                heap_4.o
    0x20005d14   0x00000004   PAD
    0x20005d18   0x00000c00   Zero   RW          512    HEAP                startup_stm32f10x_hd.o
    0x20006918   0x00000400   Zero   RW          511    STACK               startup_stm32f10x_hd.o


==============================================================================

Image component sizes


      Code (inc. data)   RO Data    RW Data    ZI Data      Debug   Object Name

       216         12          0          4          0       1633   delay.o
         0          0          0          0          0      10328   event_groups.o
       436         64          0          1          0       1479   exti.o
       532         66          0         24      20480       3436   heap_4.o
       216          6          0          0          0        816   hx711.o
       216          6          0          0          0        846   hx711_left.o
       216          6          0          0          0        852   hx711_right.o
         4          0          0          0          0        874   jansson_config.o
       316         16          0          2          0       1186   key.o
         0          0          0          0          0       1452   lcd.o
        84         10          0          0          0        507   led.o
       136          0          0          0          0       1818   list.o
      1084        304          0         28          0     282516   main.o
       176         14          0          0          0       1913   misc.o
        44         14          0          0          0        553   motor.o
       654         94          0         12          0       7721   port.o
      2732         52          0          0         64      19572   queue.o
      1376        650          0          1          0       7071   sim800c.o
        36          8        304          0       4096        784   startup_stm32f10x_hd.o
       456         10          0          0          0       4666   stm32f10x_dma.o
       232          8          0          0          0       2419   stm32f10x_exti.o
       612         36          0          0          0       6041   stm32f10x_gpio.o
        12          0          0          0          0        895   stm32f10x_it.o
       696         32          0         20          0       9020   stm32f10x_rcc.o
      2800         84          0          0          0      23978   stm32f10x_tim.o
       808         22          0          0          0       8900   stm32f10x_usart.o
         0          0          0          0          0         32   sys.o
       344         34          0         20          0       1795   system_stm32f10x.o
      4940        180          0         60        740      33354   tasks.o
       296         48          0          0          0       1294   timer.o
      1304        128          0         20         40       9092   timers.o
       276         16          0          6        200       3266   usart.o
       692         32          0          4       2048       3615   usart2.o

    ----------------------------------------------------------------------
     21944       1952        336        204      27672     453724   Object Totals
         0          0         32          0          0          0   (incl. Generated)
         2          0          0          2          4          0   (incl. Padding)

    ----------------------------------------------------------------------

      Code (inc. data)   RO Data    RW Data    ZI Data      Debug   Library Member Name

      1534        162         33          0          0      17721   dump.o
       154          4          0          0          0       6085   error.o
      1052         32          0          0          0      18271   hashtable.o
        40          6          0          4          0       1280   hashtable_seed.o
      3288        680          0          0          0      19565   load.o
        86          8          0          8          0       6121   memory.o
      3846       1304        106          0          0      18116   pack_unpack.o
       230          4          0          0          0       4952   strbuffer.o
       260         20          0          0          0       1934   strconv.o
       446         14          0          0          0       3830   utf.o
      1088         32          0         24          0      27532   value.o
        28          0          0          0          0         80   strtod.o
       144          0          0          0          0         88   __strtoll.o
        28          0          0          0          0         68   _chval.o
        64          0          0          0          0         84   _sgetc.o
       194          0          0          0          0         96   _strtoull.o
         8          4        133          0          0         68   ctype_o.o
         0          0          0          0          0          0   entry.o
         0          0          0          0          0          0   entry10a.o
         0          0          0          0          0          0   entry11a.o
         8          4          0          0          0          0   entry2.o
         4          0          0          0          0          0   entry5.o
         0          0          0          0          0          0   entry7b.o
         0          0          0          0          0          0   entry8b.o
         8          4          0          0          0          0   entry9a.o
         8          4          0          4          0         68   errno.o
        30          0          0          0          0          0   handlers.o
        36          8          0          0          0         68   init.o
        18          0          0          0          0         76   isspace_o.o
         0          0          0          0          0          0   iusefp.o
        30          0          0          0          0         68   llshl.o
        36          0          0          0          0         68   llsshr.o
        32          0          0          0          0         68   llushr.o
       188         20          0          0          0        160   malloc.o
        20          0          0          0          0         68   memchr.o
        64          0          0          0          0         76   memmovea.o
        36          0          0          0          0        108   memseta.o
         0          0          0          8          0          0   mvars.o
      2458        110          0          0          0        916   printfa.o
       156          0          0          0          0         88   qsort.o
       838         12          0          0          0        216   scanf_fp.o
        20          0          0          0          0         68   strchr.o
        28          0          0          0          0         76   strcmp.o
        18          0          0          0          0         68   strcpy.o
        14          0          0          0          0         68   strlen.o
        36          0          0          0          0         80   strstr.o
       156         12          0          0          0        120   strtod.o
         4          0          0          0          0         68   strtoll.o
        44          0          0          0          0         80   uidiv.o
        98          0          0          0          0         92   uldiv.o
        48          0          0          0          0         68   cdcmple.o
        48          0          0          0          0         68   cdrcmple.o
        56          0          0          0          0         88   d2f.o
       334          0          0          0          0        148   dadd.o
       222          0          0          0          0        100   ddiv.o
       186          0          0          0          0        176   depilogue.o
        48          0          0          0          0         68   dfixul.o
        40          0          0          0          0         80   dfltl.o
        24          0          0          0          0         76   dfltul.o
       228          0          0          0          0         96   dmul.o
        38          0          0          0          0         68   f2d.o
       176          0          0          0          0        140   fadd.o
       110          0          0          0          0        168   fepilogue.o
        66          0          0          0          0         76   ffixl.o
        10          0          0          0          0         68   ffltui.o

    ----------------------------------------------------------------------
     18536       2444        280         48          4     130147   Library Totals
        24          0          8          0          4          0   (incl. Padding)

    ----------------------------------------------------------------------

      Code (inc. data)   RO Data    RW Data    ZI Data      Debug   Library Name

     12024       2266        139         36          0     125407   jansson_CM3LE.lib
        28          0          0          0          0         80   m_ws.l
      4826        178        133         12          0       3172   mc_w.l
      1634          0          0          0          0       1488   mf_w.l

    ----------------------------------------------------------------------
     18536       2444        280         48          4     130147   Library Totals

    ----------------------------------------------------------------------

==============================================================================


      Code (inc. data)   RO Data    RW Data    ZI Data      Debug   

     40480       4396        616        252      27676     572695   Grand Totals
     40480       4396        616        252      27676     572695   ELF Image Totals
     40480       4396        616        252          0          0   ROM Totals

==============================================================================

    Total RO  Size (Code + RO Data)                41096 (  40.13kB)
    Total RW  Size (RW Data + ZI Data)             27928 (  27.27kB)
    Total ROM Size (Code + RO Data + RW Data)      41348 (  40.38kB)

==============================================================================

